../../Model/STM32N6570-DK/network.c:32076:13:LL_ATON_End_EpochBlock_80	192	static
../../Model/STM32N6570-DK/network.c:32014:13:LL_ATON_End_EpochBlock_79	256	static
../../Model/STM32N6570-DK/network.c:31772:13:LL_ATON_End_EpochBlock_75	192	static
../../Model/STM32N6570-DK/network.c:31714:13:LL_ATON_End_EpochBlock_74	200	static
../../Model/STM32N6570-DK/network.c:31950:13:LL_ATON_End_EpochBlock_78	192	static
../../Model/STM32N6570-DK/network.c:31886:13:LL_ATON_End_EpochBlock_77	192	static
../../Model/STM32N6570-DK/network.c:31830:13:LL_ATON_End_EpochBlock_76	104	static
../../Model/STM32N6570-DK/network.c:31682:13:LL_ATON_End_EpochBlock_73	8	static
../../Model/STM32N6570-DK/network.c:31431:13:LL_ATON_End_EpochBlock_72	8	static
../../Model/STM32N6570-DK/network.c:31245:13:LL_ATON_End_EpochBlock_71	8	static
../../Model/STM32N6570-DK/network.c:30711:13:LL_ATON_End_EpochBlock_70	8	static
../../Model/STM32N6570-DK/network.c:30395:13:LL_ATON_End_EpochBlock_69	8	static
../../Model/STM32N6570-DK/network.c:30130:13:LL_ATON_End_EpochBlock_68	8	static
../../Model/STM32N6570-DK/network.c:29816:13:LL_ATON_End_EpochBlock_67	8	static
../../Model/STM32N6570-DK/network.c:29555:13:LL_ATON_End_EpochBlock_66	8	static
../../Model/STM32N6570-DK/network.c:29236:13:LL_ATON_End_EpochBlock_64	8	static
../../Model/STM32N6570-DK/network.c:28880:13:LL_ATON_End_EpochBlock_63	8	static
../../Model/STM32N6570-DK/network.c:28622:13:LL_ATON_End_EpochBlock_62	8	static
../../Model/STM32N6570-DK/network.c:28294:13:LL_ATON_End_EpochBlock_60	8	static
../../Model/STM32N6570-DK/network.c:27770:13:LL_ATON_End_EpochBlock_59	8	static
../../Model/STM32N6570-DK/network.c:27512:13:LL_ATON_End_EpochBlock_58	8	static
../../Model/STM32N6570-DK/network.c:27181:13:LL_ATON_End_EpochBlock_56	8	static
../../Model/STM32N6570-DK/network.c:26554:13:LL_ATON_End_EpochBlock_55	8	static
../../Model/STM32N6570-DK/network.c:25756:13:LL_ATON_End_EpochBlock_54	8	static
../../Model/STM32N6570-DK/network.c:25152:13:LL_ATON_End_EpochBlock_53	8	static
../../Model/STM32N6570-DK/network.c:24688:13:LL_ATON_End_EpochBlock_52	8	static
../../Model/STM32N6570-DK/network.c:23886:13:LL_ATON_End_EpochBlock_51	8	static
../../Model/STM32N6570-DK/network.c:23198:13:LL_ATON_End_EpochBlock_50	8	static
../../Model/STM32N6570-DK/network.c:22734:13:LL_ATON_End_EpochBlock_49	8	static
../../Model/STM32N6570-DK/network.c:21932:13:LL_ATON_End_EpochBlock_48	8	static
../../Model/STM32N6570-DK/network.c:21244:13:LL_ATON_End_EpochBlock_47	8	static
../../Model/STM32N6570-DK/network.c:20780:13:LL_ATON_End_EpochBlock_46	8	static
../../Model/STM32N6570-DK/network.c:19987:13:LL_ATON_End_EpochBlock_45	8	static
../../Model/STM32N6570-DK/network.c:19469:13:LL_ATON_End_EpochBlock_44	8	static
../../Model/STM32N6570-DK/network.c:19008:13:LL_ATON_End_EpochBlock_43	8	static
../../Model/STM32N6570-DK/network.c:18283:13:LL_ATON_End_EpochBlock_42	8	static
../../Model/STM32N6570-DK/network.c:17682:13:LL_ATON_End_EpochBlock_41	8	static
../../Model/STM32N6570-DK/network.c:17222:13:LL_ATON_End_EpochBlock_40	8	static
../../Model/STM32N6570-DK/network.c:16497:13:LL_ATON_End_EpochBlock_39	8	static
../../Model/STM32N6570-DK/network.c:15896:13:LL_ATON_End_EpochBlock_38	8	static
../../Model/STM32N6570-DK/network.c:15436:13:LL_ATON_End_EpochBlock_37	8	static
../../Model/STM32N6570-DK/network.c:14719:13:LL_ATON_End_EpochBlock_36	8	static
../../Model/STM32N6570-DK/network.c:14279:13:LL_ATON_End_EpochBlock_35	8	static
../../Model/STM32N6570-DK/network.c:13946:13:LL_ATON_End_EpochBlock_34	8	static
../../Model/STM32N6570-DK/network.c:13235:13:LL_ATON_End_EpochBlock_33	8	static
../../Model/STM32N6570-DK/network.c:12740:13:LL_ATON_End_EpochBlock_32	8	static
../../Model/STM32N6570-DK/network.c:12216:13:LL_ATON_End_EpochBlock_31	8	static
../../Model/STM32N6570-DK/network.c:11888:13:LL_ATON_End_EpochBlock_30	8	static
../../Model/STM32N6570-DK/network.c:11293:13:LL_ATON_End_EpochBlock_29	8	static
../../Model/STM32N6570-DK/network.c:10769:13:LL_ATON_End_EpochBlock_28	8	static
../../Model/STM32N6570-DK/network.c:10441:13:LL_ATON_End_EpochBlock_27	8	static
../../Model/STM32N6570-DK/network.c:9846:13:LL_ATON_End_EpochBlock_26	8	static
../../Model/STM32N6570-DK/network.c:9321:13:LL_ATON_End_EpochBlock_25	8	static
../../Model/STM32N6570-DK/network.c:8993:13:LL_ATON_End_EpochBlock_24	8	static
../../Model/STM32N6570-DK/network.c:8407:13:LL_ATON_End_EpochBlock_23	8	static
../../Model/STM32N6570-DK/network.c:8053:13:LL_ATON_End_EpochBlock_22	8	static
../../Model/STM32N6570-DK/network.c:7720:13:LL_ATON_End_EpochBlock_21	8	static
../../Model/STM32N6570-DK/network.c:7012:13:LL_ATON_End_EpochBlock_20	8	static
../../Model/STM32N6570-DK/network.c:6573:13:LL_ATON_End_EpochBlock_19	8	static
../../Model/STM32N6570-DK/network.c:6255:13:LL_ATON_End_EpochBlock_18	8	static
../../Model/STM32N6570-DK/network.c:5841:13:LL_ATON_End_EpochBlock_17	8	static
../../Model/STM32N6570-DK/network.c:5403:13:LL_ATON_End_EpochBlock_16	8	static
../../Model/STM32N6570-DK/network.c:5085:13:LL_ATON_End_EpochBlock_15	8	static
../../Model/STM32N6570-DK/network.c:4675:13:LL_ATON_End_EpochBlock_14	8	static
../../Model/STM32N6570-DK/network.c:4321:13:LL_ATON_End_EpochBlock_13	8	static
../../Model/STM32N6570-DK/network.c:4007:13:LL_ATON_End_EpochBlock_12	8	static
../../Model/STM32N6570-DK/network.c:3676:13:LL_ATON_End_EpochBlock_11	8	static
../../Model/STM32N6570-DK/network.c:3067:13:LL_ATON_End_EpochBlock_10	8	static
../../Model/STM32N6570-DK/network.c:2753:13:LL_ATON_End_EpochBlock_9	8	static
../../Model/STM32N6570-DK/network.c:2423:13:LL_ATON_End_EpochBlock_8	8	static
../../Model/STM32N6570-DK/network.c:1901:13:LL_ATON_End_EpochBlock_7	8	static
../../Model/STM32N6570-DK/network.c:1585:13:LL_ATON_End_EpochBlock_6	8	static
../../Model/STM32N6570-DK/network.c:1264:13:LL_ATON_End_EpochBlock_5	8	static
../../Model/STM32N6570-DK/network.c:912:13:LL_ATON_End_EpochBlock_4	8	static
../../Model/STM32N6570-DK/network.c:599:13:LL_ATON_End_EpochBlock_3	8	static
../../Model/STM32N6570-DK/network.c:289:13:LL_ATON_End_EpochBlock_2	8	static
../../Model/STM32N6570-DK/network.c:31459:13:LL_ATON_Start_EpochBlock_73	8	static
../../Model/STM32N6570-DK/network.c:29378:13:LL_ATON_Start_EpochBlock_66	8	static
../../Model/STM32N6570-DK/network.c:28446:13:LL_ATON_Start_EpochBlock_62	8	static
../../Model/STM32N6570-DK/network.c:27337:13:LL_ATON_Start_EpochBlock_58	8	static
../../Model/STM32N6570-DK/network.c:143:13:LL_ATON_Start_EpochBlock_2	8	static
../../Model/STM32N6570-DK/network.c:31292:13:LL_ATON_Start_EpochBlock_72	8	static
../../Model/STM32N6570-DK/network.c:30745:13:LL_ATON_Start_EpochBlock_71	8	static
../../Model/STM32N6570-DK/network.c:30427:13:LL_ATON_Start_EpochBlock_70	8	static
../../Model/STM32N6570-DK/network.c:30164:13:LL_ATON_Start_EpochBlock_69	8	static
../../Model/STM32N6570-DK/network.c:29848:13:LL_ATON_Start_EpochBlock_68	8	static
../../Model/STM32N6570-DK/network.c:29585:13:LL_ATON_Start_EpochBlock_67	8	static
../../Model/STM32N6570-DK/network.c:28912:13:LL_ATON_Start_EpochBlock_64	8	static
../../Model/STM32N6570-DK/network.c:28652:13:LL_ATON_Start_EpochBlock_63	8	static
../../Model/STM32N6570-DK/network.c:27802:13:LL_ATON_Start_EpochBlock_60	8	static
../../Model/STM32N6570-DK/network.c:27542:13:LL_ATON_Start_EpochBlock_59	8	static
../../Model/STM32N6570-DK/network.c:26613:13:LL_ATON_Start_EpochBlock_56	8	static
../../Model/STM32N6570-DK/network.c:25807:13:LL_ATON_Start_EpochBlock_55	8	static
../../Model/STM32N6570-DK/network.c:25192:13:LL_ATON_Start_EpochBlock_54	8	static
../../Model/STM32N6570-DK/network.c:24747:13:LL_ATON_Start_EpochBlock_53	8	static
../../Model/STM32N6570-DK/network.c:23941:13:LL_ATON_Start_EpochBlock_52	8	static
../../Model/STM32N6570-DK/network.c:23238:13:LL_ATON_Start_EpochBlock_51	8	static
../../Model/STM32N6570-DK/network.c:22793:13:LL_ATON_Start_EpochBlock_50	8	static
../../Model/STM32N6570-DK/network.c:21987:13:LL_ATON_Start_EpochBlock_49	8	static
../../Model/STM32N6570-DK/network.c:21284:13:LL_ATON_Start_EpochBlock_48	8	static
../../Model/STM32N6570-DK/network.c:20839:13:LL_ATON_Start_EpochBlock_47	8	static
../../Model/STM32N6570-DK/network.c:20033:13:LL_ATON_Start_EpochBlock_46	8	static
../../Model/STM32N6570-DK/network.c:19509:13:LL_ATON_Start_EpochBlock_45	8	static
../../Model/STM32N6570-DK/network.c:19063:13:LL_ATON_Start_EpochBlock_44	8	static
../../Model/STM32N6570-DK/network.c:18333:13:LL_ATON_Start_EpochBlock_43	8	static
../../Model/STM32N6570-DK/network.c:17722:13:LL_ATON_Start_EpochBlock_42	8	static
../../Model/STM32N6570-DK/network.c:17277:13:LL_ATON_Start_EpochBlock_41	8	static
../../Model/STM32N6570-DK/network.c:16547:13:LL_ATON_Start_EpochBlock_40	8	static
../../Model/STM32N6570-DK/network.c:15936:13:LL_ATON_Start_EpochBlock_39	8	static
../../Model/STM32N6570-DK/network.c:15491:13:LL_ATON_Start_EpochBlock_38	8	static
../../Model/STM32N6570-DK/network.c:14761:13:LL_ATON_Start_EpochBlock_37	8	static
../../Model/STM32N6570-DK/network.c:14313:13:LL_ATON_Start_EpochBlock_36	8	static
../../Model/STM32N6570-DK/network.c:14000:13:LL_ATON_Start_EpochBlock_35	8	static
../../Model/STM32N6570-DK/network.c:13280:13:LL_ATON_Start_EpochBlock_34	8	static
../../Model/STM32N6570-DK/network.c:12786:13:LL_ATON_Start_EpochBlock_33	8	static
../../Model/STM32N6570-DK/network.c:12250:13:LL_ATON_Start_EpochBlock_32	8	static
../../Model/STM32N6570-DK/network.c:11937:13:LL_ATON_Start_EpochBlock_31	8	static
../../Model/STM32N6570-DK/network.c:11339:13:LL_ATON_Start_EpochBlock_30	8	static
../../Model/STM32N6570-DK/network.c:10803:13:LL_ATON_Start_EpochBlock_29	8	static
../../Model/STM32N6570-DK/network.c:10490:13:LL_ATON_Start_EpochBlock_28	8	static
../../Model/STM32N6570-DK/network.c:9892:13:LL_ATON_Start_EpochBlock_27	8	static
../../Model/STM32N6570-DK/network.c:9355:13:LL_ATON_Start_EpochBlock_26	8	static
../../Model/STM32N6570-DK/network.c:9042:13:LL_ATON_Start_EpochBlock_25	8	static
../../Model/STM32N6570-DK/network.c:8444:13:LL_ATON_Start_EpochBlock_24	8	static
../../Model/STM32N6570-DK/network.c:8087:13:LL_ATON_Start_EpochBlock_23	8	static
../../Model/STM32N6570-DK/network.c:7773:13:LL_ATON_Start_EpochBlock_22	8	static
../../Model/STM32N6570-DK/network.c:7053:13:LL_ATON_Start_EpochBlock_21	8	static
../../Model/STM32N6570-DK/network.c:6607:13:LL_ATON_Start_EpochBlock_20	8	static
../../Model/STM32N6570-DK/network.c:6294:13:LL_ATON_Start_EpochBlock_19	8	static
../../Model/STM32N6570-DK/network.c:5882:13:LL_ATON_Start_EpochBlock_18	8	static
../../Model/STM32N6570-DK/network.c:5437:13:LL_ATON_Start_EpochBlock_17	8	static
../../Model/STM32N6570-DK/network.c:5124:13:LL_ATON_Start_EpochBlock_16	8	static
../../Model/STM32N6570-DK/network.c:4712:13:LL_ATON_Start_EpochBlock_15	8	static
../../Model/STM32N6570-DK/network.c:4355:13:LL_ATON_Start_EpochBlock_14	8	static
../../Model/STM32N6570-DK/network.c:4041:13:LL_ATON_Start_EpochBlock_13	8	static
../../Model/STM32N6570-DK/network.c:3725:13:LL_ATON_Start_EpochBlock_12	8	static
../../Model/STM32N6570-DK/network.c:3101:13:LL_ATON_Start_EpochBlock_11	8	static
../../Model/STM32N6570-DK/network.c:2787:13:LL_ATON_Start_EpochBlock_10	8	static
../../Model/STM32N6570-DK/network.c:2470:13:LL_ATON_Start_EpochBlock_9	8	static
../../Model/STM32N6570-DK/network.c:1935:13:LL_ATON_Start_EpochBlock_8	8	static
../../Model/STM32N6570-DK/network.c:1619:13:LL_ATON_Start_EpochBlock_7	8	static
../../Model/STM32N6570-DK/network.c:1301:13:LL_ATON_Start_EpochBlock_6	8	static
../../Model/STM32N6570-DK/network.c:946:13:LL_ATON_Start_EpochBlock_5	8	static
../../Model/STM32N6570-DK/network.c:633:13:LL_ATON_Start_EpochBlock_4	8	static
../../Model/STM32N6570-DK/network.c:317:13:LL_ATON_Start_EpochBlock_3	8	static
../../Model/STM32N6570-DK/network.c:29273:13:LL_ATON_End_EpochBlock_65	424	static
../../Model/STM32N6570-DK/network.c:28341:13:LL_ATON_End_EpochBlock_61	432	static
../../Model/STM32N6570-DK/network.c:27232:13:LL_ATON_End_EpochBlock_57	432	static
../../Model/STM32N6570-DK/network.c:79:36:LL_ATON_WeightEncryption_Info_network	0	static
../../Model/STM32N6570-DK/network.c:88:36:LL_ATON_BlobEncryption_Info_network	0	static
../../Model/STM32N6570-DK/network.c:97:26:LL_ATON_Set_User_Input_Buffer_network	0	static
../../Model/STM32N6570-DK/network.c:104:7:LL_ATON_Get_User_Input_Buffer_network	0	static
../../Model/STM32N6570-DK/network.c:111:26:LL_ATON_Set_User_Output_Buffer_network	0	static
../../Model/STM32N6570-DK/network.c:118:7:LL_ATON_Get_User_Output_Buffer_network	0	static
../../Model/STM32N6570-DK/network.c:126:6:LL_ATON_EC_Network_Init_network	0	static
../../Model/STM32N6570-DK/network.c:131:6:LL_ATON_EC_Inference_Init_network	0	static
../../Model/STM32N6570-DK/network.c:32137:31:LL_ATON_EpochBlockItems_network	0	static
../../Model/STM32N6570-DK/network.c:33255:30:LL_ATON_Input_Buffers_Info_network	0	static
../../Model/STM32N6570-DK/network.c:39467:30:LL_ATON_Output_Buffers_Info_network	0	static
../../Model/STM32N6570-DK/network.c:39506:30:LL_ATON_Internal_Buffers_Info_network	0	static
