../../STM32Cube_FW_N6/Drivers/STM32N6xx_HAL_Driver/Inc/stm32n6xx_ll_bus.h:679:22:LL_MEM_EnableClock	8	static
../../STM32Cube_FW_N6/Drivers/STM32N6xx_HAL_Driver/Inc/stm32n6xx_ll_bus.h:785:22:LL_MEM_EnableClockLowPower	8	static
../../STM32Cube_FW_N6/Drivers/STM32N6xx_HAL_Driver/Inc/stm32n6xx_ll_bus.h:2065:22:LL_AHB5_GRP1_EnableClockLowPower	8	static
Src/main.c:585:12:clamp_point	20	static
Src/main.c:602:13:convert_length	0	static
Src/main.c:608:13:convert_point	0	static
Src/main.c:848:13:SystemClock_Config	632	static
Src/main.c:614:13:Display_binding_line	32	static
Src/main.c:191:5:main	456	static,ignoring_inline_asm
Src/main.c:578:6:IAC_IRQHandler	8	static
Src/main.c:821:19:MX_DCMIPP_ClockConfig	408	static
Src/main.c:982:5:_write	8	static
Src/main.c:996:6:npu_cache_enable_clocks_and_reset	16	static
Src/main.c:1004:6:npu_cache_disable_clocks_and_reset	0	static
Src/main.c:1012:6:assert_failed	0	static,ignoring_inline_asm
