../../STM32Cube_FW_N6/Drivers/STM32N6xx_HAL_Driver/Inc/stm32n6xx_ll_bus.h:679:22:LL_MEM_EnableClock	8	static
../../STM32Cube_FW_N6/Drivers/STM32N6xx_HAL_Driver/Inc/stm32n6xx_ll_bus.h:785:22:LL_MEM_EnableClockLowPower	8	static
../../STM32Cube_FW_N6/Drivers/STM32N6xx_HAL_Driver/Inc/stm32n6xx_ll_bus.h:2065:22:LL_AHB5_GRP1_EnableClockLowPower	8	static
Src/main.c:682:12:clamp_point	20	static
Src/main.c:699:13:convert_length	0	static
Src/main.c:705:13:convert_point	0	static
Src/main.c:946:13:SystemClock_Config	632	static
Src/main.c:711:13:Display_binding_line	32	static
Src/main.c:212:5:main	464	static,ignoring_inline_asm
Src/main.c:675:6:IAC_IRQHandler	8	static
Src/main.c:919:19:MX_DCMIPP_ClockConfig	408	static
Src/main.c:1080:5:_write	8	static
Src/main.c:1094:6:npu_cache_enable_clocks_and_reset	16	static
Src/main.c:1102:6:npu_cache_disable_clocks_and_reset	0	static
Src/main.c:1110:6:assert_failed	0	static,ignoring_inline_asm
