../../STM32Cube_FW_N6/Drivers/STM32N6xx_HAL_Driver/Inc/stm32n6xx_ll_bus.h:679:22:LL_MEM_EnableClock	1
../../STM32Cube_FW_N6/Drivers/STM32N6xx_HAL_Driver/Inc/stm32n6xx_ll_bus.h:785:22:LL_MEM_EnableClockLowPower	1
../../STM32Cube_FW_N6/Drivers/STM32N6xx_HAL_Driver/Inc/stm32n6xx_ll_bus.h:2065:22:LL_AHB5_GRP1_EnableClockLowPower	1
Src/main.c:459:12:clamp_point	6
Src/main.c:476:13:convert_length	1
Src/main.c:482:13:convert_point	1
Src/main.c:705:13:SystemClock_Config	4
Src/main.c:488:13:Display_binding_line	1
Src/main.c:168:5:main	33
Src/main.c:451:6:IAC_IRQHandler	1
Src/main.c:678:19:MX_DCMIPP_ClockConfig	2
Src/main.c:839:5:_write	2
Src/main.c:853:6:npu_cache_enable_clocks_and_reset	1
Src/main.c:861:6:npu_cache_disable_clocks_and_reset	1
Src/main.c:869:6:assert_failed	1
