../../STM32Cube_FW_N6/Drivers/STM32N6xx_HAL_Driver/Inc/stm32n6xx_ll_bus.h:679:22:LL_MEM_EnableClock	1
../../STM32Cube_FW_N6/Drivers/STM32N6xx_HAL_Driver/Inc/stm32n6xx_ll_bus.h:785:22:LL_MEM_EnableClockLowPower	1
../../STM32Cube_FW_N6/Drivers/STM32N6xx_HAL_Driver/Inc/stm32n6xx_ll_bus.h:2065:22:LL_AHB5_GRP1_EnableClockLowPower	1
Src/main.c:860:12:clamp_point	6
Src/main.c:877:13:convert_length	1
Src/main.c:883:13:convert_point	1
Src/main.c:1230:13:SystemClock_Config	4
Src/main.c:889:13:Display_binding_line	1
Src/main.c:223:5:main	83
Src/main.c:853:6:IAC_IRQHandler	1
Src/main.c:1203:19:MX_DCMIPP_ClockConfig	2
Src/main.c:1364:5:_write	2
Src/main.c:1378:6:npu_cache_enable_clocks_and_reset	1
Src/main.c:1386:6:npu_cache_disable_clocks_and_reset	1
Src/main.c:1394:6:assert_failed	1
