Src/stm32n6xx_it.c:27:13:fault_print	8	static
Src/stm32n6xx_it.c:37:6:NMI_Handler	0	static
Src/stm32n6xx_it.c:46:6:HardFault_Handler	8	static
Src/stm32n6xx_it.c:57:6:MemManage_Handler	8	static
Src/stm32n6xx_it.c:68:6:BusFault_Handler	8	static
Src/stm32n6xx_it.c:79:6:UsageFault_Handler	8	static
Src/stm32n6xx_it.c:90:6:SecureFault_Handler	8	static
Src/stm32n6xx_it.c:101:6:SVC_Handler	0	static
Src/stm32n6xx_it.c:110:6:DebugMon_Handler	0	static
Src/stm32n6xx_it.c:122:6:PendSV_Handler	0	static
Src/stm32n6xx_it.c:134:6:SysTick_Handler	0	static
Src/stm32n6xx_it.c:145:6:CSI_IRQHandler	8	static
Src/stm32n6xx_it.c:151:6:DCMIPP_IRQHandler	8	static
