ARM GAS  /tmp/cc3YQJ5n.s 			page 1


   1              		.arch armv8.1-m.main
   2              		.fpu fpv5-d16
   3              		.arch_extension dsp
   4              		.arch_extension fp
   5              		.arch_extension fp.dp
   6              		.arch_extension mve
   7              		.arch_extension mve.fp
   8              		.eabi_attribute 5, "cortex-m55"
   9              		.eabi_attribute 28, 1
  10              		.eabi_attribute 20, 1
  11              		.eabi_attribute 21, 1
  12              		.eabi_attribute 23, 3
  13              		.eabi_attribute 24, 1
  14              		.eabi_attribute 25, 1
  15              		.eabi_attribute 26, 1
  16              		.eabi_attribute 30, 4
  17              		.eabi_attribute 34, 1
  18              		.eabi_attribute 38, 1
  19              		.eabi_attribute 18, 4
  20              		.file	"app_camerapipeline.c"
  21              		.text
  22              	.Ltext0:
  23              		.cfi_sections	.debug_frame
  24              		.file 1 "Src/app_camerapipeline.c"
  25              		.section	.rodata.CameraPipeline_Init.str1.1,"aMS",%progbits,1
  26              	.LC0:
  27 0000 72657420 		.ascii	"ret == CMW_ERROR_NONE\000"
  27      3D3D2043 
  27      4D575F45 
  27      52524F52 
  27      5F4E4F4E 
  28              	.LC1:
  29 0016 5372632F 		.ascii	"Src/app_camerapipeline.c\000"
  29      6170705F 
  29      63616D65 
  29      72617069 
  29      70656C69 
  30              	.LC2:
  31 002f 72657420 		.ascii	"ret == HAL_OK\000"
  31      3D3D2048 
  31      414C5F4F 
  31      4B00
  32              	.LC3:
  33 003d 64636D69 		.ascii	"dcmipp_conf.output_width * dcmipp_conf.output_bpp ="
  33      70705F63 
  33      6F6E662E 
  33      6F757470 
  33      75745F77 
  34 0070 3D207069 		.ascii	"= pitch\000"
  34      74636800 
  35              		.section	.text.CameraPipeline_Init,"ax",%progbits
  36              		.align	1
  37              		.global	CameraPipeline_Init
  38              		.syntax unified
  39              		.thumb
  40              		.thumb_func
  42              	CameraPipeline_Init:
ARM GAS  /tmp/cc3YQJ5n.s 			page 2


  43              	.LVL0:
  44              	.LFB1515:
   1:Src/app_camerapipeline.c ****  /**
   2:Src/app_camerapipeline.c ****  ******************************************************************************
   3:Src/app_camerapipeline.c ****  * @file    app_camerapipeline.c
   4:Src/app_camerapipeline.c ****  * @author  GPM Application Team
   5:Src/app_camerapipeline.c ****  *
   6:Src/app_camerapipeline.c ****  ******************************************************************************
   7:Src/app_camerapipeline.c ****  * @attention
   8:Src/app_camerapipeline.c ****  *
   9:Src/app_camerapipeline.c ****  * Copyright (c) 2023 STMicroelectronics.
  10:Src/app_camerapipeline.c ****  * All rights reserved.
  11:Src/app_camerapipeline.c ****  *
  12:Src/app_camerapipeline.c ****  * This software is licensed under terms that can be found in the LICENSE file
  13:Src/app_camerapipeline.c ****  * in the root directory of this software component.
  14:Src/app_camerapipeline.c ****  * If no LICENSE file comes with this software, it is provided AS-IS.
  15:Src/app_camerapipeline.c ****  *
  16:Src/app_camerapipeline.c ****  ******************************************************************************
  17:Src/app_camerapipeline.c ****  */
  18:Src/app_camerapipeline.c **** 
  19:Src/app_camerapipeline.c **** #include <assert.h>
  20:Src/app_camerapipeline.c **** #include "cmw_camera.h"
  21:Src/app_camerapipeline.c **** #include "app_camerapipeline.h"
  22:Src/app_camerapipeline.c **** #include "app_config.h"
  23:Src/app_camerapipeline.c **** #include "crop_img.h"
  24:Src/app_camerapipeline.c **** #include "stai_network.h"
  25:Src/app_camerapipeline.c **** 
  26:Src/app_camerapipeline.c **** 
  27:Src/app_camerapipeline.c **** /* Leave the driver use the default resolution */
  28:Src/app_camerapipeline.c **** #define CAMERA_WIDTH 0
  29:Src/app_camerapipeline.c **** #define CAMERA_HEIGHT 0
  30:Src/app_camerapipeline.c **** #define CAMERA_FPS 30
  31:Src/app_camerapipeline.c **** 
  32:Src/app_camerapipeline.c **** extern int32_t cameraFrameReceived;
  33:Src/app_camerapipeline.c **** 
  34:Src/app_camerapipeline.c **** static void DCMIPP_PipeInitDisplay(CMW_CameraInit_t *camConf, uint32_t *bg_width, uint32_t *bg_heig
  35:Src/app_camerapipeline.c **** {
  36:Src/app_camerapipeline.c ****   CMW_Aspect_Ratio_Mode_t aspect_ratio;
  37:Src/app_camerapipeline.c ****   CMW_DCMIPP_Conf_t dcmipp_conf = {0};
  38:Src/app_camerapipeline.c ****   int ret;
  39:Src/app_camerapipeline.c **** 
  40:Src/app_camerapipeline.c ****   if (ASPECT_RATIO_MODE == ASPECT_RATIO_CROP)
  41:Src/app_camerapipeline.c ****   {
  42:Src/app_camerapipeline.c ****     aspect_ratio = CMW_Aspect_ratio_crop;
  43:Src/app_camerapipeline.c ****   }
  44:Src/app_camerapipeline.c ****   else if (ASPECT_RATIO_MODE == ASPECT_RATIO_FIT)
  45:Src/app_camerapipeline.c ****   {
  46:Src/app_camerapipeline.c ****     aspect_ratio = CMW_Aspect_ratio_fit;
  47:Src/app_camerapipeline.c ****   }
  48:Src/app_camerapipeline.c ****   else if (ASPECT_RATIO_MODE == ASPECT_RATIO_FULLSCREEN)
  49:Src/app_camerapipeline.c ****   {
  50:Src/app_camerapipeline.c ****     aspect_ratio = CMW_Aspect_ratio_fullscreen;
  51:Src/app_camerapipeline.c ****   }
  52:Src/app_camerapipeline.c **** 
  53:Src/app_camerapipeline.c ****   int lcd_bg_width;
  54:Src/app_camerapipeline.c ****   int lcd_bg_height;
  55:Src/app_camerapipeline.c **** 
ARM GAS  /tmp/cc3YQJ5n.s 			page 3


  56:Src/app_camerapipeline.c ****   lcd_bg_height = (camConf->height <= SCREEN_HEIGHT) ? camConf->height : SCREEN_HEIGHT;
  57:Src/app_camerapipeline.c **** 
  58:Src/app_camerapipeline.c **** #if ASPECT_RATIO_MODE == ASPECT_RATIO_FULLSCREEN
  59:Src/app_camerapipeline.c ****   lcd_bg_width = (((camConf->width*lcd_bg_height)/camConf->height) - ((camConf->width*lcd_bg_height
  60:Src/app_camerapipeline.c **** #else
  61:Src/app_camerapipeline.c ****   lcd_bg_width = (camConf->height <= SCREEN_HEIGHT) ? camConf->height : SCREEN_HEIGHT;
  62:Src/app_camerapipeline.c **** #endif
  63:Src/app_camerapipeline.c **** 
  64:Src/app_camerapipeline.c ****   *bg_width = lcd_bg_width;
  65:Src/app_camerapipeline.c ****   *bg_height = lcd_bg_height;
  66:Src/app_camerapipeline.c **** 
  67:Src/app_camerapipeline.c ****   dcmipp_conf.output_width = lcd_bg_width;
  68:Src/app_camerapipeline.c ****   dcmipp_conf.output_height = lcd_bg_height;
  69:Src/app_camerapipeline.c ****   dcmipp_conf.output_format = DCMIPP_PIXEL_PACKER_FORMAT_RGB565_1;
  70:Src/app_camerapipeline.c ****   dcmipp_conf.output_bpp = 2;
  71:Src/app_camerapipeline.c ****   dcmipp_conf.mode = aspect_ratio;
  72:Src/app_camerapipeline.c ****   dcmipp_conf.enable_gamma_conversion = 0;
  73:Src/app_camerapipeline.c ****   uint32_t pitch;
  74:Src/app_camerapipeline.c ****   ret = CMW_CAMERA_SetPipeConfig(DCMIPP_PIPE1, &dcmipp_conf, &pitch);
  75:Src/app_camerapipeline.c ****   assert(ret == HAL_OK);
  76:Src/app_camerapipeline.c ****   assert(dcmipp_conf.output_width * dcmipp_conf.output_bpp == pitch);
  77:Src/app_camerapipeline.c **** }
  78:Src/app_camerapipeline.c **** 
  79:Src/app_camerapipeline.c **** static void DCMIPP_PipeInitNn(uint32_t *pitch)
  80:Src/app_camerapipeline.c **** {
  81:Src/app_camerapipeline.c ****   CMW_Aspect_Ratio_Mode_t aspect_ratio;
  82:Src/app_camerapipeline.c ****   CMW_DCMIPP_Conf_t dcmipp_conf;
  83:Src/app_camerapipeline.c ****   int ret;
  84:Src/app_camerapipeline.c **** 
  85:Src/app_camerapipeline.c ****   if (ASPECT_RATIO_MODE == ASPECT_RATIO_CROP)
  86:Src/app_camerapipeline.c ****   {
  87:Src/app_camerapipeline.c ****     aspect_ratio = CMW_Aspect_ratio_crop;
  88:Src/app_camerapipeline.c ****   }
  89:Src/app_camerapipeline.c ****   else if (ASPECT_RATIO_MODE == ASPECT_RATIO_FIT)
  90:Src/app_camerapipeline.c ****   {
  91:Src/app_camerapipeline.c ****     aspect_ratio = CMW_Aspect_ratio_fit;
  92:Src/app_camerapipeline.c ****   }
  93:Src/app_camerapipeline.c ****   else if (ASPECT_RATIO_MODE == ASPECT_RATIO_FULLSCREEN)
  94:Src/app_camerapipeline.c ****   {
  95:Src/app_camerapipeline.c ****     aspect_ratio = CMW_Aspect_ratio_fit;
  96:Src/app_camerapipeline.c ****   }
  97:Src/app_camerapipeline.c **** 
  98:Src/app_camerapipeline.c ****   dcmipp_conf.output_width = STAI_NETWORK_IN_1_WIDTH;
  99:Src/app_camerapipeline.c ****   dcmipp_conf.output_height = STAI_NETWORK_IN_1_HEIGHT;
 100:Src/app_camerapipeline.c ****   dcmipp_conf.output_format = DCMIPP_PIXEL_PACKER_FORMAT_RGB888_YUV444_1;
 101:Src/app_camerapipeline.c ****   dcmipp_conf.output_bpp = STAI_NETWORK_IN_1_CHANNEL;
 102:Src/app_camerapipeline.c ****   dcmipp_conf.mode = aspect_ratio;
 103:Src/app_camerapipeline.c ****   dcmipp_conf.enable_swap = COLOR_MODE;
 104:Src/app_camerapipeline.c ****   dcmipp_conf.enable_gamma_conversion = 0;
 105:Src/app_camerapipeline.c ****   ret = CMW_CAMERA_SetPipeConfig(DCMIPP_PIPE2, &dcmipp_conf, pitch);
 106:Src/app_camerapipeline.c ****   assert(ret == HAL_OK);
 107:Src/app_camerapipeline.c **** }
 108:Src/app_camerapipeline.c **** 
 109:Src/app_camerapipeline.c **** /**
 110:Src/app_camerapipeline.c **** * @brief Init the camera and the 2 DCMIPP pipes
 111:Src/app_camerapipeline.c **** * @param lcd_bg_width display width
 112:Src/app_camerapipeline.c **** * @param lcd_bg_height display height
ARM GAS  /tmp/cc3YQJ5n.s 			page 4


 113:Src/app_camerapipeline.c **** * @param pitch_nn output pitch computed by the CMW
 114:Src/app_camerapipeline.c **** */
 115:Src/app_camerapipeline.c **** void CameraPipeline_Init(uint32_t *lcd_bg_width, uint32_t *lcd_bg_height, uint32_t *pitch_nn)
 116:Src/app_camerapipeline.c **** {
  45              		.loc 1 116 1 view -0
  46              		.cfi_startproc
  47              		@ args = 0, pretend = 0, frame = 64
  48              		@ frame_needed = 0, uses_anonymous_args = 0
 117:Src/app_camerapipeline.c ****   int ret;
  49              		.loc 1 117 3 view .LVU1
 118:Src/app_camerapipeline.c ****   CMW_CameraInit_t cam_conf;
  50              		.loc 1 118 3 view .LVU2
 119:Src/app_camerapipeline.c **** 
 120:Src/app_camerapipeline.c ****   cam_conf.width = CAMERA_WIDTH;
  51              		.loc 1 120 3 view .LVU3
 116:Src/app_camerapipeline.c ****   int ret;
  52              		.loc 1 116 1 is_stmt 0 view .LVU4
  53 0000 F0B5     		push	{r4, r5, r6, r7, lr}
  54              		.cfi_def_cfa_offset 20
  55              		.cfi_offset 4, -20
  56              		.cfi_offset 5, -16
  57              		.cfi_offset 6, -12
  58              		.cfi_offset 7, -8
  59              		.cfi_offset 14, -4
 121:Src/app_camerapipeline.c ****   cam_conf.height = CAMERA_HEIGHT;
 122:Src/app_camerapipeline.c ****   cam_conf.fps = CAMERA_FPS;
  60              		.loc 1 122 16 view .LVU5
  61 0002 1E23     		movs	r3, #30
 116:Src/app_camerapipeline.c ****   int ret;
  62              		.loc 1 116 1 view .LVU6
  63 0004 0E46     		mov	r6, r1
 120:Src/app_camerapipeline.c ****   cam_conf.height = CAMERA_HEIGHT;
  64              		.loc 1 120 18 view .LVU7
  65 0006 0021     		movs	r1, #0
  66              	.LVL1:
 116:Src/app_camerapipeline.c ****   int ret;
  67              		.loc 1 116 1 view .LVU8
  68 0008 91B0     		sub	sp, sp, #68
  69              		.cfi_def_cfa_offset 88
 116:Src/app_camerapipeline.c ****   int ret;
  70              		.loc 1 116 1 view .LVU9
  71 000a 0746     		mov	r7, r0
 123:Src/app_camerapipeline.c ****   cam_conf.mirror_flip = CAMERA_FLIP;
 124:Src/app_camerapipeline.c **** 
 125:Src/app_camerapipeline.c ****   ret = CMW_CAMERA_Init(&cam_conf, NULL);
  72              		.loc 1 125 9 view .LVU10
  73 000c 01A8     		add	r0, sp, #4
  74              	.LVL2:
 121:Src/app_camerapipeline.c ****   cam_conf.fps = CAMERA_FPS;
  75              		.loc 1 121 19 view .LVU11
  76 000e CDE90111 		strd	r1, r1, [sp, #4]
 122:Src/app_camerapipeline.c ****   cam_conf.mirror_flip = CAMERA_FLIP;
  77              		.loc 1 122 3 is_stmt 1 view .LVU12
 123:Src/app_camerapipeline.c ****   cam_conf.mirror_flip = CAMERA_FLIP;
  78              		.loc 1 123 24 is_stmt 0 view .LVU13
  79 0012 CDE90331 		strd	r3, r1, [sp, #12]
  80              		.loc 1 125 3 is_stmt 1 view .LVU14
ARM GAS  /tmp/cc3YQJ5n.s 			page 5


 116:Src/app_camerapipeline.c ****   int ret;
  81              		.loc 1 116 1 is_stmt 0 view .LVU15
  82 0016 1546     		mov	r5, r2
  83              		.loc 1 125 9 view .LVU16
  84 0018 FFF7FEFF 		bl	CMW_CAMERA_Init
  85              	.LVL3:
 126:Src/app_camerapipeline.c ****   assert(ret == CMW_ERROR_NONE);
  86              		.loc 1 126 3 is_stmt 1 view .LVU17
  87 001c 0146     		mov	r1, r0
  88 001e 28B1     		cbz	r0, .L2
  89              		.loc 1 126 3 is_stmt 0 discriminator 1 view .LVU18
  90 0020 7E21     		movs	r1, #126
  91 0022 214B     		ldr	r3, .L7
  92 0024 214A     		ldr	r2, .L7+4
  93              	.LVL4:
  94              	.L6:
  95              	.LBB6:
  96              	.LBB7:
  75:Src/app_camerapipeline.c ****   assert(dcmipp_conf.output_width * dcmipp_conf.output_bpp == pitch);
  97              		.loc 1 75 3 discriminator 1 view .LVU19
  98 0026 2248     		ldr	r0, .L7+8
  99 0028 FFF7FEFF 		bl	__assert_func
 100              	.LVL5:
 101              	.L2:
  75:Src/app_camerapipeline.c ****   assert(dcmipp_conf.output_width * dcmipp_conf.output_bpp == pitch);
 102              		.loc 1 75 3 discriminator 1 view .LVU20
 103              	.LBE7:
 104              	.LBE6:
 127:Src/app_camerapipeline.c ****   DCMIPP_PipeInitDisplay(&cam_conf, lcd_bg_width, lcd_bg_height);
 105              		.loc 1 127 3 is_stmt 1 view .LVU21
 106 002c 029C     		ldr	r4, [sp, #8]
 107              	.LVL6:
 108              	.LBB9:
 109              	.LBI6:
  34:Src/app_camerapipeline.c **** {
 110              		.loc 1 34 13 view .LVU22
 111              	.LBB8:
  36:Src/app_camerapipeline.c ****   CMW_DCMIPP_Conf_t dcmipp_conf = {0};
 112              		.loc 1 36 3 view .LVU23
  37:Src/app_camerapipeline.c ****   int ret;
 113              		.loc 1 37 3 view .LVU24
  37:Src/app_camerapipeline.c ****   int ret;
 114              		.loc 1 37 21 is_stmt 0 view .LVU25
 115 002e 1C22     		movs	r2, #28
 116 0030 09A8     		add	r0, sp, #36
 117              	.LVL7:
  37:Src/app_camerapipeline.c ****   int ret;
 118              		.loc 1 37 21 view .LVU26
 119 0032 FFF7FEFF 		bl	memset
 120              	.LVL8:
  38:Src/app_camerapipeline.c **** 
 121              		.loc 1 38 3 is_stmt 1 view .LVU27
  40:Src/app_camerapipeline.c ****   {
 122              		.loc 1 40 3 view .LVU28
  44:Src/app_camerapipeline.c ****   {
 123              		.loc 1 44 8 view .LVU29
  46:Src/app_camerapipeline.c ****   }
ARM GAS  /tmp/cc3YQJ5n.s 			page 6


 124              		.loc 1 46 5 view .LVU30
  53:Src/app_camerapipeline.c ****   int lcd_bg_height;
 125              		.loc 1 53 3 view .LVU31
  54:Src/app_camerapipeline.c **** 
 126              		.loc 1 54 3 view .LVU32
  56:Src/app_camerapipeline.c **** 
 127              		.loc 1 56 3 view .LVU33
  56:Src/app_camerapipeline.c **** 
 128              		.loc 1 56 72 is_stmt 0 view .LVU34
 129 0036 B4F5F07F 		cmp	r4, #480
 130 003a 28BF     		it	cs
 131 003c 4FF4F074 		movcs	r4, #480
 132              	.LVL9:
  61:Src/app_camerapipeline.c **** #endif
 133              		.loc 1 61 3 is_stmt 1 view .LVU35
  64:Src/app_camerapipeline.c ****   *bg_height = lcd_bg_height;
 134              		.loc 1 64 3 view .LVU36
  64:Src/app_camerapipeline.c ****   *bg_height = lcd_bg_height;
 135              		.loc 1 64 13 is_stmt 0 view .LVU37
 136 0040 3C60     		str	r4, [r7]
  65:Src/app_camerapipeline.c **** 
 137              		.loc 1 65 3 is_stmt 1 view .LVU38
  68:Src/app_camerapipeline.c ****   dcmipp_conf.output_format = DCMIPP_PIXEL_PACKER_FORMAT_RGB565_1;
 138              		.loc 1 68 29 is_stmt 0 view .LVU39
 139 0042 CDE90544 		strd	r4, r4, [sp, #20]
  65:Src/app_camerapipeline.c **** 
 140              		.loc 1 65 14 view .LVU40
 141 0046 3460     		str	r4, [r6]
  67:Src/app_camerapipeline.c ****   dcmipp_conf.output_height = lcd_bg_height;
 142              		.loc 1 67 3 is_stmt 1 view .LVU41
  69:Src/app_camerapipeline.c ****   dcmipp_conf.output_bpp = 2;
 143              		.loc 1 69 3 view .LVU42
  70:Src/app_camerapipeline.c ****   dcmipp_conf.mode = aspect_ratio;
 144              		.loc 1 70 26 is_stmt 0 view .LVU43
 145 0048 0124     		movs	r4, #1
 146              	.LVL10:
  70:Src/app_camerapipeline.c ****   dcmipp_conf.mode = aspect_ratio;
 147              		.loc 1 70 26 view .LVU44
 148 004a 0226     		movs	r6, #2
 149              	.LVL11:
  74:Src/app_camerapipeline.c ****   assert(ret == HAL_OK);
 150              		.loc 1 74 9 view .LVU45
 151 004c 6A46     		mov	r2, sp
 152 004e 2046     		mov	r0, r4
 153 0050 05A9     		add	r1, sp, #20
  70:Src/app_camerapipeline.c ****   dcmipp_conf.mode = aspect_ratio;
 154              		.loc 1 70 26 view .LVU46
 155 0052 CDE90746 		strd	r4, r6, [sp, #28]
  71:Src/app_camerapipeline.c ****   dcmipp_conf.enable_gamma_conversion = 0;
 156              		.loc 1 71 3 is_stmt 1 view .LVU47
  71:Src/app_camerapipeline.c ****   dcmipp_conf.enable_gamma_conversion = 0;
 157              		.loc 1 71 20 is_stmt 0 view .LVU48
 158 0056 0B94     		str	r4, [sp, #44]
  72:Src/app_camerapipeline.c ****   uint32_t pitch;
 159              		.loc 1 72 3 is_stmt 1 view .LVU49
  73:Src/app_camerapipeline.c ****   ret = CMW_CAMERA_SetPipeConfig(DCMIPP_PIPE1, &dcmipp_conf, &pitch);
 160              		.loc 1 73 3 view .LVU50
ARM GAS  /tmp/cc3YQJ5n.s 			page 7


  74:Src/app_camerapipeline.c ****   assert(ret == HAL_OK);
 161              		.loc 1 74 3 view .LVU51
  74:Src/app_camerapipeline.c ****   assert(ret == HAL_OK);
 162              		.loc 1 74 9 is_stmt 0 view .LVU52
 163 0058 FFF7FEFF 		bl	CMW_CAMERA_SetPipeConfig
 164              	.LVL12:
  75:Src/app_camerapipeline.c ****   assert(dcmipp_conf.output_width * dcmipp_conf.output_bpp == pitch);
 165              		.loc 1 75 3 is_stmt 1 view .LVU53
 166 005c 18B1     		cbz	r0, .L3
  75:Src/app_camerapipeline.c ****   assert(dcmipp_conf.output_width * dcmipp_conf.output_bpp == pitch);
 167              		.loc 1 75 3 is_stmt 0 discriminator 1 view .LVU54
 168 005e 4B21     		movs	r1, #75
 169 0060 144B     		ldr	r3, .L7+12
 170 0062 154A     		ldr	r2, .L7+16
 171 0064 DFE7     		b	.L6
 172              	.L3:
  76:Src/app_camerapipeline.c **** }
 173              		.loc 1 76 3 is_stmt 1 view .LVU55
 174 0066 089A     		ldr	r2, [sp, #32]
 175 0068 059B     		ldr	r3, [sp, #20]
 176 006a 5343     		muls	r3, r2, r3
 177 006c 009A     		ldr	r2, [sp]
 178 006e 9342     		cmp	r3, r2
 179 0070 03D0     		beq	.L4
  76:Src/app_camerapipeline.c **** }
 180              		.loc 1 76 3 is_stmt 0 discriminator 1 view .LVU56
 181 0072 4C21     		movs	r1, #76
 182 0074 114B     		ldr	r3, .L7+20
 183 0076 104A     		ldr	r2, .L7+16
 184 0078 D5E7     		b	.L6
 185              	.L4:
 186              	.LVL13:
  76:Src/app_camerapipeline.c **** }
 187              		.loc 1 76 3 discriminator 1 view .LVU57
 188              	.LBE8:
 189              	.LBE9:
 128:Src/app_camerapipeline.c ****   DCMIPP_PipeInitNn(pitch_nn);
 190              		.loc 1 128 3 is_stmt 1 view .LVU58
 191              	.LBB10:
 192              	.LBI10:
  79:Src/app_camerapipeline.c **** {
 193              		.loc 1 79 13 view .LVU59
 194              	.LBB11:
  81:Src/app_camerapipeline.c ****   CMW_DCMIPP_Conf_t dcmipp_conf;
 195              		.loc 1 81 3 view .LVU60
  82:Src/app_camerapipeline.c ****   int ret;
 196              		.loc 1 82 3 view .LVU61
  83:Src/app_camerapipeline.c **** 
 197              		.loc 1 83 3 view .LVU62
  85:Src/app_camerapipeline.c ****   {
 198              		.loc 1 85 3 view .LVU63
  89:Src/app_camerapipeline.c ****   {
 199              		.loc 1 89 8 view .LVU64
  91:Src/app_camerapipeline.c ****   }
 200              		.loc 1 91 5 view .LVU65
  98:Src/app_camerapipeline.c ****   dcmipp_conf.output_height = STAI_NETWORK_IN_1_HEIGHT;
 201              		.loc 1 98 3 view .LVU66
ARM GAS  /tmp/cc3YQJ5n.s 			page 8


  98:Src/app_camerapipeline.c ****   dcmipp_conf.output_height = STAI_NETWORK_IN_1_HEIGHT;
 202              		.loc 1 98 28 is_stmt 0 view .LVU67
 203 007a 4FF48073 		mov	r3, #256
  99:Src/app_camerapipeline.c ****   dcmipp_conf.output_format = DCMIPP_PIXEL_PACKER_FORMAT_RGB888_YUV444_1;
 204              		.loc 1 99 29 view .LVU68
 205 007e CDE90533 		strd	r3, r3, [sp, #20]
 100:Src/app_camerapipeline.c ****   dcmipp_conf.output_bpp = STAI_NETWORK_IN_1_CHANNEL;
 206              		.loc 1 100 3 is_stmt 1 view .LVU69
 101:Src/app_camerapipeline.c ****   dcmipp_conf.mode = aspect_ratio;
 207              		.loc 1 101 26 is_stmt 0 view .LVU70
 208 0082 0323     		movs	r3, #3
 104:Src/app_camerapipeline.c ****   ret = CMW_CAMERA_SetPipeConfig(DCMIPP_PIPE2, &dcmipp_conf, pitch);
 209              		.loc 1 104 39 view .LVU71
 210 0084 CDE90940 		strd	r4, r0, [sp, #36]
 100:Src/app_camerapipeline.c ****   dcmipp_conf.output_bpp = STAI_NETWORK_IN_1_CHANNEL;
 211              		.loc 1 100 29 view .LVU72
 212 0088 0790     		str	r0, [sp, #28]
 101:Src/app_camerapipeline.c ****   dcmipp_conf.mode = aspect_ratio;
 213              		.loc 1 101 3 is_stmt 1 view .LVU73
 105:Src/app_camerapipeline.c ****   assert(ret == HAL_OK);
 214              		.loc 1 105 9 is_stmt 0 view .LVU74
 215 008a 2A46     		mov	r2, r5
 216 008c 3046     		mov	r0, r6
 217 008e 05A9     		add	r1, sp, #20
 101:Src/app_camerapipeline.c ****   dcmipp_conf.mode = aspect_ratio;
 218              		.loc 1 101 26 view .LVU75
 219 0090 0893     		str	r3, [sp, #32]
 102:Src/app_camerapipeline.c ****   dcmipp_conf.enable_swap = COLOR_MODE;
 220              		.loc 1 102 3 is_stmt 1 view .LVU76
 102:Src/app_camerapipeline.c ****   dcmipp_conf.enable_swap = COLOR_MODE;
 221              		.loc 1 102 20 is_stmt 0 view .LVU77
 222 0092 0B94     		str	r4, [sp, #44]
 103:Src/app_camerapipeline.c ****   dcmipp_conf.enable_gamma_conversion = 0;
 223              		.loc 1 103 3 is_stmt 1 view .LVU78
 105:Src/app_camerapipeline.c ****   assert(ret == HAL_OK);
 224              		.loc 1 105 3 view .LVU79
 105:Src/app_camerapipeline.c ****   assert(ret == HAL_OK);
 225              		.loc 1 105 9 is_stmt 0 view .LVU80
 226 0094 FFF7FEFF 		bl	CMW_CAMERA_SetPipeConfig
 227              	.LVL14:
 106:Src/app_camerapipeline.c **** }
 228              		.loc 1 106 3 is_stmt 1 view .LVU81
 229 0098 18B1     		cbz	r0, .L1
 106:Src/app_camerapipeline.c **** }
 230              		.loc 1 106 3 is_stmt 0 discriminator 1 view .LVU82
 231 009a 6A21     		movs	r1, #106
 232 009c 054B     		ldr	r3, .L7+12
 233 009e 084A     		ldr	r2, .L7+24
 234 00a0 C1E7     		b	.L6
 235              	.L1:
 236              	.LBE11:
 237              	.LBE10:
 129:Src/app_camerapipeline.c **** }
 238              		.loc 1 129 1 view .LVU83
 239 00a2 11B0     		add	sp, sp, #68
 240              		.cfi_def_cfa_offset 20
 241              		@ sp needed
ARM GAS  /tmp/cc3YQJ5n.s 			page 9


 242 00a4 F0BD     		pop	{r4, r5, r6, r7, pc}
 243              	.LVL15:
 244              	.L8:
 245              		.loc 1 129 1 view .LVU84
 246 00a6 00BF     		.align	2
 247              	.L7:
 248 00a8 00000000 		.word	.LC0
 249 00ac 00000000 		.word	__func__.7
 250 00b0 16000000 		.word	.LC1
 251 00b4 2F000000 		.word	.LC2
 252 00b8 00000000 		.word	__func__.6
 253 00bc 3D000000 		.word	.LC3
 254 00c0 00000000 		.word	__func__.5
 255              		.cfi_endproc
 256              	.LFE1515:
 258              		.section	.text.CameraPipeline_DeInit,"ax",%progbits
 259              		.align	1
 260              		.global	CameraPipeline_DeInit
 261              		.syntax unified
 262              		.thumb
 263              		.thumb_func
 265              	CameraPipeline_DeInit:
 266              	.LFB1516:
 130:Src/app_camerapipeline.c **** 
 131:Src/app_camerapipeline.c **** void CameraPipeline_DeInit(void)
 132:Src/app_camerapipeline.c **** {
 267              		.loc 1 132 1 is_stmt 1 view -0
 268              		.cfi_startproc
 269              		@ args = 0, pretend = 0, frame = 0
 270              		@ frame_needed = 0, uses_anonymous_args = 0
 133:Src/app_camerapipeline.c ****   int ret;
 271              		.loc 1 133 3 view .LVU86
 134:Src/app_camerapipeline.c ****   ret = CMW_CAMERA_DeInit();
 272              		.loc 1 134 3 view .LVU87
 132:Src/app_camerapipeline.c ****   int ret;
 273              		.loc 1 132 1 is_stmt 0 view .LVU88
 274 0000 08B5     		push	{r3, lr}
 275              		.cfi_def_cfa_offset 8
 276              		.cfi_offset 3, -8
 277              		.cfi_offset 14, -4
 278              		.loc 1 134 9 view .LVU89
 279 0002 FFF7FEFF 		bl	CMW_CAMERA_DeInit
 280              	.LVL16:
 135:Src/app_camerapipeline.c ****   assert(ret == CMW_ERROR_NONE);
 281              		.loc 1 135 3 is_stmt 1 view .LVU90
 282 0006 28B1     		cbz	r0, .L9
 283              		.loc 1 135 3 is_stmt 0 discriminator 1 view .LVU91
 284 0008 8721     		movs	r1, #135
 285 000a 034B     		ldr	r3, .L11
 286 000c 034A     		ldr	r2, .L11+4
 287 000e 0448     		ldr	r0, .L11+8
 288              	.LVL17:
 289              		.loc 1 135 3 discriminator 1 view .LVU92
 290 0010 FFF7FEFF 		bl	__assert_func
 291              	.LVL18:
 292              	.L9:
 136:Src/app_camerapipeline.c **** }
ARM GAS  /tmp/cc3YQJ5n.s 			page 10


 293              		.loc 1 136 1 view .LVU93
 294 0014 08BD     		pop	{r3, pc}
 295              	.L12:
 296 0016 00BF     		.align	2
 297              	.L11:
 298 0018 00000000 		.word	.LC0
 299 001c 00000000 		.word	__func__.4
 300 0020 16000000 		.word	.LC1
 301              		.cfi_endproc
 302              	.LFE1516:
 304              		.section	.text.CameraPipeline_DisplayPipe_Start,"ax",%progbits
 305              		.align	1
 306              		.global	CameraPipeline_DisplayPipe_Start
 307              		.syntax unified
 308              		.thumb
 309              		.thumb_func
 311              	CameraPipeline_DisplayPipe_Start:
 312              	.LVL19:
 313              	.LFB1517:
 137:Src/app_camerapipeline.c **** 
 138:Src/app_camerapipeline.c **** void CameraPipeline_DisplayPipe_Start(uint8_t *display_pipe_dst, uint32_t cam_mode)
 139:Src/app_camerapipeline.c **** {
 314              		.loc 1 139 1 is_stmt 1 view -0
 315              		.cfi_startproc
 316              		@ args = 0, pretend = 0, frame = 0
 317              		@ frame_needed = 0, uses_anonymous_args = 0
 140:Src/app_camerapipeline.c ****   int ret;
 318              		.loc 1 140 3 view .LVU95
 141:Src/app_camerapipeline.c ****   ret = CMW_CAMERA_Start(DCMIPP_PIPE1, display_pipe_dst, cam_mode);
 319              		.loc 1 141 3 view .LVU96
 139:Src/app_camerapipeline.c ****   int ret;
 320              		.loc 1 139 1 is_stmt 0 view .LVU97
 321 0000 0A46     		mov	r2, r1
 322 0002 08B5     		push	{r3, lr}
 323              		.cfi_def_cfa_offset 8
 324              		.cfi_offset 3, -8
 325              		.cfi_offset 14, -4
 326              		.loc 1 141 9 view .LVU98
 327 0004 0146     		mov	r1, r0
 328              	.LVL20:
 329              		.loc 1 141 9 view .LVU99
 330 0006 0120     		movs	r0, #1
 331              	.LVL21:
 332              		.loc 1 141 9 view .LVU100
 333 0008 FFF7FEFF 		bl	CMW_CAMERA_Start
 334              	.LVL22:
 142:Src/app_camerapipeline.c ****   assert(ret == CMW_ERROR_NONE);
 335              		.loc 1 142 3 is_stmt 1 view .LVU101
 336 000c 28B1     		cbz	r0, .L13
 337              		.loc 1 142 3 is_stmt 0 discriminator 1 view .LVU102
 338 000e 8E21     		movs	r1, #142
 339 0010 024B     		ldr	r3, .L15
 340 0012 034A     		ldr	r2, .L15+4
 341 0014 0348     		ldr	r0, .L15+8
 342              	.LVL23:
 343              		.loc 1 142 3 discriminator 1 view .LVU103
 344 0016 FFF7FEFF 		bl	__assert_func
ARM GAS  /tmp/cc3YQJ5n.s 			page 11


 345              	.LVL24:
 346              	.L13:
 143:Src/app_camerapipeline.c **** }
 347              		.loc 1 143 1 view .LVU104
 348 001a 08BD     		pop	{r3, pc}
 349              	.L16:
 350              		.align	2
 351              	.L15:
 352 001c 00000000 		.word	.LC0
 353 0020 00000000 		.word	__func__.3
 354 0024 16000000 		.word	.LC1
 355              		.cfi_endproc
 356              	.LFE1517:
 358              		.section	.text.CameraPipeline_NNPipe_Start,"ax",%progbits
 359              		.align	1
 360              		.global	CameraPipeline_NNPipe_Start
 361              		.syntax unified
 362              		.thumb
 363              		.thumb_func
 365              	CameraPipeline_NNPipe_Start:
 366              	.LVL25:
 367              	.LFB1518:
 144:Src/app_camerapipeline.c **** 
 145:Src/app_camerapipeline.c **** void CameraPipeline_NNPipe_Start(uint8_t *nn_pipe_dst, uint32_t cam_mode)
 146:Src/app_camerapipeline.c **** {
 368              		.loc 1 146 1 is_stmt 1 view -0
 369              		.cfi_startproc
 370              		@ args = 0, pretend = 0, frame = 0
 371              		@ frame_needed = 0, uses_anonymous_args = 0
 147:Src/app_camerapipeline.c ****   int ret;
 372              		.loc 1 147 3 view .LVU106
 148:Src/app_camerapipeline.c **** 
 149:Src/app_camerapipeline.c ****   ret = CMW_CAMERA_Start(DCMIPP_PIPE2, nn_pipe_dst, cam_mode);
 373              		.loc 1 149 3 view .LVU107
 146:Src/app_camerapipeline.c ****   int ret;
 374              		.loc 1 146 1 is_stmt 0 view .LVU108
 375 0000 0A46     		mov	r2, r1
 376 0002 08B5     		push	{r3, lr}
 377              		.cfi_def_cfa_offset 8
 378              		.cfi_offset 3, -8
 379              		.cfi_offset 14, -4
 380              		.loc 1 149 9 view .LVU109
 381 0004 0146     		mov	r1, r0
 382              	.LVL26:
 383              		.loc 1 149 9 view .LVU110
 384 0006 0220     		movs	r0, #2
 385              	.LVL27:
 386              		.loc 1 149 9 view .LVU111
 387 0008 FFF7FEFF 		bl	CMW_CAMERA_Start
 388              	.LVL28:
 150:Src/app_camerapipeline.c ****   assert(ret == CMW_ERROR_NONE);
 389              		.loc 1 150 3 is_stmt 1 view .LVU112
 390 000c 28B1     		cbz	r0, .L17
 391              		.loc 1 150 3 is_stmt 0 discriminator 1 view .LVU113
 392 000e 9621     		movs	r1, #150
 393 0010 024B     		ldr	r3, .L19
 394 0012 034A     		ldr	r2, .L19+4
ARM GAS  /tmp/cc3YQJ5n.s 			page 12


 395 0014 0348     		ldr	r0, .L19+8
 396              	.LVL29:
 397              		.loc 1 150 3 discriminator 1 view .LVU114
 398 0016 FFF7FEFF 		bl	__assert_func
 399              	.LVL30:
 400              	.L17:
 151:Src/app_camerapipeline.c **** }
 401              		.loc 1 151 1 view .LVU115
 402 001a 08BD     		pop	{r3, pc}
 403              	.L20:
 404              		.align	2
 405              	.L19:
 406 001c 00000000 		.word	.LC0
 407 0020 00000000 		.word	__func__.2
 408 0024 16000000 		.word	.LC1
 409              		.cfi_endproc
 410              	.LFE1518:
 412              		.section	.text.CameraPipeline_DisplayPipe_Stop,"ax",%progbits
 413              		.align	1
 414              		.global	CameraPipeline_DisplayPipe_Stop
 415              		.syntax unified
 416              		.thumb
 417              		.thumb_func
 419              	CameraPipeline_DisplayPipe_Stop:
 420              	.LFB1519:
 152:Src/app_camerapipeline.c **** 
 153:Src/app_camerapipeline.c **** void CameraPipeline_DisplayPipe_Stop()
 154:Src/app_camerapipeline.c **** {
 421              		.loc 1 154 1 is_stmt 1 view -0
 422              		.cfi_startproc
 423              		@ args = 0, pretend = 0, frame = 0
 424              		@ frame_needed = 0, uses_anonymous_args = 0
 155:Src/app_camerapipeline.c ****   int ret;
 425              		.loc 1 155 3 view .LVU117
 156:Src/app_camerapipeline.c ****   ret = CMW_CAMERA_Suspend(DCMIPP_PIPE1);
 426              		.loc 1 156 3 view .LVU118
 154:Src/app_camerapipeline.c ****   int ret;
 427              		.loc 1 154 1 is_stmt 0 view .LVU119
 428 0000 08B5     		push	{r3, lr}
 429              		.cfi_def_cfa_offset 8
 430              		.cfi_offset 3, -8
 431              		.cfi_offset 14, -4
 432              		.loc 1 156 9 view .LVU120
 433 0002 0120     		movs	r0, #1
 434 0004 FFF7FEFF 		bl	CMW_CAMERA_Suspend
 435              	.LVL31:
 157:Src/app_camerapipeline.c ****   assert(ret == CMW_ERROR_NONE);
 436              		.loc 1 157 3 is_stmt 1 view .LVU121
 437 0008 28B1     		cbz	r0, .L21
 438              		.loc 1 157 3 is_stmt 0 discriminator 1 view .LVU122
 439 000a 9D21     		movs	r1, #157
 440 000c 024B     		ldr	r3, .L23
 441 000e 034A     		ldr	r2, .L23+4
 442 0010 0348     		ldr	r0, .L23+8
 443              	.LVL32:
 444              		.loc 1 157 3 discriminator 1 view .LVU123
 445 0012 FFF7FEFF 		bl	__assert_func
ARM GAS  /tmp/cc3YQJ5n.s 			page 13


 446              	.LVL33:
 447              	.L21:
 158:Src/app_camerapipeline.c **** }
 448              		.loc 1 158 1 view .LVU124
 449 0016 08BD     		pop	{r3, pc}
 450              	.L24:
 451              		.align	2
 452              	.L23:
 453 0018 00000000 		.word	.LC0
 454 001c 00000000 		.word	__func__.1
 455 0020 16000000 		.word	.LC1
 456              		.cfi_endproc
 457              	.LFE1519:
 459              		.section	.text.CameraPipeline_IspUpdate,"ax",%progbits
 460              		.align	1
 461              		.global	CameraPipeline_IspUpdate
 462              		.syntax unified
 463              		.thumb
 464              		.thumb_func
 466              	CameraPipeline_IspUpdate:
 467              	.LFB1520:
 159:Src/app_camerapipeline.c **** 
 160:Src/app_camerapipeline.c **** void CameraPipeline_IspUpdate(void)
 161:Src/app_camerapipeline.c **** {
 468              		.loc 1 161 1 is_stmt 1 view -0
 469              		.cfi_startproc
 470              		@ args = 0, pretend = 0, frame = 0
 471              		@ frame_needed = 0, uses_anonymous_args = 0
 162:Src/app_camerapipeline.c ****   int ret = CMW_ERROR_NONE;
 472              		.loc 1 162 3 view .LVU126
 473              	.LVL34:
 163:Src/app_camerapipeline.c ****   ret = CMW_CAMERA_Run();
 474              		.loc 1 163 3 view .LVU127
 161:Src/app_camerapipeline.c ****   int ret = CMW_ERROR_NONE;
 475              		.loc 1 161 1 is_stmt 0 view .LVU128
 476 0000 08B5     		push	{r3, lr}
 477              		.cfi_def_cfa_offset 8
 478              		.cfi_offset 3, -8
 479              		.cfi_offset 14, -4
 480              		.loc 1 163 9 view .LVU129
 481 0002 FFF7FEFF 		bl	CMW_CAMERA_Run
 482              	.LVL35:
 164:Src/app_camerapipeline.c ****   assert(ret == CMW_ERROR_NONE);
 483              		.loc 1 164 3 is_stmt 1 view .LVU130
 484 0006 28B1     		cbz	r0, .L25
 485              		.loc 1 164 3 is_stmt 0 discriminator 1 view .LVU131
 486 0008 A421     		movs	r1, #164
 487 000a 034B     		ldr	r3, .L27
 488 000c 034A     		ldr	r2, .L27+4
 489 000e 0448     		ldr	r0, .L27+8
 490              	.LVL36:
 491              		.loc 1 164 3 discriminator 1 view .LVU132
 492 0010 FFF7FEFF 		bl	__assert_func
 493              	.LVL37:
 494              	.L25:
 165:Src/app_camerapipeline.c **** }
 495              		.loc 1 165 1 view .LVU133
ARM GAS  /tmp/cc3YQJ5n.s 			page 14


 496 0014 08BD     		pop	{r3, pc}
 497              	.L28:
 498 0016 00BF     		.align	2
 499              	.L27:
 500 0018 00000000 		.word	.LC0
 501 001c 00000000 		.word	__func__.0
 502 0020 16000000 		.word	.LC1
 503              		.cfi_endproc
 504              	.LFE1520:
 506              		.section	.text.CMW_CAMERA_PIPE_FrameEventCallback,"ax",%progbits
 507              		.align	1
 508              		.global	CMW_CAMERA_PIPE_FrameEventCallback
 509              		.syntax unified
 510              		.thumb
 511              		.thumb_func
 513              	CMW_CAMERA_PIPE_FrameEventCallback:
 514              	.LVL38:
 515              	.LFB1521:
 166:Src/app_camerapipeline.c **** 
 167:Src/app_camerapipeline.c **** /**
 168:Src/app_camerapipeline.c ****   * @brief  Frame event callback
 169:Src/app_camerapipeline.c ****   * @param  hdcmipp pointer to the DCMIPP handle
 170:Src/app_camerapipeline.c ****   * @retval None
 171:Src/app_camerapipeline.c ****   */
 172:Src/app_camerapipeline.c **** int CMW_CAMERA_PIPE_FrameEventCallback(uint32_t pipe)
 173:Src/app_camerapipeline.c **** {
 516              		.loc 1 173 1 is_stmt 1 view -0
 517              		.cfi_startproc
 518              		@ args = 0, pretend = 0, frame = 0
 519              		@ frame_needed = 0, uses_anonymous_args = 0
 520              		@ link register save eliminated.
 174:Src/app_camerapipeline.c ****   switch (pipe)
 521              		.loc 1 174 3 view .LVU135
 522 0000 0228     		cmp	r0, #2
 175:Src/app_camerapipeline.c ****   {
 176:Src/app_camerapipeline.c ****     case DCMIPP_PIPE2 :
 177:Src/app_camerapipeline.c ****       cameraFrameReceived++;
 523              		.loc 1 177 7 view .LVU136
 524              		.loc 1 177 26 is_stmt 0 view .LVU137
 525 0002 08BF     		it	eq
 526 0004 034A     		ldreq	r2, .L31
 178:Src/app_camerapipeline.c ****       break;
 179:Src/app_camerapipeline.c ****   }
 180:Src/app_camerapipeline.c ****   return 0;
 181:Src/app_camerapipeline.c **** }
 527              		.loc 1 181 1 view .LVU138
 528 0006 4FF00000 		mov	r0, #0
 529              	.LVL39:
 177:Src/app_camerapipeline.c ****       break;
 530              		.loc 1 177 26 view .LVU139
 531 000a 02BF     		ittt	eq
 532 000c 1368     		ldreq	r3, [r2]
 533 000e 0133     		addeq	r3, r3, #1
 534 0010 1360     		streq	r3, [r2]
 178:Src/app_camerapipeline.c ****       break;
 535              		.loc 1 178 7 is_stmt 1 view .LVU140
 180:Src/app_camerapipeline.c **** }
ARM GAS  /tmp/cc3YQJ5n.s 			page 15


 536              		.loc 1 180 3 view .LVU141
 537              		.loc 1 181 1 is_stmt 0 view .LVU142
 538 0012 7047     		bx	lr
 539              	.L32:
 540              		.align	2
 541              	.L31:
 542 0014 00000000 		.word	cameraFrameReceived
 543              		.cfi_endproc
 544              	.LFE1521:
 546              		.section	.text.CMW_CAMERA_PIPE_ErrorCallback,"ax",%progbits
 547              		.align	1
 548              		.global	CMW_CAMERA_PIPE_ErrorCallback
 549              		.syntax unified
 550              		.thumb
 551              		.thumb_func
 553              	CMW_CAMERA_PIPE_ErrorCallback:
 554              	.LVL40:
 555              	.LFB1522:
 182:Src/app_camerapipeline.c **** 
 183:Src/app_camerapipeline.c **** void CMW_CAMERA_PIPE_ErrorCallback(uint32_t pipe)
 184:Src/app_camerapipeline.c **** {
 556              		.loc 1 184 1 is_stmt 1 view -0
 557              		.cfi_startproc
 558              		@ args = 0, pretend = 0, frame = 0
 559              		@ frame_needed = 0, uses_anonymous_args = 0
 560              		@ link register save eliminated.
 185:Src/app_camerapipeline.c ****   /* FIXME : Need to tune sensor/ipplug so we can remove this implementation */
 186:Src/app_camerapipeline.c **** }
 561              		.loc 1 186 1 view .LVU144
 562 0000 7047     		bx	lr
 563              		.cfi_endproc
 564              	.LFE1522:
 566              		.section	.rodata.__func__.0,"a"
 569              	__func__.0:
 570 0000 43616D65 		.ascii	"CameraPipeline_IspUpdate\000"
 570      72615069 
 570      70656C69 
 570      6E655F49 
 570      73705570 
 571              		.section	.rodata.__func__.1,"a"
 574              	__func__.1:
 575 0000 43616D65 		.ascii	"CameraPipeline_DisplayPipe_Stop\000"
 575      72615069 
 575      70656C69 
 575      6E655F44 
 575      6973706C 
 576              		.section	.rodata.__func__.2,"a"
 579              	__func__.2:
 580 0000 43616D65 		.ascii	"CameraPipeline_NNPipe_Start\000"
 580      72615069 
 580      70656C69 
 580      6E655F4E 
 580      4E506970 
 581              		.section	.rodata.__func__.3,"a"
 584              	__func__.3:
 585 0000 43616D65 		.ascii	"CameraPipeline_DisplayPipe_Start\000"
 585      72615069 
ARM GAS  /tmp/cc3YQJ5n.s 			page 16


 585      70656C69 
 585      6E655F44 
 585      6973706C 
 586              		.section	.rodata.__func__.4,"a"
 589              	__func__.4:
 590 0000 43616D65 		.ascii	"CameraPipeline_DeInit\000"
 590      72615069 
 590      70656C69 
 590      6E655F44 
 590      65496E69 
 591              		.section	.rodata.__func__.5,"a"
 594              	__func__.5:
 595 0000 44434D49 		.ascii	"DCMIPP_PipeInitNn\000"
 595      50505F50 
 595      69706549 
 595      6E69744E 
 595      6E00
 596              		.section	.rodata.__func__.6,"a"
 599              	__func__.6:
 600 0000 44434D49 		.ascii	"DCMIPP_PipeInitDisplay\000"
 600      50505F50 
 600      69706549 
 600      6E697444 
 600      6973706C 
 601              		.section	.rodata.__func__.7,"a"
 604              	__func__.7:
 605 0000 43616D65 		.ascii	"CameraPipeline_Init\000"
 605      72615069 
 605      70656C69 
 605      6E655F49 
 605      6E697400 
 606              		.text
 607              	.Letext0:
 608              		.file 2 "/home/min/snap/code/235/.local/share/stm32cube/bundles/gnu-tools-for-stm32/14.3.1+st.2/ar
 609              		.file 3 "/home/min/snap/code/235/.local/share/stm32cube/bundles/gnu-tools-for-stm32/14.3.1+st.2/ar
 610              		.file 4 "../../STM32Cube_FW_N6/Drivers/STM32N6xx_HAL_Driver/Inc/stm32n6xx_hal_def.h"
 611              		.file 5 "../../Middlewares/stm32-mw-camera/cmw_camera.h"
 612              		.file 6 "/home/min/snap/code/235/.local/share/stm32cube/bundles/gnu-tools-for-stm32/14.3.1+st.2/ar
 613              		.file 7 "<built-in>"
ARM GAS  /tmp/cc3YQJ5n.s 			page 17


DEFINED SYMBOLS
                            *ABS*:00000000 app_camerapipeline.c
     /tmp/cc3YQJ5n.s:36     .text.CameraPipeline_Init:00000000 $t
     /tmp/cc3YQJ5n.s:42     .text.CameraPipeline_Init:00000000 CameraPipeline_Init
     /tmp/cc3YQJ5n.s:248    .text.CameraPipeline_Init:000000a8 $d
     /tmp/cc3YQJ5n.s:604    .rodata.__func__.7:00000000 __func__.7
     /tmp/cc3YQJ5n.s:599    .rodata.__func__.6:00000000 __func__.6
     /tmp/cc3YQJ5n.s:594    .rodata.__func__.5:00000000 __func__.5
     /tmp/cc3YQJ5n.s:259    .text.CameraPipeline_DeInit:00000000 $t
     /tmp/cc3YQJ5n.s:265    .text.CameraPipeline_DeInit:00000000 CameraPipeline_DeInit
     /tmp/cc3YQJ5n.s:298    .text.CameraPipeline_DeInit:00000018 $d
     /tmp/cc3YQJ5n.s:589    .rodata.__func__.4:00000000 __func__.4
     /tmp/cc3YQJ5n.s:305    .text.CameraPipeline_DisplayPipe_Start:00000000 $t
     /tmp/cc3YQJ5n.s:311    .text.CameraPipeline_DisplayPipe_Start:00000000 CameraPipeline_DisplayPipe_Start
     /tmp/cc3YQJ5n.s:352    .text.CameraPipeline_DisplayPipe_Start:0000001c $d
     /tmp/cc3YQJ5n.s:584    .rodata.__func__.3:00000000 __func__.3
     /tmp/cc3YQJ5n.s:359    .text.CameraPipeline_NNPipe_Start:00000000 $t
     /tmp/cc3YQJ5n.s:365    .text.CameraPipeline_NNPipe_Start:00000000 CameraPipeline_NNPipe_Start
     /tmp/cc3YQJ5n.s:406    .text.CameraPipeline_NNPipe_Start:0000001c $d
     /tmp/cc3YQJ5n.s:579    .rodata.__func__.2:00000000 __func__.2
     /tmp/cc3YQJ5n.s:413    .text.CameraPipeline_DisplayPipe_Stop:00000000 $t
     /tmp/cc3YQJ5n.s:419    .text.CameraPipeline_DisplayPipe_Stop:00000000 CameraPipeline_DisplayPipe_Stop
     /tmp/cc3YQJ5n.s:453    .text.CameraPipeline_DisplayPipe_Stop:00000018 $d
     /tmp/cc3YQJ5n.s:574    .rodata.__func__.1:00000000 __func__.1
     /tmp/cc3YQJ5n.s:460    .text.CameraPipeline_IspUpdate:00000000 $t
     /tmp/cc3YQJ5n.s:466    .text.CameraPipeline_IspUpdate:00000000 CameraPipeline_IspUpdate
     /tmp/cc3YQJ5n.s:500    .text.CameraPipeline_IspUpdate:00000018 $d
     /tmp/cc3YQJ5n.s:569    .rodata.__func__.0:00000000 __func__.0
     /tmp/cc3YQJ5n.s:507    .text.CMW_CAMERA_PIPE_FrameEventCallback:00000000 $t
     /tmp/cc3YQJ5n.s:513    .text.CMW_CAMERA_PIPE_FrameEventCallback:00000000 CMW_CAMERA_PIPE_FrameEventCallback
     /tmp/cc3YQJ5n.s:542    .text.CMW_CAMERA_PIPE_FrameEventCallback:00000014 $d
     /tmp/cc3YQJ5n.s:547    .text.CMW_CAMERA_PIPE_ErrorCallback:00000000 $t
     /tmp/cc3YQJ5n.s:553    .text.CMW_CAMERA_PIPE_ErrorCallback:00000000 CMW_CAMERA_PIPE_ErrorCallback
                           .group:00000000 wm4.0.0340b1c6b35792986b320b0caf0e6143
                           .group:00000000 wm4._newlib_version.h.4.0eb654b64686e2bd29646258853f6c22
                           .group:00000000 wm4.newlib.h.27.b904f6f8971bd921b436e5701877de32
                           .group:00000000 wm4.ieeefp.h.77.99029d7b8220a2cd73dd257e2bbe825d
                           .group:00000000 wm4.features.h.22.4b93ad64e0d80833c46a20ecae380bb0
                           .group:00000000 wm4.config.h.224.10ee1ad185d877c6e334e6581faab44d
                           .group:00000000 wm4._ansi.h.31.de524f58584151836e90d8620a16f8e8
                           .group:00000000 wm4.assert.h.11.db24e541f16414db224bf986d21017e2
                           .group:00000000 wm4.cmw_errno.h.21.91021ac9b2627a1ce6b8517d105715d1
                           .group:00000000 wm4.stm32n6xx_hal_conf.h.21.e6f895f5dec93fd886896ef3aa220611
                           .group:00000000 wm4.stddef.h.39.811583f327f35b0df7808fda70b062a0
                           .group:00000000 wm4.arm_cmse.h.103.a0d15a79c4c9a67da8d5831704d7248e
                           .group:00000000 wm4.stm32n6xx.h.34.c523a1ffdf274a69e8802892c6776332
                           .group:00000000 wm4.stm32n657xx.h.26.acd272cb67318cc1a4791ce2f0720ca6
                           .group:00000000 wm4._default_types.h.6.959254cf5f09734ea7516c89e8bb21bd
                           .group:00000000 wm4._intsup.h.10.48bafbb683905c4daa4565a85aeeb264
                           .group:00000000 wm4._stdint.h.10.c24fa3af3bc1706662bb5593a907e841
                           .group:00000000 wm4.stdint.h.23.d53047a68f4a85177f80b422d52785ed
                           .group:00000000 wm4.cmsis_version.h.30.d128735bf87720f7436b74fefeb5043c
                           .group:00000000 wm4.core_cm55.h.67.25006a3ce7048d64bcddd2996d5fac93
                           .group:00000000 wm4.arm_acle.h.28.a0697f530ff2dbf8c463bef049b82760
                           .group:00000000 wm4.cmsis_gcc.h.39.eba7438bc45fd1a6e6376b63ffe44436
                           .group:00000000 wm4.cmsis_gcc_m.h.24.e590ec51aeda3a1242400351d73f5dce
                           .group:00000000 wm4.core_cm55.h.213.0528f46a674315ef8d35c4477e230358
ARM GAS  /tmp/cc3YQJ5n.s 			page 18


                           .group:00000000 wm4.armv8m_mpu.h.24.bf28cc25bee30a7ff9d2f7a44a5e2230
                           .group:00000000 wm4.armv8m_pmu.h.24.6ded195d2625055391fd378c0e1d2519
                           .group:00000000 wm4.core_cm55.h.4477.396e822ef855bcfb932819ad48de1c4c
                           .group:00000000 wm4.armv7m_cachel1.h.24.936dd92d6e204a8d0b17d5e4ea4a356e
                           .group:00000000 wm4.stm32n657xx.h.575.78d331c417ec710388ced647138f735f
                           .group:00000000 wm4.stm32n6xx.h.116.b4247d9785590e7c5ec9234ffb2153bf
                           .group:00000000 wm4.stm32_hal_legacy.h.22.e62aae2fd3ae33360b6781c8a72e5b18
                           .group:00000000 wm4.cdefs.h.49.56fd742369e655e7e8a7e365e706e208
                           .group:00000000 wm4._types.h.20.dd0d04dca3800a0d2a6129b87f3adbb2
                           .group:00000000 wm4.stddef.h.173.4903093a50a8482cb062b176ea61fac3
                           .group:00000000 wm4._types.h.127.3bdfe3ff8ea2d0985b03d9cbe93480e3
                           .group:00000000 wm4.reent.h.18.25503cdc8b7e55dd0d6ea7b3e5af7a03
                           .group:00000000 wm4.lock.h.2.1461d1fff82dffe8bfddc23307f6484f
                           .group:00000000 wm4.reent.h.78.6d702f69a6d6435d2dbe915b10150b1a
                           .group:00000000 wm4.math.h.13.47cfc34cae8a1153323939c4d32cf7c2
                           .group:00000000 wm4.stm32n6xx_hal_def.h.63.3a8f01490e8852464e9fcb69092e9c75
                           .group:00000000 wm4.stm32n6xx_ll_bus.h.38.2366a295ee4cdb04833997d3787fcd2d
                           .group:00000000 wm4.stm32n6xx_ll_rcc.h.21.656bd5637db608589ad16ea57d39430c
                           .group:00000000 wm4.stm32n6xx_hal_rcc.h.194.69b522b1afdf59a82d05a1f71efe03c7
                           .group:00000000 wm4.stm32n6xx_hal_rcc_ex.h.21.cc6be0a7d168882a1a6f470236ba784c
                           .group:00000000 wm4.stm32n6xx_hal_rcc.h.4361.4b490a4a19722e68c21f88cb8a774a30
                           .group:00000000 wm4.stm32n6xx_hal_gpio.h.21.89d54af663b98eb8fc098192053f7eeb
                           .group:00000000 wm4.stm32n6xx_hal_gpio_ex.h.22.f7e795fb05a69a19b87d946b47c8db8b
                           .group:00000000 wm4.stm32n6xx_hal_rif.h.21.33f2c553a8a3fc14dca8c470b213ab19
                           .group:00000000 wm4.stm32n6xx_hal_dma.h.21.61e48c5c2e8d25d22177834b232fe45c
                           .group:00000000 wm4.stm32n6xx_hal_dma_ex.h.21.82f854ecdb6a463b06d0b4e5c217c368
                           .group:00000000 wm4.stm32n6xx_hal_dma.h.1020.87e2180c009560b617c1f8208140c950
                           .group:00000000 wm4.stm32n6xx_hal_cortex.h.21.f493623cc58f9454ab4eae41e395c5cc
                           .group:00000000 wm4.stm32n6xx_hal_bsec.h.21.1ee89319140541f82434908b4267aa30
                           .group:00000000 wm4.stm32n6xx_hal_dcmipp.h.21.e2b87dce83d7d722d696a597f6ac56bf
                           .group:00000000 wm4.stm32n6xx_hal_dma2d.h.21.75c8d46cdbb72970123b3f34ae2043d7
                           .group:00000000 wm4.stm32n6xx_hal_exti.h.21.e0efb23591051684dc14f1f2431c6aab
                           .group:00000000 wm4.stm32n6xx_hal_i2c.h.21.3f483626ff64c5bf027265bb2e1d1331
                           .group:00000000 wm4.stm32n6xx_hal_i2c_ex.h.21.79e9196c22282cdaf6b4047893638c45
                           .group:00000000 wm4.stm32n6xx_hal_i2c.h.741.1084702632703acc669e4282b3043372
                           .group:00000000 wm4.stm32n6xx_hal_ltdc.h.21.ae1eb09930e7e550e48e418ac5849e4d
                           .group:00000000 wm4.stm32n6xx_hal_ltdc.h.1002.b13ede7fc94ed5ad1c6768a157d2149a
                           .group:00000000 wm4.stm32n6xx_hal_pwr.h.21.cdb73e4869c3fed3fc84f901ec0e5f0a
                           .group:00000000 wm4.stm32n6xx_hal_pwr_ex.h.21.1a673224a58b0c1e5fad8eeda6514208
                           .group:00000000 wm4.stm32n6xx_hal_ramcfg.h.21.a62dfbb4d2c14e9a8c634a215e37bd3d
                           .group:00000000 wm4.stm32n6xx_hal_uart.h.21.230f549bfa0d5ebfd77bfb311b2aca15
                           .group:00000000 wm4.stm32n6xx_hal_uart_ex.h.21.a0d5511e1d0703b7b5278c8f5472b96d
                           .group:00000000 wm4.stm32n6xx_hal_xspi.h.21.7fd922d3bdb871475cf18436a68935bb
                           .group:00000000 wm4.stm32n6xx_hal_cacheaxi.h.21.7c3375b7903ec42376e4883320997f74
                           .group:00000000 wm4.stm32n6xx_hal.h.81.e79d59262ba173c33cf1d69281830d15
                           .group:00000000 wm4.stm32n6570_discovery_conf.h.21.f52c8202689527a3dc0d9c6cba9c0416
                           .group:00000000 wm4.stm32n6570_discovery_errno.h.22.80e523b09444a11ebe4b6e24ae914f0e
                           .group:00000000 wm4.stm32n6570_discovery_bus.h.62.3b5b2c6837f7adeb489604fa214cd371
                           .group:00000000 wm4.cmw_camera_conf.h.44.2cf1f5f6faa562b7e26aecd266b787f4
                           .group:00000000 wm4.isp_conf.h.21.f38432dbfef47e2ce2a64e60ef6a2d79
                           .group:00000000 wm4.stdio.h.27.3fc80220048df77954e38daec3bb9670
                           .group:00000000 wm4.stddef.h.173.1cea4f16a943c8e875db6791959c3141
                           .group:00000000 wm4.stdarg.h.34.3a23a216c0c293b3d2ea2e89281481e6
                           .group:00000000 wm4.stdio.h.47.dc31ec4674d7bcb103c9f08809549f45
                           .group:00000000 wm4.stdio.h.2.4aa87247282eca6c8f36f9de33d8df1a
                           .group:00000000 wm4.stdio.h.87.a1e20d2651f9bfb66e51bfbe849db00a
                           .group:00000000 wm4.stdlib.h.13.4ed386f5c1a80d71e72172885d946ef2
ARM GAS  /tmp/cc3YQJ5n.s 			page 19


                           .group:00000000 wm4.alloca.h.8.dfc0c703c47ec3e69746825b17d9e66d
                           .group:00000000 wm4.stdlib.h.56.f4862cfbf4363a1db01842d5bdf72c18
                           .group:00000000 wm4.string.h.8.c4b8571ce60dff2817f43fec8b86aecd
                           .group:00000000 wm4.string.h.177.59a005921fa78485abc80a0267de5752
                           .group:00000000 wm4.stdbool.h.29.c08aa3eec75cf5b9b5003883f43253f0
                           .group:00000000 wm4.isp_core.h.110.8c4344a3506ac8fadc31ee17c3f6f7d7
                           .group:00000000 wm4.cmw_camera.h.33.3e21b0797a1f24d8d61aeb33a948c5cd
                           .group:00000000 wm4.app_camerapipeline.h.19.61e64ae76e34bca3c90d340e39a37b12
                           .group:00000000 wm4.ll_aton_config.h.20.27cfa9f6f5afc4105991355367358a39
                           .group:00000000 wm4.ll_aton_attributes.h.20.d1fce4a2519a8c4442db76dcb52b420f
                           .group:00000000 wm4.ll_aton_cipher.h.20.e98fdae11c912f4036a83cedb835e14e
                           .group:00000000 wm4.assert.h.11.d99a111e320bc5106fc4046225782672
                           .group:00000000 wm4.errno.h.2.ba016d646105af6cad23be83630b6a3f
                           .group:00000000 wm4.errno.h.9.ae5ea2b0ff9ea6e39e585807e35200d3
                           .group:00000000 wm4.ll_aton_util.h.34.9098eaa90d3d72b819973556e3e5fe44
                           .group:00000000 wm4.ll_aton_osal.h.20.08c7c488030992aa35928699d77c6f6e
                           .group:00000000 wm4.ll_aton_platform.h.20.8f1d4e7781c282794886ffdd00ccd30b
                           .group:00000000 wm4.ll_aton_platform.h.205.098bebcb126012e5dfc0544db0a7d4c8
                           .group:00000000 wm4.inttypes.h.14.b28deb26920e51e0da310220ef0f9003
                           .group:00000000 wm4.inttypes.h.28.684aa7736e7ecc9a6ffc44acc61c7a90
                           .group:00000000 wm4.syslimits.h.34.de5cbd310098bc5895998b6bde577ed2
                           .group:00000000 wm4.limits.h.9.70fb0ada6f71b16202a66baaa6d8ea70
                           .group:00000000 wm4.limits.h.60.56a1ae353e2028a24298ec6463b8b593
                           .group:00000000 wm4.ATONidxs.h.16.969ebf3fd32e13543179e6907b3869c9
                           .group:00000000 wm4.ATON.h.19.0bce86f27eb7ac354272c44c1804cd24
                           .group:00000000 wm4.ll_aton_rcompat.h.22.4788366561a5f8dfb37661f794bdd403
                           .group:00000000 wm4.ll_aton_platform.h.279.2fa1ab569e6816db5b603cc3ef09d875
                           .group:00000000 wm4.ll_aton_rt_user_api.h.71.52957347efa02883c6e8b1a7f756d297
                           .group:00000000 wm4.stai.h.24.a274645e79490de4e05332b397550d1f
                           .group:00000000 wm4.stai_debug.h.37.4be079c70c66033549ba26b63a31db94
                           .group:00000000 wm4.ll_aton_stai_internal.h.35.4ede4d59178f196dca4b635c5600498b
                           .group:00000000 wm4.stai_network.h.57.8dfb21a08a1ef1a6e6a309b63eb85b05
                           .group:00000000 wm4.arm_math_types.h.28.9e71aea5cdf6aebdd83091bf39b4832a
                           .group:00000000 wm4.float.h.29.0e9d9baf95ec39f9555dc80c6e28186b
                           .group:00000000 wm4.arm_math_types.h.116.3e44bd031718f65bdb345972ddc8cf86
                           .group:00000000 wm4.arm_mve.h.48.53b982d307987e8d8669fd51fdc5e583
                           .group:00000000 wm4.arm_math_types.h.605.32c5d7843b3dcaa8f5174feea7de7445
                           .group:00000000 wm4.arm_math_memory.h.28.3ee75b06517df8378241b72d6c61e5b0
                           .group:00000000 wm4.none.h.185.db055cca83e83f96d8d0bb450fbdf4bb
                           .group:00000000 wm4.utils.h.41.820d6032ed1c0d7dd5bd2ed80938ee65
                           .group:00000000 wm4.fast_math_functions.h.28.aa389abd5521cfceab0e76a6af3dd2e2
                           .group:00000000 wm4.matrix_functions.h.28.8fc8488c73b2d6f328b0946db3460102
                           .group:00000000 wm4.controller_functions.h.28.388735b97ccd96442b0ac9e554629f36
                           .group:00000000 wm4.filtering_functions.h.46.6cf1424fb1f86d5f9958d208b83340a1
                           .group:00000000 wm4.lcd.h.21.98701c105e66fef2e089854e5bc0fe32
                           .group:00000000 wm4.stm32_lcd.h.55.1a04e503950bf34ef3721d2ebb9542fc
                           .group:00000000 wm4.app_config.h.26.21904fc3508749247345de609f8b6a31

UNDEFINED SYMBOLS
CMW_CAMERA_Init
__assert_func
memset
CMW_CAMERA_SetPipeConfig
CMW_CAMERA_DeInit
CMW_CAMERA_Start
CMW_CAMERA_Suspend
CMW_CAMERA_Run
ARM GAS  /tmp/cc3YQJ5n.s 			page 20


cameraFrameReceived
