ARM GAS  /tmp/ccolP9Oe.s 			page 1


   1              		.arch armv8.1-m.main
   2              		.fpu fpv5-d16
   3              		.arch_extension dsp
   4              		.arch_extension fp
   5              		.arch_extension fp.dp
   6              		.arch_extension mve
   7              		.arch_extension mve.fp
   8              		.eabi_attribute 5, "cortex-m55"
   9              		.eabi_attribute 28, 1
  10              		.eabi_attribute 20, 1
  11              		.eabi_attribute 21, 1
  12              		.eabi_attribute 23, 3
  13              		.eabi_attribute 24, 1
  14              		.eabi_attribute 25, 1
  15              		.eabi_attribute 26, 1
  16              		.eabi_attribute 30, 4
  17              		.eabi_attribute 34, 1
  18              		.eabi_attribute 38, 1
  19              		.eabi_attribute 18, 4
  20              		.file	"app_postprocess_spe_movenet_ui.c"
  21              		.text
  22              	.Ltext0:
  23              		.cfi_sections	.debug_frame
  24              		.file 1 "../../Middlewares/ai-postprocessing-wrapper/app_postprocess_spe_movenet_ui.c"
  25              		.section	.text.movenet_decode_layout_int8,"ax",%progbits
  26              		.align	1
  27              		.syntax unified
  28              		.thumb
  29              		.thumb_func
  31              	movenet_decode_layout_int8:
  32              	.LVL0:
  33              	.LFB907:
   1:../../Middlewares/ai-postprocessing-wrapper/app_postprocess_spe_movenet_ui.c ****  /**
   2:../../Middlewares/ai-postprocessing-wrapper/app_postprocess_spe_movenet_ui.c ****  ******************************************************************************
   3:../../Middlewares/ai-postprocessing-wrapper/app_postprocess_spe_movenet_ui.c ****  * @file    app_postprocess_spe_movenet_ui.c
   4:../../Middlewares/ai-postprocessing-wrapper/app_postprocess_spe_movenet_ui.c ****  * @author  GPM Application Team
   5:../../Middlewares/ai-postprocessing-wrapper/app_postprocess_spe_movenet_ui.c ****  *
   6:../../Middlewares/ai-postprocessing-wrapper/app_postprocess_spe_movenet_ui.c ****  ******************************************************************************
   7:../../Middlewares/ai-postprocessing-wrapper/app_postprocess_spe_movenet_ui.c ****  * @attention
   8:../../Middlewares/ai-postprocessing-wrapper/app_postprocess_spe_movenet_ui.c ****  *
   9:../../Middlewares/ai-postprocessing-wrapper/app_postprocess_spe_movenet_ui.c ****  * Copyright (c) 2023 STMicroelectronics.
  10:../../Middlewares/ai-postprocessing-wrapper/app_postprocess_spe_movenet_ui.c ****  * All rights reserved.
  11:../../Middlewares/ai-postprocessing-wrapper/app_postprocess_spe_movenet_ui.c ****  *
  12:../../Middlewares/ai-postprocessing-wrapper/app_postprocess_spe_movenet_ui.c ****  * This software is licensed under terms that can be found in the LICENSE file
  13:../../Middlewares/ai-postprocessing-wrapper/app_postprocess_spe_movenet_ui.c ****  * in the root directory of this software component.
  14:../../Middlewares/ai-postprocessing-wrapper/app_postprocess_spe_movenet_ui.c ****  * If no LICENSE file comes with this software, it is provided AS-IS.
  15:../../Middlewares/ai-postprocessing-wrapper/app_postprocess_spe_movenet_ui.c ****  *
  16:../../Middlewares/ai-postprocessing-wrapper/app_postprocess_spe_movenet_ui.c ****  ******************************************************************************
  17:../../Middlewares/ai-postprocessing-wrapper/app_postprocess_spe_movenet_ui.c ****  */
  18:../../Middlewares/ai-postprocessing-wrapper/app_postprocess_spe_movenet_ui.c **** 
  19:../../Middlewares/ai-postprocessing-wrapper/app_postprocess_spe_movenet_ui.c **** 
  20:../../Middlewares/ai-postprocessing-wrapper/app_postprocess_spe_movenet_ui.c **** #include "app_postprocess.h"
  21:../../Middlewares/ai-postprocessing-wrapper/app_postprocess_spe_movenet_ui.c **** #include "app_config.h"
  22:../../Middlewares/ai-postprocessing-wrapper/app_postprocess_spe_movenet_ui.c **** #include <assert.h>
  23:../../Middlewares/ai-postprocessing-wrapper/app_postprocess_spe_movenet_ui.c **** #include <string.h>
  24:../../Middlewares/ai-postprocessing-wrapper/app_postprocess_spe_movenet_ui.c **** 
  25:../../Middlewares/ai-postprocessing-wrapper/app_postprocess_spe_movenet_ui.c **** 
ARM GAS  /tmp/ccolP9Oe.s 			page 2


  26:../../Middlewares/ai-postprocessing-wrapper/app_postprocess_spe_movenet_ui.c **** #if POSTPROCESS_TYPE == POSTPROCESS_SPE_MOVENET_UI
  27:../../Middlewares/ai-postprocessing-wrapper/app_postprocess_spe_movenet_ui.c **** static spe_pp_outBuffer_t out_detections[AI_POSE_PP_POSE_KEYPOINTS_NB];
  28:../../Middlewares/ai-postprocessing-wrapper/app_postprocess_spe_movenet_ui.c **** 
  29:../../Middlewares/ai-postprocessing-wrapper/app_postprocess_spe_movenet_ui.c **** static void movenet_decode_layout_int8(const int8_t *input,
  30:../../Middlewares/ai-postprocessing-wrapper/app_postprocess_spe_movenet_ui.c ****                                        spe_pp_outBuffer_t *output,
  31:../../Middlewares/ai-postprocessing-wrapper/app_postprocess_spe_movenet_ui.c ****                                        const spe_movenet_pp_static_param_t *params,
  32:../../Middlewares/ai-postprocessing-wrapper/app_postprocess_spe_movenet_ui.c ****                                        int channel_last)
  33:../../Middlewares/ai-postprocessing-wrapper/app_postprocess_spe_movenet_ui.c **** {
  34              		.loc 1 33 1 view -0
  35              		.cfi_startproc
  36              		@ args = 0, pretend = 0, frame = 8
  37              		@ frame_needed = 0, uses_anonymous_args = 0
  34:../../Middlewares/ai-postprocessing-wrapper/app_postprocess_spe_movenet_ui.c ****   const uint32_t width = params->heatmap_width;
  38              		.loc 1 34 3 view .LVU1
  39              		.loc 1 34 18 is_stmt 0 view .LVU2
  40 0000 92ED007A 		vldr.32	s14, [r2]	@ int
  41              	.LVL1:
  35:../../Middlewares/ai-postprocessing-wrapper/app_postprocess_spe_movenet_ui.c ****   const uint32_t height = params->heatmap_height;
  42              		.loc 1 35 3 is_stmt 1 view .LVU3
  33:../../Middlewares/ai-postprocessing-wrapper/app_postprocess_spe_movenet_ui.c ****   const uint32_t width = params->heatmap_width;
  43              		.loc 1 33 1 is_stmt 0 view .LVU4
  44 0004 2DE9F74F 		push	{r0, r1, r2, r4, r5, r6, r7, r8, r9, r10, fp, lr}
  45              		.cfi_def_cfa_offset 48
  46              		.cfi_offset 4, -36
  47              		.cfi_offset 5, -32
  48              		.cfi_offset 6, -28
  49              		.cfi_offset 7, -24
  50              		.cfi_offset 8, -20
  51              		.cfi_offset 9, -16
  52              		.cfi_offset 10, -12
  53              		.cfi_offset 11, -8
  54              		.cfi_offset 14, -4
  55              	.LBB2:
  36:../../Middlewares/ai-postprocessing-wrapper/app_postprocess_spe_movenet_ui.c ****   const uint32_t nb_keypoints = params->nb_keypoints;
  37:../../Middlewares/ai-postprocessing-wrapper/app_postprocess_spe_movenet_ui.c ****   const uint32_t plane_size = width * height;
  38:../../Middlewares/ai-postprocessing-wrapper/app_postprocess_spe_movenet_ui.c **** 
  39:../../Middlewares/ai-postprocessing-wrapper/app_postprocess_spe_movenet_ui.c ****   for (uint32_t keypoint = 0; keypoint < nb_keypoints; keypoint++)
  56              		.loc 1 39 3 view .LVU5
  57 0008 0026     		movs	r6, #0
  58              	.LBE2:
  33:../../Middlewares/ai-postprocessing-wrapper/app_postprocess_spe_movenet_ui.c ****   const uint32_t width = params->heatmap_width;
  59              		.loc 1 33 1 view .LVU6
  60 000a 0190     		str	r0, [sp, #4]
  37:../../Middlewares/ai-postprocessing-wrapper/app_postprocess_spe_movenet_ui.c **** 
  61              		.loc 1 37 18 view .LVU7
  62 000c 17EE100A 		vmov	r0, s14	@ int
  63              	.LVL2:
  64              	.LBB12:
  65              		.loc 1 39 17 view .LVU8
  66 0010 3546     		mov	r5, r6
  67              	.LBB3:
  40:../../Middlewares/ai-postprocessing-wrapper/app_postprocess_spe_movenet_ui.c ****   {
  41:../../Middlewares/ai-postprocessing-wrapper/app_postprocess_spe_movenet_ui.c ****     int8_t best_raw = input[channel_last ? keypoint : (keypoint * plane_size)];
  42:../../Middlewares/ai-postprocessing-wrapper/app_postprocess_spe_movenet_ui.c ****     uint32_t best_index = 0;
  43:../../Middlewares/ai-postprocessing-wrapper/app_postprocess_spe_movenet_ui.c **** 
  44:../../Middlewares/ai-postprocessing-wrapper/app_postprocess_spe_movenet_ui.c ****     for (uint32_t index = 1; index < plane_size; index++)
  45:../../Middlewares/ai-postprocessing-wrapper/app_postprocess_spe_movenet_ui.c ****     {
ARM GAS  /tmp/ccolP9Oe.s 			page 3


  46:../../Middlewares/ai-postprocessing-wrapper/app_postprocess_spe_movenet_ui.c ****       uint32_t raw_index = channel_last ? ((index * nb_keypoints) + keypoint) : ((keypoint * plane_
  47:../../Middlewares/ai-postprocessing-wrapper/app_postprocess_spe_movenet_ui.c ****       int8_t raw = input[raw_index];
  48:../../Middlewares/ai-postprocessing-wrapper/app_postprocess_spe_movenet_ui.c **** 
  49:../../Middlewares/ai-postprocessing-wrapper/app_postprocess_spe_movenet_ui.c ****       if (raw > best_raw)
  50:../../Middlewares/ai-postprocessing-wrapper/app_postprocess_spe_movenet_ui.c ****       {
  51:../../Middlewares/ai-postprocessing-wrapper/app_postprocess_spe_movenet_ui.c ****         best_raw = raw;
  52:../../Middlewares/ai-postprocessing-wrapper/app_postprocess_spe_movenet_ui.c ****         best_index = index;
  53:../../Middlewares/ai-postprocessing-wrapper/app_postprocess_spe_movenet_ui.c ****       }
  54:../../Middlewares/ai-postprocessing-wrapper/app_postprocess_spe_movenet_ui.c ****     }
  55:../../Middlewares/ai-postprocessing-wrapper/app_postprocess_spe_movenet_ui.c **** 
  56:../../Middlewares/ai-postprocessing-wrapper/app_postprocess_spe_movenet_ui.c ****     output[keypoint].x_center = ((best_index % height) + 0.5f) / height;
  68              		.loc 1 56 56 view .LVU9
  69 0012 F6EE006A 		vmov.f32	s13, #5.0e-1
  70              	.LBE3:
  71              	.LBE12:
  33:../../Middlewares/ai-postprocessing-wrapper/app_postprocess_spe_movenet_ui.c ****   const uint32_t width = params->heatmap_width;
  72              		.loc 1 33 1 view .LVU10
  73 0016 9846     		mov	r8, r3
  36:../../Middlewares/ai-postprocessing-wrapper/app_postprocess_spe_movenet_ui.c ****   const uint32_t plane_size = width * height;
  74              		.loc 1 36 18 view .LVU11
  75 0018 D2E9013A 		ldrd	r3, r10, [r2, #4]
  76              	.LVL3:
  37:../../Middlewares/ai-postprocessing-wrapper/app_postprocess_spe_movenet_ui.c **** 
  77              		.loc 1 37 3 is_stmt 1 view .LVU12
  37:../../Middlewares/ai-postprocessing-wrapper/app_postprocess_spe_movenet_ui.c **** 
  78              		.loc 1 37 18 is_stmt 0 view .LVU13
  79 001c 03FB00FE 		mul	lr, r3, r0
  80              	.LVL4:
  39:../../Middlewares/ai-postprocessing-wrapper/app_postprocess_spe_movenet_ui.c ****   {
  81              		.loc 1 39 3 is_stmt 1 view .LVU14
  82              	.LBB13:
  39:../../Middlewares/ai-postprocessing-wrapper/app_postprocess_spe_movenet_ui.c ****   {
  83              		.loc 1 39 8 view .LVU15
  84              	.L2:
  39:../../Middlewares/ai-postprocessing-wrapper/app_postprocess_spe_movenet_ui.c ****   {
  85              		.loc 1 39 40 discriminator 1 view .LVU16
  86 0020 5545     		cmp	r5, r10
  87 0022 02D1     		bne	.L8
  88              	.LBE13:
  57:../../Middlewares/ai-postprocessing-wrapper/app_postprocess_spe_movenet_ui.c ****     output[keypoint].y_center = ((best_index / height) + 0.5f) / width;
  58:../../Middlewares/ai-postprocessing-wrapper/app_postprocess_spe_movenet_ui.c ****     output[keypoint].proba = params->raw_scale * (float32_t)((int32_t)best_raw - (int32_t)params->r
  59:../../Middlewares/ai-postprocessing-wrapper/app_postprocess_spe_movenet_ui.c ****   }
  60:../../Middlewares/ai-postprocessing-wrapper/app_postprocess_spe_movenet_ui.c **** }
  89              		.loc 1 60 1 is_stmt 0 view .LVU17
  90 0024 03B0     		add	sp, sp, #12
  91              		.cfi_remember_state
  92              		.cfi_def_cfa_offset 36
  93              		@ sp needed
  94 0026 BDE8F08F 		pop	{r4, r5, r6, r7, r8, r9, r10, fp, pc}
  95              	.LVL5:
  96              	.L8:
  97              		.cfi_restore_state
  98              	.LBB14:
  99              	.LBB9:
  41:../../Middlewares/ai-postprocessing-wrapper/app_postprocess_spe_movenet_ui.c ****     uint32_t best_index = 0;
 100              		.loc 1 41 5 is_stmt 1 view .LVU18
  41:../../Middlewares/ai-postprocessing-wrapper/app_postprocess_spe_movenet_ui.c ****     uint32_t best_index = 0;
ARM GAS  /tmp/ccolP9Oe.s 			page 4


 101              		.loc 1 41 53 is_stmt 0 discriminator 2 view .LVU19
 102 002a B8F1000F 		cmp	r8, #0
 103 002e 0CBF     		ite	eq
 104 0030 3046     		moveq	r0, r6
 105 0032 2846     		movne	r0, r5
  41:../../Middlewares/ai-postprocessing-wrapper/app_postprocess_spe_movenet_ui.c ****     uint32_t best_index = 0;
 106              		.loc 1 41 12 discriminator 4 view .LVU20
 107 0034 019C     		ldr	r4, [sp, #4]
 108              	.LBB4:
  44:../../Middlewares/ai-postprocessing-wrapper/app_postprocess_spe_movenet_ui.c ****     {
 109              		.loc 1 44 19 view .LVU21
 110 0036 0127     		movs	r7, #1
 111              	.LBE4:
  41:../../Middlewares/ai-postprocessing-wrapper/app_postprocess_spe_movenet_ui.c ****     uint32_t best_index = 0;
 112              		.loc 1 41 12 discriminator 4 view .LVU22
 113 0038 2056     		ldrsb	r0, [r4, r0]
 114              	.LVL6:
  42:../../Middlewares/ai-postprocessing-wrapper/app_postprocess_spe_movenet_ui.c **** 
 115              		.loc 1 42 5 is_stmt 1 view .LVU23
  44:../../Middlewares/ai-postprocessing-wrapper/app_postprocess_spe_movenet_ui.c ****     {
 116              		.loc 1 44 5 view .LVU24
 117              	.LBB6:
  44:../../Middlewares/ai-postprocessing-wrapper/app_postprocess_spe_movenet_ui.c ****     {
 118              		.loc 1 44 10 view .LVU25
  44:../../Middlewares/ai-postprocessing-wrapper/app_postprocess_spe_movenet_ui.c ****     {
 119              		.loc 1 44 10 is_stmt 0 view .LVU26
 120              	.LBE6:
  42:../../Middlewares/ai-postprocessing-wrapper/app_postprocess_spe_movenet_ui.c **** 
 121              		.loc 1 42 14 view .LVU27
 122 003a 0024     		movs	r4, #0
 123 003c A645     		cmp	lr, r4
 124 003e 14BF     		ite	ne
 125 0040 F146     		movne	r9, lr
 126 0042 B946     		moveq	r9, r7
 127 0044 05EB0A0B 		add	fp, r5, r10
 128 0048 0094     		str	r4, [sp]
 129              	.LVL7:
 130              	.L4:
 131              	.LBB7:
  44:../../Middlewares/ai-postprocessing-wrapper/app_postprocess_spe_movenet_ui.c ****     {
 132              		.loc 1 44 36 is_stmt 1 discriminator 1 view .LVU28
 133 004a B9F10109 		subs	r9, r9, #1
 134 004e 2FD1     		bne	.L7
 135              	.LBE7:
  56:../../Middlewares/ai-postprocessing-wrapper/app_postprocess_spe_movenet_ui.c ****     output[keypoint].y_center = ((best_index / height) + 0.5f) / width;
 136              		.loc 1 56 5 view .LVU29
  56:../../Middlewares/ai-postprocessing-wrapper/app_postprocess_spe_movenet_ui.c ****     output[keypoint].y_center = ((best_index / height) + 0.5f) / width;
 137              		.loc 1 56 46 is_stmt 0 view .LVU30
 138 0050 009C     		ldr	r4, [sp]
  56:../../Middlewares/ai-postprocessing-wrapper/app_postprocess_spe_movenet_ui.c ****     output[keypoint].y_center = ((best_index / height) + 0.5f) / width;
 139              		.loc 1 56 64 view .LVU31
 140 0052 06EE103A 		vmov	s12, r3	@ int
  56:../../Middlewares/ai-postprocessing-wrapper/app_postprocess_spe_movenet_ui.c ****     output[keypoint].y_center = ((best_index / height) + 0.5f) / width;
 141              		.loc 1 56 46 view .LVU32
 142 0056 B4FBF3F7 		udiv	r7, r4, r3
 143              	.LVL8:
  56:../../Middlewares/ai-postprocessing-wrapper/app_postprocess_spe_movenet_ui.c ****     output[keypoint].y_center = ((best_index / height) + 0.5f) / width;
ARM GAS  /tmp/ccolP9Oe.s 			page 5


 144              		.loc 1 56 46 view .LVU33
 145 005a 03FB1744 		mls	r4, r3, r7, r4
 146 005e 07EE904A 		vmov	s15, r4	@ int
  56:../../Middlewares/ai-postprocessing-wrapper/app_postprocess_spe_movenet_ui.c ****     output[keypoint].y_center = ((best_index / height) + 0.5f) / width;
 147              		.loc 1 56 56 view .LVU34
 148 0062 F8EE677A 		vcvt.f32.u32	s15, s15
  56:../../Middlewares/ai-postprocessing-wrapper/app_postprocess_spe_movenet_ui.c ****     output[keypoint].y_center = ((best_index / height) + 0.5f) / width;
 149              		.loc 1 56 64 view .LVU35
 150 0066 F8EE465A 		vcvt.f32.u32	s11, s12
  56:../../Middlewares/ai-postprocessing-wrapper/app_postprocess_spe_movenet_ui.c ****     output[keypoint].y_center = ((best_index / height) + 0.5f) / width;
 151              		.loc 1 56 56 view .LVU36
 152 006a 77EEA67A 		vadd.f32	s15, s15, s13
  56:../../Middlewares/ai-postprocessing-wrapper/app_postprocess_spe_movenet_ui.c ****     output[keypoint].y_center = ((best_index / height) + 0.5f) / width;
 153              		.loc 1 56 64 view .LVU37
 154 006e 87EEA56A 		vdiv.f32	s12, s15, s11
  57:../../Middlewares/ai-postprocessing-wrapper/app_postprocess_spe_movenet_ui.c ****     output[keypoint].proba = params->raw_scale * (float32_t)((int32_t)best_raw - (int32_t)params->r
 155              		.loc 1 57 56 view .LVU38
 156 0072 07EE907A 		vmov	s15, r7	@ int
 157 0076 F8EE677A 		vcvt.f32.u32	s15, s15
  57:../../Middlewares/ai-postprocessing-wrapper/app_postprocess_spe_movenet_ui.c ****     output[keypoint].proba = params->raw_scale * (float32_t)((int32_t)best_raw - (int32_t)params->r
 158              		.loc 1 57 64 view .LVU39
 159 007a F8EE475A 		vcvt.f32.u32	s11, s14
  57:../../Middlewares/ai-postprocessing-wrapper/app_postprocess_spe_movenet_ui.c ****     output[keypoint].proba = params->raw_scale * (float32_t)((int32_t)best_raw - (int32_t)params->r
 160              		.loc 1 57 56 view .LVU40
 161 007e 77EEA67A 		vadd.f32	s15, s15, s13
  56:../../Middlewares/ai-postprocessing-wrapper/app_postprocess_spe_movenet_ui.c ****     output[keypoint].y_center = ((best_index / height) + 0.5f) / width;
 162              		.loc 1 56 31 view .LVU41
 163 0082 81ED006A 		vstr.32	s12, [r1]
  57:../../Middlewares/ai-postprocessing-wrapper/app_postprocess_spe_movenet_ui.c ****     output[keypoint].proba = params->raw_scale * (float32_t)((int32_t)best_raw - (int32_t)params->r
 164              		.loc 1 57 5 is_stmt 1 view .LVU42
  57:../../Middlewares/ai-postprocessing-wrapper/app_postprocess_spe_movenet_ui.c ****     output[keypoint].proba = params->raw_scale * (float32_t)((int32_t)best_raw - (int32_t)params->r
 165              		.loc 1 57 64 is_stmt 0 view .LVU43
 166 0086 87EEA56A 		vdiv.f32	s12, s15, s11
  57:../../Middlewares/ai-postprocessing-wrapper/app_postprocess_spe_movenet_ui.c ****     output[keypoint].proba = params->raw_scale * (float32_t)((int32_t)best_raw - (int32_t)params->r
 167              		.loc 1 57 31 view .LVU44
 168 008a 81ED016A 		vstr.32	s12, [r1, #4]
  58:../../Middlewares/ai-postprocessing-wrapper/app_postprocess_spe_movenet_ui.c ****   }
 169              		.loc 1 58 5 is_stmt 1 view .LVU45
  58:../../Middlewares/ai-postprocessing-wrapper/app_postprocess_spe_movenet_ui.c ****   }
 170              		.loc 1 58 82 is_stmt 0 view .LVU46
 171 008e 92F91040 		ldrsb	r4, [r2, #16]
  58:../../Middlewares/ai-postprocessing-wrapper/app_postprocess_spe_movenet_ui.c ****   }
 172              		.loc 1 58 48 view .LVU47
 173 0092 92ED036A 		vldr.32	s12, [r2, #12]
  58:../../Middlewares/ai-postprocessing-wrapper/app_postprocess_spe_movenet_ui.c ****   }
 174              		.loc 1 58 80 view .LVU48
 175 0096 001B     		subs	r0, r0, r4
 176              	.LVL9:
  58:../../Middlewares/ai-postprocessing-wrapper/app_postprocess_spe_movenet_ui.c ****   }
 177              		.loc 1 58 80 view .LVU49
 178 0098 07EE900A 		vmov	s15, r0	@ int
  58:../../Middlewares/ai-postprocessing-wrapper/app_postprocess_spe_movenet_ui.c ****   }
 179              		.loc 1 58 50 view .LVU50
 180 009c F8EEE77A 		vcvt.f32.s32	s15, s15
  58:../../Middlewares/ai-postprocessing-wrapper/app_postprocess_spe_movenet_ui.c ****   }
 181              		.loc 1 58 48 view .LVU51
 182 00a0 67EE867A 		vmul.f32	s15, s15, s12
ARM GAS  /tmp/ccolP9Oe.s 			page 6


 183              	.LBE9:
  39:../../Middlewares/ai-postprocessing-wrapper/app_postprocess_spe_movenet_ui.c ****   {
 184              		.loc 1 39 64 discriminator 2 view .LVU52
 185 00a4 0135     		adds	r5, r5, #1
 186              	.LVL10:
 187              	.LBB10:
  58:../../Middlewares/ai-postprocessing-wrapper/app_postprocess_spe_movenet_ui.c ****   }
 188              		.loc 1 58 28 view .LVU53
 189 00a6 C1ED027A 		vstr.32	s15, [r1, #8]
 190              	.LBE10:
  39:../../Middlewares/ai-postprocessing-wrapper/app_postprocess_spe_movenet_ui.c ****   {
 191              		.loc 1 39 64 is_stmt 1 discriminator 2 view .LVU54
 192              	.LVL11:
  39:../../Middlewares/ai-postprocessing-wrapper/app_postprocess_spe_movenet_ui.c ****   {
 193              		.loc 1 39 64 is_stmt 0 discriminator 2 view .LVU55
 194 00aa 7644     		add	r6, r6, lr
 195 00ac 0C31     		adds	r1, r1, #12
 196 00ae B7E7     		b	.L2
 197              	.LVL12:
 198              	.L7:
 199              	.LBB11:
 200              	.LBB8:
 201              	.LBB5:
  46:../../Middlewares/ai-postprocessing-wrapper/app_postprocess_spe_movenet_ui.c ****       int8_t raw = input[raw_index];
 202              		.loc 1 46 7 is_stmt 1 view .LVU56
  46:../../Middlewares/ai-postprocessing-wrapper/app_postprocess_spe_movenet_ui.c ****       int8_t raw = input[raw_index];
 203              		.loc 1 46 79 is_stmt 0 discriminator 2 view .LVU57
 204 00b0 B8F1000F 		cmp	r8, #0
 205 00b4 07EB060C 		add	ip, r7, r6
 206 00b8 18BF     		it	ne
 207 00ba DC46     		movne	ip, fp
 208              	.LVL13:
  47:../../Middlewares/ai-postprocessing-wrapper/app_postprocess_spe_movenet_ui.c **** 
 209              		.loc 1 47 7 is_stmt 1 view .LVU58
  47:../../Middlewares/ai-postprocessing-wrapper/app_postprocess_spe_movenet_ui.c **** 
 210              		.loc 1 47 14 is_stmt 0 view .LVU59
 211 00bc 019C     		ldr	r4, [sp, #4]
 212 00be D344     		add	fp, fp, r10
 213 00c0 14F90CC0 		ldrsb	ip, [r4, ip]
 214              	.LVL14:
  49:../../Middlewares/ai-postprocessing-wrapper/app_postprocess_spe_movenet_ui.c ****       {
 215              		.loc 1 49 7 is_stmt 1 view .LVU60
  49:../../Middlewares/ai-postprocessing-wrapper/app_postprocess_spe_movenet_ui.c ****       {
 216              		.loc 1 49 10 is_stmt 0 view .LVU61
 217 00c4 6045     		cmp	r0, ip
  49:../../Middlewares/ai-postprocessing-wrapper/app_postprocess_spe_movenet_ui.c ****       {
 218              		.loc 1 49 10 view .LVU62
 219 00c6 ACBF     		ite	ge
 220 00c8 8446     		movge	ip, r0
 221              	.LVL15:
  52:../../Middlewares/ai-postprocessing-wrapper/app_postprocess_spe_movenet_ui.c ****       }
 222              		.loc 1 52 20 view .LVU63
 223 00ca 0097     		strlt	r7, [sp]
 224              	.LVL16:
  52:../../Middlewares/ai-postprocessing-wrapper/app_postprocess_spe_movenet_ui.c ****       }
 225              		.loc 1 52 20 view .LVU64
 226              	.LBE5:
ARM GAS  /tmp/ccolP9Oe.s 			page 7


  44:../../Middlewares/ai-postprocessing-wrapper/app_postprocess_spe_movenet_ui.c ****     {
 227              		.loc 1 44 55 is_stmt 1 discriminator 2 view .LVU65
 228 00cc 6046     		mov	r0, ip
 229 00ce 0137     		adds	r7, r7, #1
 230              	.LVL17:
  44:../../Middlewares/ai-postprocessing-wrapper/app_postprocess_spe_movenet_ui.c ****     {
 231              		.loc 1 44 55 is_stmt 0 discriminator 2 view .LVU66
 232 00d0 BBE7     		b	.L4
 233              	.LBE8:
 234              	.LBE11:
 235              	.LBE14:
 236              		.cfi_endproc
 237              	.LFE907:
 239              		.section	.text.movenet_layout_spread_score,"ax",%progbits
 240              		.align	1
 241              		.syntax unified
 242              		.thumb
 243              		.thumb_func
 245              	movenet_layout_spread_score:
 246              	.LVL18:
 247              	.LFB908:
  61:../../Middlewares/ai-postprocessing-wrapper/app_postprocess_spe_movenet_ui.c **** 
  62:../../Middlewares/ai-postprocessing-wrapper/app_postprocess_spe_movenet_ui.c **** static uint32_t movenet_layout_spread_score(const spe_pp_outBuffer_t *output,
  63:../../Middlewares/ai-postprocessing-wrapper/app_postprocess_spe_movenet_ui.c ****                                             const spe_movenet_pp_static_param_t *params)
  64:../../Middlewares/ai-postprocessing-wrapper/app_postprocess_spe_movenet_ui.c **** {
 248              		.loc 1 64 1 is_stmt 1 view -0
 249              		.cfi_startproc
 250              		@ args = 0, pretend = 0, frame = 0
 251              		@ frame_needed = 0, uses_anonymous_args = 0
  65:../../Middlewares/ai-postprocessing-wrapper/app_postprocess_spe_movenet_ui.c ****   uint32_t score = 0;
 252              		.loc 1 65 3 view .LVU68
  66:../../Middlewares/ai-postprocessing-wrapper/app_postprocess_spe_movenet_ui.c **** 
  67:../../Middlewares/ai-postprocessing-wrapper/app_postprocess_spe_movenet_ui.c ****   for (uint32_t i = 0; i < params->nb_keypoints; i++)
 253              		.loc 1 67 3 view .LVU69
 254              	.LBB15:
 255              		.loc 1 67 8 view .LVU70
 256              		.loc 1 67 8 is_stmt 0 view .LVU71
 257 0000 0C23     		movs	r3, #12
 258              	.LBE15:
  64:../../Middlewares/ai-postprocessing-wrapper/app_postprocess_spe_movenet_ui.c ****   uint32_t score = 0;
 259              		.loc 1 64 1 view .LVU72
 260 0002 F0B5     		push	{r4, r5, r6, r7, lr}
 261              		.cfi_def_cfa_offset 20
 262              		.cfi_offset 4, -20
 263              		.cfi_offset 5, -16
 264              		.cfi_offset 6, -12
 265              		.cfi_offset 7, -8
 266              		.cfi_offset 14, -4
 267 0004 8E68     		ldr	r6, [r1, #8]
  64:../../Middlewares/ai-postprocessing-wrapper/app_postprocess_spe_movenet_ui.c ****   uint32_t score = 0;
 268              		.loc 1 64 1 view .LVU73
 269 0006 0446     		mov	r4, r0
 270              	.LBB21:
 271              		.loc 1 67 3 view .LVU74
 272 0008 0246     		mov	r2, r0
 273 000a 03FB0606 		mla	r6, r3, r6, r0
 274              	.LBE21:
ARM GAS  /tmp/ccolP9Oe.s 			page 8


  65:../../Middlewares/ai-postprocessing-wrapper/app_postprocess_spe_movenet_ui.c ****   uint32_t score = 0;
 275              		.loc 1 65 12 view .LVU75
 276 000e 0020     		movs	r0, #0
 277              	.LVL19:
 278              	.L14:
 279              	.LBB22:
 280              		.loc 1 67 26 is_stmt 1 discriminator 1 view .LVU76
 281 0010 B242     		cmp	r2, r6
 282 0012 00D1     		bne	.L19
 283              	.LBE22:
  68:../../Middlewares/ai-postprocessing-wrapper/app_postprocess_spe_movenet_ui.c ****   {
  69:../../Middlewares/ai-postprocessing-wrapper/app_postprocess_spe_movenet_ui.c ****     uint32_t xi = (uint32_t)(output[i].x_center * params->heatmap_width);
  70:../../Middlewares/ai-postprocessing-wrapper/app_postprocess_spe_movenet_ui.c ****     uint32_t yi = (uint32_t)(output[i].y_center * params->heatmap_height);
  71:../../Middlewares/ai-postprocessing-wrapper/app_postprocess_spe_movenet_ui.c **** 
  72:../../Middlewares/ai-postprocessing-wrapper/app_postprocess_spe_movenet_ui.c ****     for (uint32_t j = 0; j < i; j++)
  73:../../Middlewares/ai-postprocessing-wrapper/app_postprocess_spe_movenet_ui.c ****     {
  74:../../Middlewares/ai-postprocessing-wrapper/app_postprocess_spe_movenet_ui.c ****       uint32_t xj = (uint32_t)(output[j].x_center * params->heatmap_width);
  75:../../Middlewares/ai-postprocessing-wrapper/app_postprocess_spe_movenet_ui.c ****       uint32_t yj = (uint32_t)(output[j].y_center * params->heatmap_height);
  76:../../Middlewares/ai-postprocessing-wrapper/app_postprocess_spe_movenet_ui.c **** 
  77:../../Middlewares/ai-postprocessing-wrapper/app_postprocess_spe_movenet_ui.c ****       if ((xi != xj) || (yi != yj))
  78:../../Middlewares/ai-postprocessing-wrapper/app_postprocess_spe_movenet_ui.c ****       {
  79:../../Middlewares/ai-postprocessing-wrapper/app_postprocess_spe_movenet_ui.c ****         score++;
  80:../../Middlewares/ai-postprocessing-wrapper/app_postprocess_spe_movenet_ui.c ****       }
  81:../../Middlewares/ai-postprocessing-wrapper/app_postprocess_spe_movenet_ui.c ****     }
  82:../../Middlewares/ai-postprocessing-wrapper/app_postprocess_spe_movenet_ui.c ****   }
  83:../../Middlewares/ai-postprocessing-wrapper/app_postprocess_spe_movenet_ui.c **** 
  84:../../Middlewares/ai-postprocessing-wrapper/app_postprocess_spe_movenet_ui.c ****   return score;
 284              		.loc 1 84 3 view .LVU77
  85:../../Middlewares/ai-postprocessing-wrapper/app_postprocess_spe_movenet_ui.c **** }
 285              		.loc 1 85 1 is_stmt 0 view .LVU78
 286 0014 F0BD     		pop	{r4, r5, r6, r7, pc}
 287              	.LVL20:
 288              	.L19:
 289              	.LBB23:
 290              	.LBB16:
  69:../../Middlewares/ai-postprocessing-wrapper/app_postprocess_spe_movenet_ui.c ****     uint32_t yi = (uint32_t)(output[i].y_center * params->heatmap_height);
 291              		.loc 1 69 5 is_stmt 1 view .LVU79
  69:../../Middlewares/ai-postprocessing-wrapper/app_postprocess_spe_movenet_ui.c ****     uint32_t yi = (uint32_t)(output[i].y_center * params->heatmap_height);
 292              		.loc 1 69 49 is_stmt 0 view .LVU80
 293 0016 D1ED007A 		vldr.32	s15, [r1]	@ int
  70:../../Middlewares/ai-postprocessing-wrapper/app_postprocess_spe_movenet_ui.c **** 
 294              		.loc 1 70 49 view .LVU81
 295 001a 91ED017A 		vldr.32	s14, [r1, #4]	@ int
  69:../../Middlewares/ai-postprocessing-wrapper/app_postprocess_spe_movenet_ui.c ****     uint32_t yi = (uint32_t)(output[i].y_center * params->heatmap_height);
 296              		.loc 1 69 49 view .LVU82
 297 001e B8EE676A 		vcvt.f32.u32	s12, s15
  70:../../Middlewares/ai-postprocessing-wrapper/app_postprocess_spe_movenet_ui.c **** 
 298              		.loc 1 70 49 view .LVU83
 299 0022 F8EE475A 		vcvt.f32.u32	s11, s14
  69:../../Middlewares/ai-postprocessing-wrapper/app_postprocess_spe_movenet_ui.c ****     uint32_t yi = (uint32_t)(output[i].y_center * params->heatmap_height);
 300              		.loc 1 69 49 view .LVU84
 301 0026 D2ED007A 		vldr.32	s15, [r2]
  70:../../Middlewares/ai-postprocessing-wrapper/app_postprocess_spe_movenet_ui.c **** 
 302              		.loc 1 70 49 view .LVU85
 303 002a 92ED017A 		vldr.32	s14, [r2, #4]
  69:../../Middlewares/ai-postprocessing-wrapper/app_postprocess_spe_movenet_ui.c ****     uint32_t yi = (uint32_t)(output[i].y_center * params->heatmap_height);
 304              		.loc 1 69 49 view .LVU86
ARM GAS  /tmp/ccolP9Oe.s 			page 9


 305 002e 66EE277A 		vmul.f32	s15, s12, s15
  70:../../Middlewares/ai-postprocessing-wrapper/app_postprocess_spe_movenet_ui.c **** 
 306              		.loc 1 70 49 view .LVU87
 307 0032 25EE877A 		vmul.f32	s14, s11, s14
  69:../../Middlewares/ai-postprocessing-wrapper/app_postprocess_spe_movenet_ui.c ****     uint32_t yi = (uint32_t)(output[i].y_center * params->heatmap_height);
 308              		.loc 1 69 14 view .LVU88
 309 0036 FCEEE77A 		vcvt.u32.f32	s15, s15
 310              	.LVL21:
  70:../../Middlewares/ai-postprocessing-wrapper/app_postprocess_spe_movenet_ui.c **** 
 311              		.loc 1 70 5 is_stmt 1 view .LVU89
  70:../../Middlewares/ai-postprocessing-wrapper/app_postprocess_spe_movenet_ui.c **** 
 312              		.loc 1 70 14 is_stmt 0 view .LVU90
 313 003a BCEEC77A 		vcvt.u32.f32	s14, s14
 314              	.LVL22:
  72:../../Middlewares/ai-postprocessing-wrapper/app_postprocess_spe_movenet_ui.c ****     {
 315              		.loc 1 72 5 is_stmt 1 view .LVU91
 316              	.LBB17:
  72:../../Middlewares/ai-postprocessing-wrapper/app_postprocess_spe_movenet_ui.c ****     {
 317              		.loc 1 72 10 view .LVU92
  72:../../Middlewares/ai-postprocessing-wrapper/app_postprocess_spe_movenet_ui.c ****     {
 318              		.loc 1 72 5 is_stmt 0 view .LVU93
 319 003e 2546     		mov	r5, r4
 320 0040 124F     		ldr	r7, .L20
 321 0042 131B     		subs	r3, r2, r4
 322 0044 9B08     		lsrs	r3, r3, #2
 323 0046 7B43     		muls	r3, r7, r3
 324 0048 23F04043 		bic	r3, r3, #-1073741824
 325 004c 0133     		adds	r3, r3, #1
 326              	.LVL23:
 327              	.L15:
  72:../../Middlewares/ai-postprocessing-wrapper/app_postprocess_spe_movenet_ui.c ****     {
 328              		.loc 1 72 28 is_stmt 1 discriminator 1 view .LVU94
 329 004e 013B     		subs	r3, r3, #1
 330 0050 01D1     		bne	.L18
  72:../../Middlewares/ai-postprocessing-wrapper/app_postprocess_spe_movenet_ui.c ****     {
 331              		.loc 1 72 28 is_stmt 0 discriminator 1 view .LVU95
 332              	.LBE17:
 333              	.LBE16:
  67:../../Middlewares/ai-postprocessing-wrapper/app_postprocess_spe_movenet_ui.c ****   {
 334              		.loc 1 67 51 is_stmt 1 discriminator 2 view .LVU96
 335 0052 0C32     		adds	r2, r2, #12
 336 0054 DCE7     		b	.L14
 337              	.L18:
 338              	.LBB20:
 339              	.LBB19:
 340              	.LBB18:
  74:../../Middlewares/ai-postprocessing-wrapper/app_postprocess_spe_movenet_ui.c ****       uint32_t yj = (uint32_t)(output[j].y_center * params->heatmap_height);
 341              		.loc 1 74 7 view .LVU97
 342              	.LVL24:
  75:../../Middlewares/ai-postprocessing-wrapper/app_postprocess_spe_movenet_ui.c **** 
 343              		.loc 1 75 7 view .LVU98
  77:../../Middlewares/ai-postprocessing-wrapper/app_postprocess_spe_movenet_ui.c ****       {
 344              		.loc 1 77 7 view .LVU99
  74:../../Middlewares/ai-postprocessing-wrapper/app_postprocess_spe_movenet_ui.c ****       uint32_t yj = (uint32_t)(output[j].y_center * params->heatmap_height);
 345              		.loc 1 74 51 is_stmt 0 view .LVU100
 346 0056 D5ED006A 		vldr.32	s13, [r5]
 347 005a 66EE266A 		vmul.f32	s13, s12, s13
ARM GAS  /tmp/ccolP9Oe.s 			page 10


  74:../../Middlewares/ai-postprocessing-wrapper/app_postprocess_spe_movenet_ui.c ****       uint32_t yj = (uint32_t)(output[j].y_center * params->heatmap_height);
 348              		.loc 1 74 16 view .LVU101
 349 005e FCEEE66A 		vcvt.u32.f32	s13, s13
  77:../../Middlewares/ai-postprocessing-wrapper/app_postprocess_spe_movenet_ui.c ****       {
 350              		.loc 1 77 10 view .LVU102
 351 0062 17EE907A 		vmov	r7, s15	@ int
 352 0066 16EE90CA 		vmov	ip, s13	@ int
 353 006a 6745     		cmp	r7, ip
 354 006c 0BD1     		bne	.L16
 355              	.LVL25:
  75:../../Middlewares/ai-postprocessing-wrapper/app_postprocess_spe_movenet_ui.c **** 
 356              		.loc 1 75 51 view .LVU103
 357 006e D5ED016A 		vldr.32	s13, [r5, #4]
 358 0072 65EEA66A 		vmul.f32	s13, s11, s13
  75:../../Middlewares/ai-postprocessing-wrapper/app_postprocess_spe_movenet_ui.c **** 
 359              		.loc 1 75 16 view .LVU104
 360 0076 FCEEE66A 		vcvt.u32.f32	s13, s13
  77:../../Middlewares/ai-postprocessing-wrapper/app_postprocess_spe_movenet_ui.c ****       {
 361              		.loc 1 77 22 discriminator 1 view .LVU105
 362 007a 17EE107A 		vmov	r7, s14	@ int
 363              	.LVL26:
  77:../../Middlewares/ai-postprocessing-wrapper/app_postprocess_spe_movenet_ui.c ****       {
 364              		.loc 1 77 22 discriminator 1 view .LVU106
 365 007e 16EE90CA 		vmov	ip, s13	@ int
 366 0082 6745     		cmp	r7, ip
 367 0084 00D0     		beq	.L17
 368              	.L16:
  79:../../Middlewares/ai-postprocessing-wrapper/app_postprocess_spe_movenet_ui.c ****       }
 369              		.loc 1 79 9 is_stmt 1 view .LVU107
  79:../../Middlewares/ai-postprocessing-wrapper/app_postprocess_spe_movenet_ui.c ****       }
 370              		.loc 1 79 14 is_stmt 0 view .LVU108
 371 0086 0130     		adds	r0, r0, #1
 372              	.LVL27:
 373              	.L17:
  79:../../Middlewares/ai-postprocessing-wrapper/app_postprocess_spe_movenet_ui.c ****       }
 374              		.loc 1 79 14 view .LVU109
 375              	.LBE18:
  72:../../Middlewares/ai-postprocessing-wrapper/app_postprocess_spe_movenet_ui.c ****     {
 376              		.loc 1 72 34 is_stmt 1 discriminator 2 view .LVU110
 377 0088 0C35     		adds	r5, r5, #12
 378              	.LVL28:
  72:../../Middlewares/ai-postprocessing-wrapper/app_postprocess_spe_movenet_ui.c ****     {
 379              		.loc 1 72 34 is_stmt 0 discriminator 2 view .LVU111
 380 008a E0E7     		b	.L15
 381              	.L21:
 382              		.align	2
 383              	.L20:
 384 008c ABAAAA2A 		.word	715827883
 385              	.LBE19:
 386              	.LBE20:
 387              	.LBE23:
 388              		.cfi_endproc
 389              	.LFE908:
 391              		.section	.text.app_postprocess_init,"ax",%progbits
 392              		.align	1
 393              		.global	app_postprocess_init
 394              		.syntax unified
ARM GAS  /tmp/ccolP9Oe.s 			page 11


 395              		.thumb
 396              		.thumb_func
 398              	app_postprocess_init:
 399              	.LVL29:
 400              	.LFB910:
  86:../../Middlewares/ai-postprocessing-wrapper/app_postprocess_spe_movenet_ui.c **** 
  87:../../Middlewares/ai-postprocessing-wrapper/app_postprocess_spe_movenet_ui.c **** static float32_t movenet_layout_confidence_score(const spe_pp_outBuffer_t *output,
  88:../../Middlewares/ai-postprocessing-wrapper/app_postprocess_spe_movenet_ui.c ****                                                  const spe_movenet_pp_static_param_t *params)
  89:../../Middlewares/ai-postprocessing-wrapper/app_postprocess_spe_movenet_ui.c **** {
  90:../../Middlewares/ai-postprocessing-wrapper/app_postprocess_spe_movenet_ui.c ****   float32_t score = 0.0f;
  91:../../Middlewares/ai-postprocessing-wrapper/app_postprocess_spe_movenet_ui.c **** 
  92:../../Middlewares/ai-postprocessing-wrapper/app_postprocess_spe_movenet_ui.c ****   for (uint32_t i = 0; i < params->nb_keypoints; i++)
  93:../../Middlewares/ai-postprocessing-wrapper/app_postprocess_spe_movenet_ui.c ****   {
  94:../../Middlewares/ai-postprocessing-wrapper/app_postprocess_spe_movenet_ui.c ****     score += output[i].proba;
  95:../../Middlewares/ai-postprocessing-wrapper/app_postprocess_spe_movenet_ui.c ****   }
  96:../../Middlewares/ai-postprocessing-wrapper/app_postprocess_spe_movenet_ui.c **** 
  97:../../Middlewares/ai-postprocessing-wrapper/app_postprocess_spe_movenet_ui.c ****   return score;
  98:../../Middlewares/ai-postprocessing-wrapper/app_postprocess_spe_movenet_ui.c **** }
  99:../../Middlewares/ai-postprocessing-wrapper/app_postprocess_spe_movenet_ui.c **** 
 100:../../Middlewares/ai-postprocessing-wrapper/app_postprocess_spe_movenet_ui.c **** int32_t app_postprocess_init(void *params_postprocess, stai_network_info *NN_Info)
 101:../../Middlewares/ai-postprocessing-wrapper/app_postprocess_spe_movenet_ui.c **** {
 401              		.loc 1 101 1 is_stmt 1 view -0
 402              		.cfi_startproc
 403              		@ args = 0, pretend = 0, frame = 0
 404              		@ frame_needed = 0, uses_anonymous_args = 0
 405              		@ link register save eliminated.
 102:../../Middlewares/ai-postprocessing-wrapper/app_postprocess_spe_movenet_ui.c ****   int32_t error = AI_SPE_POSTPROCESS_ERROR_NO;
 406              		.loc 1 102 3 view .LVU113
 103:../../Middlewares/ai-postprocessing-wrapper/app_postprocess_spe_movenet_ui.c ****   spe_movenet_pp_static_param_t *params = (spe_movenet_pp_static_param_t *) params_postprocess;
 407              		.loc 1 103 3 view .LVU114
 104:../../Middlewares/ai-postprocessing-wrapper/app_postprocess_spe_movenet_ui.c **** 
 105:../../Middlewares/ai-postprocessing-wrapper/app_postprocess_spe_movenet_ui.c ****   params->raw_scale = NN_Info->outputs[0].scale.data[0];
 408              		.loc 1 105 3 view .LVU115
 409              		.loc 1 105 30 is_stmt 0 view .LVU116
 410 0000 0A6C     		ldr	r2, [r1, #64]
 411              		.loc 1 105 53 view .LVU117
 412 0002 9169     		ldr	r1, [r2, #24]
 413              	.LVL30:
 106:../../Middlewares/ai-postprocessing-wrapper/app_postprocess_spe_movenet_ui.c ****   params->raw_zero_point = NN_Info->outputs[0].zeropoint.data[0];
 414              		.loc 1 106 62 view .LVU118
 415 0004 126A     		ldr	r2, [r2, #32]
 105:../../Middlewares/ai-postprocessing-wrapper/app_postprocess_spe_movenet_ui.c ****   params->raw_zero_point = NN_Info->outputs[0].zeropoint.data[0];
 416              		.loc 1 105 53 view .LVU119
 417 0006 0968     		ldr	r1, [r1]	@ float
 418              		.loc 1 106 26 view .LVU120
 419 0008 1288     		ldrh	r2, [r2]
 105:../../Middlewares/ai-postprocessing-wrapper/app_postprocess_spe_movenet_ui.c ****   params->raw_zero_point = NN_Info->outputs[0].zeropoint.data[0];
 420              		.loc 1 105 21 view .LVU121
 421 000a C160     		str	r1, [r0, #12]	@ float
 422              		.loc 1 106 3 is_stmt 1 view .LVU122
 423              		.loc 1 106 26 is_stmt 0 view .LVU123
 424 000c 0274     		strb	r2, [r0, #16]
 107:../../Middlewares/ai-postprocessing-wrapper/app_postprocess_spe_movenet_ui.c ****   params->heatmap_width = AI_SPE_MOVENET_POSTPROC_HEATMAP_WIDTH;
 425              		.loc 1 107 3 is_stmt 1 view .LVU124
 426              		.loc 1 107 25 is_stmt 0 view .LVU125
 427 000e 4022     		movs	r2, #64
 108:../../Middlewares/ai-postprocessing-wrapper/app_postprocess_spe_movenet_ui.c ****   params->heatmap_height = AI_SPE_MOVENET_POSTPROC_HEATMAP_HEIGHT;
ARM GAS  /tmp/ccolP9Oe.s 			page 12


 428              		.loc 1 108 26 view .LVU126
 429 0010 C0E90022 		strd	r2, r2, [r0]
 109:../../Middlewares/ai-postprocessing-wrapper/app_postprocess_spe_movenet_ui.c ****   params->nb_keypoints = AI_POSE_PP_POSE_KEYPOINTS_NB;
 430              		.loc 1 109 3 is_stmt 1 view .LVU127
 431              		.loc 1 109 24 is_stmt 0 view .LVU128
 432 0014 1122     		movs	r2, #17
 433 0016 8260     		str	r2, [r0, #8]
 110:../../Middlewares/ai-postprocessing-wrapper/app_postprocess_spe_movenet_ui.c ****   error = spe_movenet_pp_reset(params);
 434              		.loc 1 110 3 is_stmt 1 view .LVU129
 435              		.loc 1 110 11 is_stmt 0 view .LVU130
 436 0018 FFF7FEBF 		b	spe_movenet_pp_reset
 437              	.LVL31:
 438              		.loc 1 110 11 view .LVU131
 439              		.cfi_endproc
 440              	.LFE910:
 442              		.section	.rodata.app_postprocess_run.str1.1,"aMS",%progbits,1
 443              	.LC0:
 444 0000 6E625F69 		.ascii	"nb_input == 1\000"
 444      6E707574 
 444      203D3D20 
 444      3100
 445              	.LC1:
 446 000e 2E2E2F2E 		.ascii	"../../Middlewares/ai-postprocessing-wrapper/app_pos"
 446      2E2F4D69 
 446      64646C65 
 446      77617265 
 446      732F6169 
 447 0041 7470726F 		.ascii	"tprocess_spe_movenet_ui.c\000"
 447      63657373 
 447      5F737065 
 447      5F6D6F76 
 447      656E6574 
 448              		.section	.text.app_postprocess_run,"ax",%progbits
 449              		.align	1
 450              		.global	app_postprocess_run
 451              		.syntax unified
 452              		.thumb
 453              		.thumb_func
 455              	app_postprocess_run:
 456              	.LVL32:
 457              	.LFB911:
 111:../../Middlewares/ai-postprocessing-wrapper/app_postprocess_spe_movenet_ui.c ****   return error;
 112:../../Middlewares/ai-postprocessing-wrapper/app_postprocess_spe_movenet_ui.c **** }
 113:../../Middlewares/ai-postprocessing-wrapper/app_postprocess_spe_movenet_ui.c **** 
 114:../../Middlewares/ai-postprocessing-wrapper/app_postprocess_spe_movenet_ui.c **** int32_t app_postprocess_run(void *pInput[], int nb_input, void *pOutput, void *pInput_param)
 115:../../Middlewares/ai-postprocessing-wrapper/app_postprocess_spe_movenet_ui.c **** {
 458              		.loc 1 115 1 is_stmt 1 view -0
 459              		.cfi_startproc
 460              		@ args = 0, pretend = 0, frame = 408
 461              		@ frame_needed = 0, uses_anonymous_args = 0
 462              		.loc 1 115 1 is_stmt 0 view .LVU133
 463 0000 30B5     		push	{r4, r5, lr}
 464              		.cfi_def_cfa_offset 12
 465              		.cfi_offset 4, -12
 466              		.cfi_offset 5, -8
 467              		.cfi_offset 14, -4
 116:../../Middlewares/ai-postprocessing-wrapper/app_postprocess_spe_movenet_ui.c ****   assert(nb_input == 1);
ARM GAS  /tmp/ccolP9Oe.s 			page 13


 468              		.loc 1 116 3 view .LVU134
 469 0002 0129     		cmp	r1, #1
 115:../../Middlewares/ai-postprocessing-wrapper/app_postprocess_spe_movenet_ui.c ****   assert(nb_input == 1);
 470              		.loc 1 115 1 view .LVU135
 471 0004 1446     		mov	r4, r2
 472              		.loc 1 116 3 is_stmt 1 view .LVU136
 115:../../Middlewares/ai-postprocessing-wrapper/app_postprocess_spe_movenet_ui.c ****   assert(nb_input == 1);
 473              		.loc 1 115 1 is_stmt 0 view .LVU137
 474 0006 E7B0     		sub	sp, sp, #412
 475              		.cfi_def_cfa_offset 424
 115:../../Middlewares/ai-postprocessing-wrapper/app_postprocess_spe_movenet_ui.c ****   assert(nb_input == 1);
 476              		.loc 1 115 1 view .LVU138
 477 0008 1A46     		mov	r2, r3
 478              	.LVL33:
 479              		.loc 1 116 3 view .LVU139
 480 000a 05D0     		beq	.L24
 481              		.loc 1 116 3 discriminator 1 view .LVU140
 482 000c 7421     		movs	r1, #116
 483              	.LVL34:
 484              		.loc 1 116 3 discriminator 1 view .LVU141
 485 000e 284B     		ldr	r3, .L34
 486              	.LVL35:
 487              		.loc 1 116 3 discriminator 1 view .LVU142
 488 0010 284A     		ldr	r2, .L34+4
 489              	.LVL36:
 490              		.loc 1 116 3 discriminator 1 view .LVU143
 491 0012 2948     		ldr	r0, .L34+8
 492              	.LVL37:
 493              		.loc 1 116 3 discriminator 1 view .LVU144
 494 0014 FFF7FEFF 		bl	__assert_func
 495              	.LVL38:
 496              	.L24:
 117:../../Middlewares/ai-postprocessing-wrapper/app_postprocess_spe_movenet_ui.c ****   spe_pp_out_t *pPoseOutput = (spe_pp_out_t *) pOutput;
 497              		.loc 1 117 3 is_stmt 1 view .LVU145
 118:../../Middlewares/ai-postprocessing-wrapper/app_postprocess_spe_movenet_ui.c ****   spe_movenet_pp_static_param_t *params = (spe_movenet_pp_static_param_t *) pInput_param;
 498              		.loc 1 118 3 view .LVU146
 119:../../Middlewares/ai-postprocessing-wrapper/app_postprocess_spe_movenet_ui.c ****   int8_t *input = (int8_t *)pInput[0];
 499              		.loc 1 119 3 view .LVU147
 500              		.loc 1 119 11 is_stmt 0 view .LVU148
 501 0018 0568     		ldr	r5, [r0]
 502              	.LVL39:
 120:../../Middlewares/ai-postprocessing-wrapper/app_postprocess_spe_movenet_ui.c ****   spe_pp_outBuffer_t channel_last_detections[AI_POSE_PP_POSE_KEYPOINTS_NB];
 503              		.loc 1 120 3 is_stmt 1 view .LVU149
 121:../../Middlewares/ai-postprocessing-wrapper/app_postprocess_spe_movenet_ui.c ****   spe_pp_outBuffer_t channel_first_detections[AI_POSE_PP_POSE_KEYPOINTS_NB];
 504              		.loc 1 121 3 view .LVU150
 122:../../Middlewares/ai-postprocessing-wrapper/app_postprocess_spe_movenet_ui.c ****   uint32_t channel_last_spread;
 505              		.loc 1 122 3 view .LVU151
 123:../../Middlewares/ai-postprocessing-wrapper/app_postprocess_spe_movenet_ui.c ****   uint32_t channel_first_spread;
 506              		.loc 1 123 3 view .LVU152
 124:../../Middlewares/ai-postprocessing-wrapper/app_postprocess_spe_movenet_ui.c ****   float32_t channel_last_confidence;
 507              		.loc 1 124 3 view .LVU153
 125:../../Middlewares/ai-postprocessing-wrapper/app_postprocess_spe_movenet_ui.c ****   float32_t channel_first_confidence;
 508              		.loc 1 125 3 view .LVU154
 126:../../Middlewares/ai-postprocessing-wrapper/app_postprocess_spe_movenet_ui.c **** 
 127:../../Middlewares/ai-postprocessing-wrapper/app_postprocess_spe_movenet_ui.c ****   pPoseOutput->pOutBuff = out_detections;
 509              		.loc 1 127 3 view .LVU155
 510              		.loc 1 127 25 is_stmt 0 view .LVU156
ARM GAS  /tmp/ccolP9Oe.s 			page 14


 511 001a 284B     		ldr	r3, .L34+12
 128:../../Middlewares/ai-postprocessing-wrapper/app_postprocess_spe_movenet_ui.c **** 
 129:../../Middlewares/ai-postprocessing-wrapper/app_postprocess_spe_movenet_ui.c ****   movenet_decode_layout_int8(input, channel_last_detections, params, 1);
 512              		.loc 1 129 3 view .LVU157
 513 001c 2846     		mov	r0, r5
 514              	.LVL40:
 127:../../Middlewares/ai-postprocessing-wrapper/app_postprocess_spe_movenet_ui.c **** 
 515              		.loc 1 127 25 view .LVU158
 516 001e 2360     		str	r3, [r4]
 517              		.loc 1 129 3 is_stmt 1 view .LVU159
 518 0020 0B46     		mov	r3, r1
 519 0022 6946     		mov	r1, sp
 520              	.LVL41:
 521              		.loc 1 129 3 is_stmt 0 view .LVU160
 522 0024 FFF7FEFF 		bl	movenet_decode_layout_int8
 523              	.LVL42:
 130:../../Middlewares/ai-postprocessing-wrapper/app_postprocess_spe_movenet_ui.c ****   movenet_decode_layout_int8(input, channel_first_detections, params, 0);
 524              		.loc 1 130 3 is_stmt 1 view .LVU161
 525 0028 0023     		movs	r3, #0
 526 002a 2846     		mov	r0, r5
 527 002c 33A9     		add	r1, sp, #204
 528 002e FFF7FEFF 		bl	movenet_decode_layout_int8
 529              	.LVL43:
 131:../../Middlewares/ai-postprocessing-wrapper/app_postprocess_spe_movenet_ui.c **** 
 132:../../Middlewares/ai-postprocessing-wrapper/app_postprocess_spe_movenet_ui.c ****   channel_last_spread = movenet_layout_spread_score(channel_last_detections, params);
 530              		.loc 1 132 3 view .LVU162
 531              		.loc 1 132 25 is_stmt 0 view .LVU163
 532 0032 1146     		mov	r1, r2
 533 0034 6846     		mov	r0, sp
 534 0036 FFF7FEFF 		bl	movenet_layout_spread_score
 535              	.LVL44:
 536              		.loc 1 132 25 view .LVU164
 537 003a 0446     		mov	r4, r0
 538              	.LVL45:
 133:../../Middlewares/ai-postprocessing-wrapper/app_postprocess_spe_movenet_ui.c ****   channel_first_spread = movenet_layout_spread_score(channel_first_detections, params);
 539              		.loc 1 133 3 is_stmt 1 view .LVU165
 540              		.loc 1 133 26 is_stmt 0 view .LVU166
 541 003c 33A8     		add	r0, sp, #204
 542              	.LVL46:
 543              		.loc 1 133 26 view .LVU167
 544 003e FFF7FEFF 		bl	movenet_layout_spread_score
 545              	.LVL47:
 134:../../Middlewares/ai-postprocessing-wrapper/app_postprocess_spe_movenet_ui.c ****   channel_last_confidence = movenet_layout_confidence_score(channel_last_detections, params);
 546              		.loc 1 134 3 is_stmt 1 view .LVU168
 547 0042 8968     		ldr	r1, [r1, #8]
 548              	.LVL48:
 549              	.LBB31:
 550              	.LBI31:
  87:../../Middlewares/ai-postprocessing-wrapper/app_postprocess_spe_movenet_ui.c ****                                                  const spe_movenet_pp_static_param_t *params)
 551              		.loc 1 87 18 view .LVU169
 552              	.LBB32:
  90:../../Middlewares/ai-postprocessing-wrapper/app_postprocess_spe_movenet_ui.c **** 
 553              		.loc 1 90 3 view .LVU170
  92:../../Middlewares/ai-postprocessing-wrapper/app_postprocess_spe_movenet_ui.c ****   {
 554              		.loc 1 92 3 view .LVU171
 555              	.LBB33:
  92:../../Middlewares/ai-postprocessing-wrapper/app_postprocess_spe_movenet_ui.c ****   {
ARM GAS  /tmp/ccolP9Oe.s 			page 15


 556              		.loc 1 92 8 view .LVU172
  92:../../Middlewares/ai-postprocessing-wrapper/app_postprocess_spe_movenet_ui.c ****   {
 557              		.loc 1 92 8 is_stmt 0 view .LVU173
 558 0044 6B46     		mov	r3, sp
 559 0046 01F1010E 		add	lr, r1, #1
  92:../../Middlewares/ai-postprocessing-wrapper/app_postprocess_spe_movenet_ui.c ****   {
 560              		.loc 1 92 17 view .LVU174
 561 004a 0022     		movs	r2, #0
 562              	.LBE33:
  90:../../Middlewares/ai-postprocessing-wrapper/app_postprocess_spe_movenet_ui.c **** 
 563              		.loc 1 90 13 view .LVU175
 564 004c DFED1C7A 		vldr.32	s15, .L34+16
 565 0050 4EF001E0 		dls	lr, lr
 566              	.LVL49:
 567              	.L25:
 568              	.LBB34:
  92:../../Middlewares/ai-postprocessing-wrapper/app_postprocess_spe_movenet_ui.c ****   {
 569              		.loc 1 92 26 is_stmt 1 discriminator 1 view .LVU176
 570 0054 0C33     		adds	r3, r3, #12
 571 0056 BEF1010E 		subs	lr, #1;bne	.L26
 571      1BD1
 572              	.LBE34:
 573              	.LBE32:
 574              	.LBE31:
 575              	.LBB37:
 576              	.LBB38:
  90:../../Middlewares/ai-postprocessing-wrapper/app_postprocess_spe_movenet_ui.c **** 
 577              		.loc 1 90 13 is_stmt 0 view .LVU177
 578 005c 02F1010E 		add	lr, r2, #1
 579 0060 9FED177A 		vldr.32	s14, .L34+16
 580 0064 4EF001E0 		dls	lr, lr
 581 0068 33AB     		add	r3, sp, #204
 582              	.LVL50:
 583              	.L27:
 584              	.LBB39:
  92:../../Middlewares/ai-postprocessing-wrapper/app_postprocess_spe_movenet_ui.c ****   {
 585              		.loc 1 92 26 is_stmt 1 discriminator 1 view .LVU178
 586 006a 0C33     		adds	r3, r3, #12
 587 006c BEF1010E 		subs	lr, #1;bne	.L28
 587      16D1
 588              	.LBE39:
  97:../../Middlewares/ai-postprocessing-wrapper/app_postprocess_spe_movenet_ui.c **** }
 589              		.loc 1 97 3 view .LVU179
 590              	.LVL51:
  97:../../Middlewares/ai-postprocessing-wrapper/app_postprocess_spe_movenet_ui.c **** }
 591              		.loc 1 97 3 is_stmt 0 view .LVU180
 592              	.LBE38:
 593              	.LBE37:
 135:../../Middlewares/ai-postprocessing-wrapper/app_postprocess_spe_movenet_ui.c ****   channel_first_confidence = movenet_layout_confidence_score(channel_first_detections, params);
 136:../../Middlewares/ai-postprocessing-wrapper/app_postprocess_spe_movenet_ui.c **** 
 137:../../Middlewares/ai-postprocessing-wrapper/app_postprocess_spe_movenet_ui.c ****   if ((channel_first_spread > channel_last_spread) ||
 594              		.loc 1 137 3 is_stmt 1 view .LVU181
 595              		.loc 1 137 6 is_stmt 0 view .LVU182
 596 0072 8442     		cmp	r4, r0
 597 0074 05D3     		bcc	.L29
 598              		.loc 1 137 52 discriminator 1 view .LVU183
 599 0076 18D1     		bne	.L30
ARM GAS  /tmp/ccolP9Oe.s 			page 16


 138:../../Middlewares/ai-postprocessing-wrapper/app_postprocess_spe_movenet_ui.c ****       ((channel_first_spread == channel_last_spread) && (channel_first_confidence > channel_last_co
 600              		.loc 1 138 54 view .LVU184
 601 0078 B4EEE77A 		vcmpe.f32	s14, s15
 602 007c F1EE10FA 		vmrs	APSR_nzcv, FPSCR
 603 0080 13DD     		ble	.L30
 604              	.L29:
 139:../../Middlewares/ai-postprocessing-wrapper/app_postprocess_spe_movenet_ui.c ****   {
 140:../../Middlewares/ai-postprocessing-wrapper/app_postprocess_spe_movenet_ui.c ****     memcpy(out_detections, channel_first_detections, sizeof(out_detections));
 605              		.loc 1 140 5 is_stmt 1 view .LVU185
 606 0082 CC22     		movs	r2, #204
 607 0084 0DEB0201 		add	r1, sp, r2
 608              	.L33:
 141:../../Middlewares/ai-postprocessing-wrapper/app_postprocess_spe_movenet_ui.c ****   }
 142:../../Middlewares/ai-postprocessing-wrapper/app_postprocess_spe_movenet_ui.c ****   else
 143:../../Middlewares/ai-postprocessing-wrapper/app_postprocess_spe_movenet_ui.c ****   {
 144:../../Middlewares/ai-postprocessing-wrapper/app_postprocess_spe_movenet_ui.c ****     memcpy(out_detections, channel_last_detections, sizeof(out_detections));
 609              		.loc 1 144 5 is_stmt 0 view .LVU186
 610 0088 0C48     		ldr	r0, .L34+12
 611              	.LVL52:
 612              		.loc 1 144 5 view .LVU187
 613 008a FFF7FEFF 		bl	memcpy
 614              	.LVL53:
 145:../../Middlewares/ai-postprocessing-wrapper/app_postprocess_spe_movenet_ui.c ****   }
 146:../../Middlewares/ai-postprocessing-wrapper/app_postprocess_spe_movenet_ui.c **** 
 147:../../Middlewares/ai-postprocessing-wrapper/app_postprocess_spe_movenet_ui.c ****   return AI_SPE_POSTPROCESS_ERROR_NO;
 615              		.loc 1 147 3 is_stmt 1 view .LVU188
 148:../../Middlewares/ai-postprocessing-wrapper/app_postprocess_spe_movenet_ui.c **** }
 616              		.loc 1 148 1 is_stmt 0 view .LVU189
 617 008e 0020     		movs	r0, #0
 618 0090 67B0     		add	sp, sp, #412
 619              		.cfi_remember_state
 620              		.cfi_def_cfa_offset 12
 621              		@ sp needed
 622 0092 30BD     		pop	{r4, r5, pc}
 623              	.LVL54:
 624              	.L26:
 625              		.cfi_restore_state
 626              	.LBB42:
 627              	.LBB36:
 628              	.LBB35:
  94:../../Middlewares/ai-postprocessing-wrapper/app_postprocess_spe_movenet_ui.c ****   }
 629              		.loc 1 94 5 is_stmt 1 view .LVU190
  94:../../Middlewares/ai-postprocessing-wrapper/app_postprocess_spe_movenet_ui.c ****   }
 630              		.loc 1 94 11 is_stmt 0 view .LVU191
 631 0094 13ED017A 		vldr.32	s14, [r3, #-4]
  92:../../Middlewares/ai-postprocessing-wrapper/app_postprocess_spe_movenet_ui.c ****   {
 632              		.loc 1 92 51 discriminator 3 view .LVU192
 633 0098 0132     		adds	r2, r2, #1
 634              	.LVL55:
  94:../../Middlewares/ai-postprocessing-wrapper/app_postprocess_spe_movenet_ui.c ****   }
 635              		.loc 1 94 11 view .LVU193
 636 009a 77EE877A 		vadd.f32	s15, s15, s14
 637              	.LVL56:
  92:../../Middlewares/ai-postprocessing-wrapper/app_postprocess_spe_movenet_ui.c ****   {
 638              		.loc 1 92 51 is_stmt 1 discriminator 3 view .LVU194
 639 009e D9E7     		b	.L25
 640              	.LVL57:
ARM GAS  /tmp/ccolP9Oe.s 			page 17


 641              	.L28:
  92:../../Middlewares/ai-postprocessing-wrapper/app_postprocess_spe_movenet_ui.c ****   {
 642              		.loc 1 92 51 is_stmt 0 discriminator 3 view .LVU195
 643              	.LBE35:
 644              	.LBE36:
 645              	.LBE42:
 646              	.LBB43:
 647              	.LBB41:
 648              	.LBB40:
  94:../../Middlewares/ai-postprocessing-wrapper/app_postprocess_spe_movenet_ui.c ****   }
 649              		.loc 1 94 5 is_stmt 1 view .LVU196
  94:../../Middlewares/ai-postprocessing-wrapper/app_postprocess_spe_movenet_ui.c ****   }
 650              		.loc 1 94 11 is_stmt 0 view .LVU197
 651 00a0 53ED016A 		vldr.32	s13, [r3, #-4]
 652 00a4 37EE267A 		vadd.f32	s14, s14, s13
 653              	.LVL58:
  92:../../Middlewares/ai-postprocessing-wrapper/app_postprocess_spe_movenet_ui.c ****   {
 654              		.loc 1 92 51 is_stmt 1 discriminator 3 view .LVU198
 655 00a8 DFE7     		b	.L27
 656              	.LVL59:
 657              	.L30:
  92:../../Middlewares/ai-postprocessing-wrapper/app_postprocess_spe_movenet_ui.c ****   {
 658              		.loc 1 92 51 is_stmt 0 discriminator 3 view .LVU199
 659              	.LBE40:
 660              	.LBE41:
 661              	.LBE43:
 144:../../Middlewares/ai-postprocessing-wrapper/app_postprocess_spe_movenet_ui.c ****   }
 662              		.loc 1 144 5 is_stmt 1 view .LVU200
 663 00aa CC22     		movs	r2, #204
 664 00ac 6946     		mov	r1, sp
 665 00ae EBE7     		b	.L33
 666              	.L35:
 667              		.align	2
 668              	.L34:
 669 00b0 00000000 		.word	.LC0
 670 00b4 00000000 		.word	__func__.0
 671 00b8 0E000000 		.word	.LC1
 672 00bc 00000000 		.word	out_detections
 673 00c0 00000000 		.word	0
 674              		.cfi_endproc
 675              	.LFE911:
 677              		.section	.rodata.__func__.0,"a"
 680              	__func__.0:
 681 0000 6170705F 		.ascii	"app_postprocess_run\000"
 681      706F7374 
 681      70726F63 
 681      6573735F 
 681      72756E00 
 682              		.section	.bss.out_detections,"aw",%nobits
 683              		.align	2
 686              	out_detections:
 687 0000 00000000 		.space	204
 687      00000000 
 687      00000000 
 687      00000000 
 687      00000000 
 688              		.text
ARM GAS  /tmp/ccolP9Oe.s 			page 18


 689              	.Letext0:
 690              		.file 2 "/opt/st/stm32cubeide_2.1.1/plugins/com.st.stm32cube.ide.mcu.externaltools.gnu-tools-for-s
 691              		.file 3 "/opt/st/stm32cubeide_2.1.1/plugins/com.st.stm32cube.ide.mcu.externaltools.gnu-tools-for-s
 692              		.file 4 "../../Middlewares/stedgeai-lib/Inc/stai.h"
 693              		.file 5 "/opt/st/stm32cubeide_2.1.1/plugins/com.st.stm32cube.ide.mcu.externaltools.gnu-tools-for-s
 694              		.file 6 "../../Middlewares/stm32-vision-models-postprocessing/lib_vision_models_pp/Inc/spe_pp_outp
 695              		.file 7 "../../Middlewares/stm32-vision-models-postprocessing/lib_vision_models_pp/Inc/spe_movenet
 696              		.file 8 "/opt/st/stm32cubeide_2.1.1/plugins/com.st.stm32cube.ide.mcu.externaltools.gnu-tools-for-s
 697              		.file 9 "<built-in>"
ARM GAS  /tmp/ccolP9Oe.s 			page 19


DEFINED SYMBOLS
                            *ABS*:00000000 app_postprocess_spe_movenet_ui.c
     /tmp/ccolP9Oe.s:26     .text.movenet_decode_layout_int8:00000000 $t
     /tmp/ccolP9Oe.s:31     .text.movenet_decode_layout_int8:00000000 movenet_decode_layout_int8
     /tmp/ccolP9Oe.s:240    .text.movenet_layout_spread_score:00000000 $t
     /tmp/ccolP9Oe.s:245    .text.movenet_layout_spread_score:00000000 movenet_layout_spread_score
     /tmp/ccolP9Oe.s:384    .text.movenet_layout_spread_score:0000008c $d
     /tmp/ccolP9Oe.s:392    .text.app_postprocess_init:00000000 $t
     /tmp/ccolP9Oe.s:398    .text.app_postprocess_init:00000000 app_postprocess_init
     /tmp/ccolP9Oe.s:449    .text.app_postprocess_run:00000000 $t
     /tmp/ccolP9Oe.s:455    .text.app_postprocess_run:00000000 app_postprocess_run
     /tmp/ccolP9Oe.s:669    .text.app_postprocess_run:000000b0 $d
     /tmp/ccolP9Oe.s:680    .rodata.__func__.0:00000000 __func__.0
     /tmp/ccolP9Oe.s:686    .bss.out_detections:00000000 out_detections
     /tmp/ccolP9Oe.s:683    .bss.out_detections:00000000 $d
                           .group:00000000 wm4.0.0340b1c6b35792986b320b0caf0e6143
                           .group:00000000 wm4._newlib_version.h.4.0eb654b64686e2bd29646258853f6c22
                           .group:00000000 wm4.features.h.33.d554620bb17bd3b714c3fb5c268772bc
                           .group:00000000 wm4._default_types.h.15.247e5cd201eca3442cbf5404108c4935
                           .group:00000000 wm4._intsup.h.10.48bafbb683905c4daa4565a85aeeb264
                           .group:00000000 wm4._stdint.h.10.c24fa3af3bc1706662bb5593a907e841
                           .group:00000000 wm4.stdint.h.23.d53047a68f4a85177f80b422d52785ed
                           .group:00000000 wm4.stddef.h.39.811583f327f35b0df7808fda70b062a0
                           .group:00000000 wm4.stai.h.24.ddd618ce0ba6fb7aa0eecae2c221570b
                           .group:00000000 wm4.stdbool.h.29.c08aa3eec75cf5b9b5003883f43253f0
                           .group:00000000 wm4.stai.h.38.8b7b3b20574e05eb8d4bb79c3a135768
                           .group:00000000 wm4.od_pp_output_if.h.11.62a3da738caf687aa42d96759c237b2c
                           .group:00000000 wm4.arm_math_types.h.28.9e71aea5cdf6aebdd83091bf39b4832a
                           .group:00000000 wm4.arm_acle.h.28.a0697f530ff2dbf8c463bef049b82760
                           .group:00000000 wm4.cmsis_gcc.h.39.eba7438bc45fd1a6e6376b63ffe44436
                           .group:00000000 wm4.cmsis_gcc_m.h.24.e590ec51aeda3a1242400351d73f5dce
                           .group:00000000 wm4.newlib.h.7.decd5b9657e2c5df625d9eac6e10520c
                           .group:00000000 wm4.ieeefp.h.77.99029d7b8220a2cd73dd257e2bbe825d
                           .group:00000000 wm4.config.h.224.10ee1ad185d877c6e334e6581faab44d
                           .group:00000000 wm4._ansi.h.31.de524f58584151836e90d8620a16f8e8
                           .group:00000000 wm4.cdefs.h.49.56fd742369e655e7e8a7e365e706e208
                           .group:00000000 wm4._types.h.20.dd0d04dca3800a0d2a6129b87f3adbb2
                           .group:00000000 wm4.stddef.h.173.4903093a50a8482cb062b176ea61fac3
                           .group:00000000 wm4._types.h.127.3bdfe3ff8ea2d0985b03d9cbe93480e3
                           .group:00000000 wm4.reent.h.18.25503cdc8b7e55dd0d6ea7b3e5af7a03
                           .group:00000000 wm4.lock.h.2.1461d1fff82dffe8bfddc23307f6484f
                           .group:00000000 wm4.reent.h.78.6d702f69a6d6435d2dbe915b10150b1a
                           .group:00000000 wm4.string.h.15.dab3980bf35408a4c507182805e2de3a
                           .group:00000000 wm4.stddef.h.173.1cea4f16a943c8e875db6791959c3141
                           .group:00000000 wm4.string.h.177.59a005921fa78485abc80a0267de5752
                           .group:00000000 wm4.math.h.13.47cfc34cae8a1153323939c4d32cf7c2
                           .group:00000000 wm4.float.h.29.0e9d9baf95ec39f9555dc80c6e28186b
                           .group:00000000 wm4.syslimits.h.34.de5cbd310098bc5895998b6bde577ed2
                           .group:00000000 wm4.limits.h.9.70fb0ada6f71b16202a66baaa6d8ea70
                           .group:00000000 wm4.limits.h.60.56a1ae353e2028a24298ec6463b8b593
                           .group:00000000 wm4.arm_math_types.h.116.3e44bd031718f65bdb345972ddc8cf86
                           .group:00000000 wm4.arm_mve.h.48.53b982d307987e8d8669fd51fdc5e583
                           .group:00000000 wm4.arm_math_types.h.605.32c5d7843b3dcaa8f5174feea7de7445
                           .group:00000000 wm4.arm_math_memory.h.28.3ee75b06517df8378241b72d6c61e5b0
                           .group:00000000 wm4.none.h.185.db055cca83e83f96d8d0bb450fbdf4bb
                           .group:00000000 wm4.utils.h.41.820d6032ed1c0d7dd5bd2ed80938ee65
                           .group:00000000 wm4.fast_math_functions.h.28.aa389abd5521cfceab0e76a6af3dd2e2
ARM GAS  /tmp/ccolP9Oe.s 			page 20


                           .group:00000000 wm4.matrix_functions.h.28.8fc8488c73b2d6f328b0946db3460102
                           .group:00000000 wm4.controller_functions.h.28.388735b97ccd96442b0ac9e554629f36
                           .group:00000000 wm4.filtering_functions.h.46.6cf1424fb1f86d5f9958d208b83340a1
                           .group:00000000 wm4.mpe_pp_output_if.h.11.db0dd5ceb87072354c56b51e8f9b2a0d
                           .group:00000000 wm4.pd_pp_output_if.h.19.b7de9bd1876930668a82409743b6dbf4
                           .group:00000000 wm4.spe_pp_output_if.h.11.cb67d0d15a71c95e0e8b7fee8a9755fe
                           .group:00000000 wm4.iseg_pp_output_if.h.11.df7e791a4e783022a9fba78cdb1c05d4
                           .group:00000000 wm4.sseg_pp_output_if.h.11.caf00fb1ae24f8dc9c80bee7827b96f2
                           .group:00000000 wm4.fd_pp_output_if.h.11.55d9221e24521333a11e600e0275a430
                           .group:00000000 wm4.app_postprocess.h.52.699af388c8aba32a4eb04b7495c3e56e
                           .group:00000000 wm4.ll_aton_config.h.20.27cfa9f6f5afc4105991355367358a39
                           .group:00000000 wm4.ll_aton_attributes.h.20.26d469460cb32db5740effdc8cc403f3
                           .group:00000000 wm4.ll_aton_cipher.h.20.e98fdae11c912f4036a83cedb835e14e
                           .group:00000000 wm4.assert.h.11.db24e541f16414db224bf986d21017e2
                           .group:00000000 wm4.errno.h.2.ba016d646105af6cad23be83630b6a3f
                           .group:00000000 wm4.errno.h.9.ae5ea2b0ff9ea6e39e585807e35200d3
                           .group:00000000 wm4.stdio.h.27.3fc80220048df77954e38daec3bb9670
                           .group:00000000 wm4.stdarg.h.34.3a23a216c0c293b3d2ea2e89281481e6
                           .group:00000000 wm4.stdio.h.47.dc31ec4674d7bcb103c9f08809549f45
                           .group:00000000 wm4.stdio.h.2.4aa87247282eca6c8f36f9de33d8df1a
                           .group:00000000 wm4.stdio.h.87.a1e20d2651f9bfb66e51bfbe849db00a
                           .group:00000000 wm4.ll_aton_util.h.34.9098eaa90d3d72b819973556e3e5fe44
                           .group:00000000 wm4.ll_aton_osal.h.20.08c7c488030992aa35928699d77c6f6e
                           .group:00000000 wm4.ll_aton_platform.h.20.8f1d4e7781c282794886ffdd00ccd30b
                           .group:00000000 wm4.stm32n6xx.h.34.c523a1ffdf274a69e8802892c6776332
                           .group:00000000 wm4.stm32n657xx.h.26.acd272cb67318cc1a4791ce2f0720ca6
                           .group:00000000 wm4.cmsis_version.h.30.d128735bf87720f7436b74fefeb5043c
                           .group:00000000 wm4.core_cm55.h.67.25006a3ce7048d64bcddd2996d5fac93
                           .group:00000000 wm4.core_cm55.h.213.0528f46a674315ef8d35c4477e230358
                           .group:00000000 wm4.armv8m_mpu.h.24.bf28cc25bee30a7ff9d2f7a44a5e2230
                           .group:00000000 wm4.armv8m_pmu.h.24.6ded195d2625055391fd378c0e1d2519
                           .group:00000000 wm4.core_cm55.h.4477.396e822ef855bcfb932819ad48de1c4c
                           .group:00000000 wm4.armv7m_cachel1.h.24.936dd92d6e204a8d0b17d5e4ea4a356e
                           .group:00000000 wm4.stm32n657xx.h.575.78d331c417ec710388ced647138f735f
                           .group:00000000 wm4.stm32n6xx.h.116.b4247d9785590e7c5ec9234ffb2153bf
                           .group:00000000 wm4.ll_aton_platform.h.205.098bebcb126012e5dfc0544db0a7d4c8
                           .group:00000000 wm4.inttypes.h.14.b28deb26920e51e0da310220ef0f9003
                           .group:00000000 wm4.inttypes.h.28.684aa7736e7ecc9a6ffc44acc61c7a90
                           .group:00000000 wm4.ATONidxs.h.16.969ebf3fd32e13543179e6907b3869c9
                           .group:00000000 wm4.ATON.h.19.0bce86f27eb7ac354272c44c1804cd24
                           .group:00000000 wm4.ll_aton_rcompat.h.22.4788366561a5f8dfb37661f794bdd403
                           .group:00000000 wm4.ll_aton_platform.h.279.2fa1ab569e6816db5b603cc3ef09d875
                           .group:00000000 wm4.ll_aton_rt_user_api.h.71.52957347efa02883c6e8b1a7f756d297
                           .group:00000000 wm4.stai_debug.h.37.4be079c70c66033549ba26b63a31db94
                           .group:00000000 wm4.ll_aton_stai_internal.h.35.4ede4d59178f196dca4b635c5600498b
                           .group:00000000 wm4.stai_network.h.57.8dfb21a08a1ef1a6e6a309b63eb85b05
                           .group:00000000 wm4.lcd.h.21.98701c105e66fef2e089854e5bc0fe32
                           .group:00000000 wm4.stm32_lcd.h.55.1a04e503950bf34ef3721d2ebb9542fc
                           .group:00000000 wm4.app_config.h.26.622a380a37fc5ecba3353d0c32b28a6e
                           .group:00000000 wm4.assert.h.11.d99a111e320bc5106fc4046225782672

UNDEFINED SYMBOLS
spe_movenet_pp_reset
__assert_func
memcpy
