ARM GAS  /tmp/ccdPX2BA.s 			page 1


   1              		.arch armv8.1-m.main
   2              		.fpu fpv5-d16
   3              		.arch_extension dsp
   4              		.arch_extension fp
   5              		.arch_extension fp.dp
   6              		.arch_extension mve
   7              		.arch_extension mve.fp
   8              		.eabi_attribute 5, "cortex-m55"
   9              		.eabi_attribute 28, 1
  10              		.eabi_attribute 20, 1
  11              		.eabi_attribute 21, 1
  12              		.eabi_attribute 23, 3
  13              		.eabi_attribute 24, 1
  14              		.eabi_attribute 25, 1
  15              		.eabi_attribute 26, 1
  16              		.eabi_attribute 30, 4
  17              		.eabi_attribute 34, 1
  18              		.eabi_attribute 38, 1
  19              		.eabi_attribute 18, 4
  20              		.file	"display_spe.c"
  21              		.text
  22              	.Ltext0:
  23              		.cfi_sections	.debug_frame
  24              		.file 1 "Src/display_spe.c"
  25              		.section	.text.Display_keypoint,"ax",%progbits
  26              		.align	1
  27              		.syntax unified
  28              		.thumb
  29              		.thumb_func
  31              	Display_keypoint:
  32              	.LVL0:
  33              	.LFB1513:
   1:Src/display_spe.c ****  /**
   2:Src/display_spe.c ****  ******************************************************************************
   3:Src/display_spe.c ****  * @file    display_spe.c
   4:Src/display_spe.c ****  * @author  GPM Application Team
   5:Src/display_spe.c ****  *
   6:Src/display_spe.c ****  ******************************************************************************
   7:Src/display_spe.c ****  * @attention
   8:Src/display_spe.c ****  *
   9:Src/display_spe.c ****  * Copyright (c) 2024 STMicroelectronics.
  10:Src/display_spe.c ****  * All rights reserved.
  11:Src/display_spe.c ****  *
  12:Src/display_spe.c ****  * This software is licensed under terms that can be found in the LICENSE file
  13:Src/display_spe.c ****  * in the root directory of this software component.
  14:Src/display_spe.c ****  * If no LICENSE file comes with this software, it is provided AS-IS.
  15:Src/display_spe.c ****  *
  16:Src/display_spe.c ****  ******************************************************************************
  17:Src/display_spe.c ****  */
  18:Src/display_spe.c **** 
  19:Src/display_spe.c **** #include "display_spe.h"
  20:Src/display_spe.c **** #include "app_config.h"
  21:Src/display_spe.c **** #include "main.h"
  22:Src/display_spe.c **** #include "utils.h"
  23:Src/display_spe.c **** #include <assert.h>
  24:Src/display_spe.c **** #include <stdlib.h>
  25:Src/display_spe.c **** #include <stdint.h>
ARM GAS  /tmp/ccdPX2BA.s 			page 2


  26:Src/display_spe.c **** 
  27:Src/display_spe.c **** static int (*clamp_point)(int *x, int *y);
  28:Src/display_spe.c **** static void (*convert_length)(float32_t wi, float32_t hi, int *wo, int *ho);
  29:Src/display_spe.c **** static void (*convert_point)(float32_t xi, float32_t yi, int *xo, int *yo);
  30:Src/display_spe.c **** static void (*Display_binding_line)(int x0, int y0, int x1, int y1, uint32_t color);
  31:Src/display_spe.c **** 
  32:Src/display_spe.c **** static void Display_keypoint(spe_pp_outBuffer_t *key, uint32_t color)
  33:Src/display_spe.c **** {
  34              		.loc 1 33 1 view -0
  35              		.cfi_startproc
  36              		@ args = 0, pretend = 0, frame = 16
  37              		@ frame_needed = 0, uses_anonymous_args = 0
  34:Src/display_spe.c ****   int is_clamp;
  38              		.loc 1 34 3 view .LVU1
  35:Src/display_spe.c ****   int xc, yc;
  39              		.loc 1 35 3 view .LVU2
  36:Src/display_spe.c ****   int x, y;
  40              		.loc 1 36 3 view .LVU3
  37:Src/display_spe.c **** 
  38:Src/display_spe.c ****   if (key->proba < AI_POSE_PP_CONF_THRESHOLD)
  41              		.loc 1 38 3 view .LVU4
  42              		.loc 1 38 6 is_stmt 0 view .LVU5
  43 0000 90ED027A 		vldr.32	s14, [r0, #8]
  44 0004 DFED197A 		vldr.32	s15, .L4
  45 0008 B4EEE77A 		vcmpe.f32	s14, s15
  46 000c F1EE10FA 		vmrs	APSR_nzcv, FPSCR
  33:Src/display_spe.c ****   int is_clamp;
  47              		.loc 1 33 1 view .LVU6
  48 0010 7FB5     		push	{r0, r1, r2, r3, r4, r5, r6, lr}
  49              		.cfi_def_cfa_offset 32
  50              		.cfi_offset 4, -16
  51              		.cfi_offset 5, -12
  52              		.cfi_offset 6, -8
  53              		.cfi_offset 14, -4
  33:Src/display_spe.c ****   int is_clamp;
  54              		.loc 1 33 1 view .LVU7
  55 0012 0246     		mov	r2, r0
  56 0014 0D46     		mov	r5, r1
  57              		.loc 1 38 6 view .LVU8
  58 0016 26D4     		bmi	.L1
  39:Src/display_spe.c ****     return ;
  40:Src/display_spe.c **** 
  41:Src/display_spe.c ****   convert_point(key->x_center, key->y_center, &x, &y);
  59              		.loc 1 41 3 is_stmt 1 view .LVU9
  60 0018 154B     		ldr	r3, .L4+4
  61 001a D2ED010A 		vldr.32	s1, [r2, #4]
  62 001e 92ED000A 		vldr.32	s0, [r2]
  63 0022 1B68     		ldr	r3, [r3]
  64 0024 03A9     		add	r1, sp, #12
  65              	.LVL1:
  66              		.loc 1 41 3 is_stmt 0 view .LVU10
  67 0026 02A8     		add	r0, sp, #8
  68              	.LVL2:
  69              		.loc 1 41 3 view .LVU11
  70 0028 9847     		blx	r3
  71              	.LVL3:
  42:Src/display_spe.c ****   xc = x - CIRCLE_RADIUS / 2;
ARM GAS  /tmp/ccdPX2BA.s 			page 3


  72              		.loc 1 42 3 is_stmt 1 view .LVU12
  73              		.loc 1 42 10 is_stmt 0 view .LVU13
  74 002a 029B     		ldr	r3, [sp, #8]
  43:Src/display_spe.c ****   yc = y - CIRCLE_RADIUS / 2;
  44:Src/display_spe.c ****   is_clamp = clamp_point(&xc, &yc);
  75              		.loc 1 44 14 view .LVU14
  76 002c 114E     		ldr	r6, .L4+8
  42:Src/display_spe.c ****   xc = x - CIRCLE_RADIUS / 2;
  77              		.loc 1 42 10 view .LVU15
  78 002e 023B     		subs	r3, r3, #2
  42:Src/display_spe.c ****   xc = x - CIRCLE_RADIUS / 2;
  79              		.loc 1 42 6 view .LVU16
  80 0030 0093     		str	r3, [sp]
  43:Src/display_spe.c ****   yc = y - CIRCLE_RADIUS / 2;
  81              		.loc 1 43 3 is_stmt 1 view .LVU17
  43:Src/display_spe.c ****   yc = y - CIRCLE_RADIUS / 2;
  82              		.loc 1 43 10 is_stmt 0 view .LVU18
  83 0032 039B     		ldr	r3, [sp, #12]
  84              		.loc 1 44 14 view .LVU19
  85 0034 01A9     		add	r1, sp, #4
  43:Src/display_spe.c ****   yc = y - CIRCLE_RADIUS / 2;
  86              		.loc 1 43 10 view .LVU20
  87 0036 023B     		subs	r3, r3, #2
  43:Src/display_spe.c ****   yc = y - CIRCLE_RADIUS / 2;
  88              		.loc 1 43 6 view .LVU21
  89 0038 0193     		str	r3, [sp, #4]
  90              		.loc 1 44 3 is_stmt 1 view .LVU22
  91              		.loc 1 44 14 is_stmt 0 view .LVU23
  92 003a 6846     		mov	r0, sp
  93 003c 3368     		ldr	r3, [r6]
  94 003e 9847     		blx	r3
  95              	.LVL4:
  45:Src/display_spe.c ****   xc = x + CIRCLE_RADIUS / 2;
  96              		.loc 1 45 10 view .LVU24
  97 0040 029B     		ldr	r3, [sp, #8]
  44:Src/display_spe.c ****   xc = x + CIRCLE_RADIUS / 2;
  98              		.loc 1 44 14 view .LVU25
  99 0042 0446     		mov	r4, r0
 100              	.LVL5:
 101              		.loc 1 45 3 is_stmt 1 view .LVU26
 102              		.loc 1 45 10 is_stmt 0 view .LVU27
 103 0044 0233     		adds	r3, r3, #2
 104              		.loc 1 45 6 view .LVU28
 105 0046 0093     		str	r3, [sp]
  46:Src/display_spe.c ****   yc = y + CIRCLE_RADIUS / 2;
 106              		.loc 1 46 3 is_stmt 1 view .LVU29
 107              		.loc 1 46 10 is_stmt 0 view .LVU30
 108 0048 039B     		ldr	r3, [sp, #12]
  47:Src/display_spe.c ****   is_clamp |= clamp_point(&xc, &yc);
 109              		.loc 1 47 15 view .LVU31
 110 004a 6846     		mov	r0, sp
 111              	.LVL6:
  46:Src/display_spe.c ****   yc = y + CIRCLE_RADIUS / 2;
 112              		.loc 1 46 10 view .LVU32
 113 004c 0233     		adds	r3, r3, #2
  46:Src/display_spe.c ****   yc = y + CIRCLE_RADIUS / 2;
 114              		.loc 1 46 6 view .LVU33
ARM GAS  /tmp/ccdPX2BA.s 			page 4


 115 004e 0193     		str	r3, [sp, #4]
 116              		.loc 1 47 3 is_stmt 1 view .LVU34
 117              		.loc 1 47 15 is_stmt 0 view .LVU35
 118 0050 01A9     		add	r1, sp, #4
 119 0052 3368     		ldr	r3, [r6]
 120 0054 9847     		blx	r3
 121              	.LVL7:
  48:Src/display_spe.c **** 
  49:Src/display_spe.c ****   if (is_clamp)
 122              		.loc 1 49 3 is_stmt 1 view .LVU36
 123              		.loc 1 49 6 is_stmt 0 view .LVU37
 124 0056 0443     		orrs	r4, r4, r0
 125              	.LVL8:
 126              		.loc 1 49 6 view .LVU38
 127 0058 05D1     		bne	.L1
  50:Src/display_spe.c ****     return ;
  51:Src/display_spe.c **** 
  52:Src/display_spe.c ****   UTIL_LCD_FillCircle(x, y, CIRCLE_RADIUS, color);
 128              		.loc 1 52 3 is_stmt 1 view .LVU39
 129 005a DDE90201 		ldrd	r0, r1, [sp, #8]
 130 005e 2B46     		mov	r3, r5
 131 0060 0522     		movs	r2, #5
 132 0062 FFF7FEFF 		bl	UTIL_LCD_FillCircle
 133              	.LVL9:
 134              	.L1:
  53:Src/display_spe.c **** }
 135              		.loc 1 53 1 is_stmt 0 view .LVU40
 136 0066 04B0     		add	sp, sp, #16
 137              		.cfi_def_cfa_offset 16
 138              		@ sp needed
 139 0068 70BD     		pop	{r4, r5, r6, pc}
 140              	.LVL10:
 141              	.L5:
 142              		.loc 1 53 1 view .LVU41
 143 006a 00BF     		.align	2
 144              	.L4:
 145 006c CDCCCC3D 		.word	1036831949
 146 0070 00000000 		.word	convert_point
 147 0074 00000000 		.word	clamp_point
 148              		.cfi_endproc
 149              	.LFE1513:
 151              		.section	.text.Display_spe_InitFunctions,"ax",%progbits
 152              		.align	1
 153              		.global	Display_spe_InitFunctions
 154              		.syntax unified
 155              		.thumb
 156              		.thumb_func
 158              	Display_spe_InitFunctions:
 159              	.LVL11:
 160              	.LFB1515:
  54:Src/display_spe.c **** 
  55:Src/display_spe.c **** #ifdef USE_BINDINGS
  56:Src/display_spe.c **** static void Display_binding(spe_pp_outBuffer_t *from, spe_pp_outBuffer_t *to, uint32_t color)
  57:Src/display_spe.c **** {
  58:Src/display_spe.c ****   int is_clamp;
  59:Src/display_spe.c ****   int x0, y0;
  60:Src/display_spe.c ****   int x1, y1;
ARM GAS  /tmp/ccdPX2BA.s 			page 5


  61:Src/display_spe.c ****   int i;
  62:Src/display_spe.c **** 
  63:Src/display_spe.c ****   assert(BINDING_WIDTH % 2 == 1);
  64:Src/display_spe.c **** 
  65:Src/display_spe.c ****   if (from->proba < AI_POSE_PP_CONF_THRESHOLD)
  66:Src/display_spe.c ****     return ;
  67:Src/display_spe.c ****   if (to->proba < AI_POSE_PP_CONF_THRESHOLD)
  68:Src/display_spe.c ****     return ;
  69:Src/display_spe.c **** 
  70:Src/display_spe.c ****   convert_point(from->x_center, from->y_center, &x0, &y0);
  71:Src/display_spe.c ****   is_clamp = clamp_point(&x0, &y0);
  72:Src/display_spe.c ****   if (is_clamp)
  73:Src/display_spe.c ****     return ;
  74:Src/display_spe.c **** 
  75:Src/display_spe.c ****   convert_point(to->x_center, to->y_center, &x1, &y1);
  76:Src/display_spe.c ****   is_clamp = clamp_point(&x1, &y1);
  77:Src/display_spe.c ****   if (is_clamp)
  78:Src/display_spe.c ****     return ;
  79:Src/display_spe.c **** 
  80:Src/display_spe.c ****   UTIL_LCD_DrawLine(x0, y0, x1, y1, color);
  81:Src/display_spe.c ****   for (i = 1; i <= (BINDING_WIDTH - 1) / 2; i++) {
  82:Src/display_spe.c ****     if (abs(y1 - y0) > abs(x1 - x0)) {
  83:Src/display_spe.c ****       Display_binding_line(x0 + i, y0, x1 + i , y1, color);
  84:Src/display_spe.c ****       Display_binding_line(x0 - i, y0, x1 - i , y1, color);
  85:Src/display_spe.c ****     } else {
  86:Src/display_spe.c ****       Display_binding_line(x0, y0 + i, x1 , y1 + i, color);
  87:Src/display_spe.c ****       Display_binding_line(x0, y0 - i, x1 , y1 - i, color);
  88:Src/display_spe.c ****     }
  89:Src/display_spe.c ****   }
  90:Src/display_spe.c **** 
  91:Src/display_spe.c ****   Display_keypoint(from, color);
  92:Src/display_spe.c ****   Display_keypoint(to, color);
  93:Src/display_spe.c **** }
  94:Src/display_spe.c **** #endif
  95:Src/display_spe.c **** 
  96:Src/display_spe.c **** void Display_spe_InitFunctions(int clamp_point_init(int *x, int *y),
  97:Src/display_spe.c ****                                void convert_length_init(float32_t wi, float32_t hi, int *wo, int *h
  98:Src/display_spe.c ****                                void convert_point_init(float32_t xi, float32_t yi, int *xo, int *yo
  99:Src/display_spe.c ****                                void Display_binding_line_init(int x0, int y0, int x1, int y1, uint3
 100:Src/display_spe.c **** {
 161              		.loc 1 100 1 is_stmt 1 view -0
 162              		.cfi_startproc
 163              		@ args = 0, pretend = 0, frame = 0
 164              		@ frame_needed = 0, uses_anonymous_args = 0
 165              		@ link register save eliminated.
 101:Src/display_spe.c ****   clamp_point = clamp_point_init;
 166              		.loc 1 101 3 view .LVU43
 167              		.loc 1 101 15 is_stmt 0 view .LVU44
 168 0000 0349     		ldr	r1, .L7
 169              	.LVL12:
 170              		.loc 1 101 15 view .LVU45
 171 0002 0860     		str	r0, [r1]
 102:Src/display_spe.c ****   convert_length = convert_length_init;
 172              		.loc 1 102 3 is_stmt 1 view .LVU46
 103:Src/display_spe.c ****   convert_point = convert_point_init;
 173              		.loc 1 103 3 view .LVU47
 174              		.loc 1 103 17 is_stmt 0 view .LVU48
ARM GAS  /tmp/ccdPX2BA.s 			page 6


 175 0004 0349     		ldr	r1, .L7+4
 176 0006 0A60     		str	r2, [r1]
 104:Src/display_spe.c ****   Display_binding_line = Display_binding_line_init;
 177              		.loc 1 104 3 is_stmt 1 view .LVU49
 178              		.loc 1 104 24 is_stmt 0 view .LVU50
 179 0008 034A     		ldr	r2, .L7+8
 180              	.LVL13:
 181              		.loc 1 104 24 view .LVU51
 182 000a 1360     		str	r3, [r2]
 105:Src/display_spe.c **** }
 183              		.loc 1 105 1 view .LVU52
 184 000c 7047     		bx	lr
 185              	.L8:
 186 000e 00BF     		.align	2
 187              	.L7:
 188 0010 00000000 		.word	clamp_point
 189 0014 00000000 		.word	convert_point
 190 0018 00000000 		.word	Display_binding_line
 191              		.cfi_endproc
 192              	.LFE1515:
 194              		.section	.text.Display_spe_Detection,"ax",%progbits
 195              		.align	1
 196              		.global	Display_spe_Detection
 197              		.syntax unified
 198              		.thumb
 199              		.thumb_func
 201              	Display_spe_Detection:
 202              	.LVL14:
 203              	.LFB1516:
 106:Src/display_spe.c **** 
 107:Src/display_spe.c **** void Display_spe_Detection(spe_pp_outBuffer_t *detect)
 108:Src/display_spe.c **** {
 204              		.loc 1 108 1 is_stmt 1 view -0
 205              		.cfi_startproc
 206              		@ args = 0, pretend = 0, frame = 24
 207              		@ frame_needed = 0, uses_anonymous_args = 0
 109:Src/display_spe.c ****   int i;
 208              		.loc 1 109 3 view .LVU54
 110:Src/display_spe.c **** 
 111:Src/display_spe.c **** #ifdef USE_BINDINGS
 112:Src/display_spe.c ****   for (i = 0; i < AI_POSE_PP_POSE_KEYPOINTS_NB; i++)
 209              		.loc 1 112 3 view .LVU55
 210              		.loc 1 112 17 discriminator 1 view .LVU56
 108:Src/display_spe.c ****   int i;
 211              		.loc 1 108 1 is_stmt 0 view .LVU57
 212 0000 2DE9F04F 		push	{r4, r5, r6, r7, r8, r9, r10, fp, lr}
 213              		.cfi_def_cfa_offset 36
 214              		.cfi_offset 4, -36
 215              		.cfi_offset 5, -32
 216              		.cfi_offset 6, -28
 217              		.cfi_offset 7, -24
 218              		.cfi_offset 8, -20
 219              		.cfi_offset 9, -16
 220              		.cfi_offset 10, -12
 221              		.cfi_offset 11, -8
 222              		.cfi_offset 14, -4
 223 0004 2DED028B 		vpush.64	{d8}
ARM GAS  /tmp/ccdPX2BA.s 			page 7


 224              		.cfi_def_cfa_offset 44
 225              		.cfi_offset 80, -44
 226              		.cfi_offset 81, -40
 227 0008 0446     		mov	r4, r0
 228 000a 89B0     		sub	sp, sp, #36
 229              		.cfi_def_cfa_offset 80
 108:Src/display_spe.c ****   int i;
 230              		.loc 1 108 1 view .LVU58
 231 000c 0290     		str	r0, [sp, #8]
 232 000e 00F1CC06 		add	r6, r0, #204
 233              	.LVL15:
 234              	.L10:
 113:Src/display_spe.c ****     Display_keypoint(&detect[i], DEFAULT_KEYPOINTS_COLOR);
 235              		.loc 1 113 5 is_stmt 1 view .LVU59
 236 0012 2046     		mov	r0, r4
 237 0014 4A49     		ldr	r1, .L19
 112:Src/display_spe.c ****     Display_keypoint(&detect[i], DEFAULT_KEYPOINTS_COLOR);
 238              		.loc 1 112 17 is_stmt 0 discriminator 1 view .LVU60
 239 0016 0C34     		adds	r4, r4, #12
 240              		.loc 1 113 5 view .LVU61
 241 0018 FFF7FEFF 		bl	Display_keypoint
 242              	.LVL16:
 112:Src/display_spe.c ****     Display_keypoint(&detect[i], DEFAULT_KEYPOINTS_COLOR);
 243              		.loc 1 112 50 is_stmt 1 discriminator 3 view .LVU62
 112:Src/display_spe.c ****     Display_keypoint(&detect[i], DEFAULT_KEYPOINTS_COLOR);
 244              		.loc 1 112 17 discriminator 1 view .LVU63
 245 001c A642     		cmp	r6, r4
 246 001e F8D1     		bne	.L10
 114:Src/display_spe.c **** 
 115:Src/display_spe.c ****   for (i = 0; i < BINDINGS_NB; i++)
 247              		.loc 1 115 10 is_stmt 0 view .LVU64
 248 0020 0023     		movs	r3, #0
 249              	.LBB4:
 250              	.LBB5:
  65:Src/display_spe.c ****     return ;
 251              		.loc 1 65 6 view .LVU65
 252 0022 9FED488A 		vldr.32	s16, .L19+4
 253 0026 DFF82081 		ldr	r8, .L19+8
  70:Src/display_spe.c ****   is_clamp = clamp_point(&x0, &y0);
 254              		.loc 1 70 3 view .LVU66
 255 002a DFF820A1 		ldr	r10, .L19+12
  71:Src/display_spe.c ****   if (is_clamp)
 256              		.loc 1 71 14 view .LVU67
 257 002e DFF820B1 		ldr	fp, .L19+16
 258              	.LBE5:
 259              	.LBE4:
 260              		.loc 1 115 10 view .LVU68
 261 0032 0393     		str	r3, [sp, #12]
 262              	.L15:
 263              	.LVL17:
 116:Src/display_spe.c ****     Display_binding(&detect[bindings[i][0]], &detect[bindings[i][1]], bindings[i][2]);
 264              		.loc 1 116 5 is_stmt 1 view .LVU69
 265              		.loc 1 116 28 is_stmt 0 view .LVU70
 266 0034 0C23     		movs	r3, #12
 267 0036 D8F80070 		ldr	r7, [r8]
 268              		.loc 1 116 5 view .LVU71
 269 003a 029A     		ldr	r2, [sp, #8]
ARM GAS  /tmp/ccdPX2BA.s 			page 8


 270 003c 03FB0727 		mla	r7, r3, r7, r2
 271              	.LVL18:
 272              	.LBB10:
 273              	.LBI4:
  56:Src/display_spe.c **** {
 274              		.loc 1 56 13 is_stmt 1 view .LVU72
 275              	.LBB6:
  58:Src/display_spe.c ****   int x0, y0;
 276              		.loc 1 58 3 view .LVU73
  59:Src/display_spe.c ****   int x1, y1;
 277              		.loc 1 59 3 view .LVU74
  60:Src/display_spe.c ****   int i;
 278              		.loc 1 60 3 view .LVU75
  61:Src/display_spe.c **** 
 279              		.loc 1 61 3 view .LVU76
  63:Src/display_spe.c **** 
 280              		.loc 1 63 3 view .LVU77
  65:Src/display_spe.c ****     return ;
 281              		.loc 1 65 3 view .LVU78
  65:Src/display_spe.c ****     return ;
 282              		.loc 1 65 6 is_stmt 0 view .LVU79
 283 0040 D7ED027A 		vldr.32	s15, [r7, #8]
 284 0044 F4EEC87A 		vcmpe.f32	s15, s16
 285 0048 F1EE10FA 		vmrs	APSR_nzcv, FPSCR
 286 004c 5ED4     		bmi	.L14
 287              	.LBE6:
 288              	.LBE10:
 289              		.loc 1 116 53 view .LVU80
 290 004e D8F80460 		ldr	r6, [r8, #4]
 291              		.loc 1 116 5 view .LVU81
 292 0052 03FB0626 		mla	r6, r3, r6, r2
 293              	.LBB11:
 294              	.LBB7:
  67:Src/display_spe.c ****     return ;
 295              		.loc 1 67 3 is_stmt 1 view .LVU82
  67:Src/display_spe.c ****     return ;
 296              		.loc 1 67 6 is_stmt 0 view .LVU83
 297 0056 D6ED027A 		vldr.32	s15, [r6, #8]
 298 005a F4EEC87A 		vcmpe.f32	s15, s16
 299 005e F1EE10FA 		vmrs	APSR_nzcv, FPSCR
 300 0062 53D4     		bmi	.L14
  70:Src/display_spe.c ****   is_clamp = clamp_point(&x0, &y0);
 301              		.loc 1 70 3 view .LVU84
 302 0064 DAF80030 		ldr	r3, [r10]
 303 0068 05A9     		add	r1, sp, #20
 304 006a 04A8     		add	r0, sp, #16
 305 006c D7ED010A 		vldr.32	s1, [r7, #4]
 306 0070 97ED000A 		vldr.32	s0, [r7]
 307              	.LBE7:
 308              	.LBE11:
 309              		.loc 1 116 82 view .LVU85
 310 0074 D8F80840 		ldr	r4, [r8, #8]
 311              	.LBB12:
 312              	.LBB8:
  70:Src/display_spe.c ****   is_clamp = clamp_point(&x0, &y0);
 313              		.loc 1 70 3 is_stmt 1 view .LVU86
 314 0078 9847     		blx	r3
ARM GAS  /tmp/ccdPX2BA.s 			page 9


 315              	.LVL19:
  71:Src/display_spe.c ****   if (is_clamp)
 316              		.loc 1 71 3 view .LVU87
  71:Src/display_spe.c ****   if (is_clamp)
 317              		.loc 1 71 14 is_stmt 0 view .LVU88
 318 007a DBF80030 		ldr	r3, [fp]
 319 007e 05A9     		add	r1, sp, #20
 320 0080 04A8     		add	r0, sp, #16
 321 0082 9847     		blx	r3
 322              	.LVL20:
  72:Src/display_spe.c ****     return ;
 323              		.loc 1 72 3 is_stmt 1 view .LVU89
  72:Src/display_spe.c ****     return ;
 324              		.loc 1 72 6 is_stmt 0 view .LVU90
 325 0084 0028     		cmp	r0, #0
 326 0086 41D1     		bne	.L14
  75:Src/display_spe.c ****   is_clamp = clamp_point(&x1, &y1);
 327              		.loc 1 75 3 is_stmt 1 view .LVU91
 328 0088 DAF80030 		ldr	r3, [r10]
 329 008c 07A9     		add	r1, sp, #28
 330 008e 06A8     		add	r0, sp, #24
 331              	.LVL21:
  75:Src/display_spe.c ****   is_clamp = clamp_point(&x1, &y1);
 332              		.loc 1 75 3 is_stmt 0 view .LVU92
 333 0090 D6ED010A 		vldr.32	s1, [r6, #4]
 334 0094 96ED000A 		vldr.32	s0, [r6]
 335 0098 9847     		blx	r3
 336              	.LVL22:
  76:Src/display_spe.c ****   if (is_clamp)
 337              		.loc 1 76 3 is_stmt 1 view .LVU93
  76:Src/display_spe.c ****   if (is_clamp)
 338              		.loc 1 76 14 is_stmt 0 view .LVU94
 339 009a DBF80030 		ldr	r3, [fp]
 340 009e 07A9     		add	r1, sp, #28
 341 00a0 06A8     		add	r0, sp, #24
 342 00a2 9847     		blx	r3
 343              	.LVL23:
  77:Src/display_spe.c ****     return ;
 344              		.loc 1 77 3 is_stmt 1 view .LVU95
  77:Src/display_spe.c ****     return ;
 345              		.loc 1 77 6 is_stmt 0 view .LVU96
 346 00a4 90BB     		cbnz	r0, .L14
  80:Src/display_spe.c ****   for (i = 1; i <= (BINDING_WIDTH - 1) / 2; i++) {
 347              		.loc 1 80 3 is_stmt 1 view .LVU97
 348 00a6 DDE90401 		ldrd	r0, r1, [sp, #16]
 349              	.LVL24:
  80:Src/display_spe.c ****   for (i = 1; i <= (BINDING_WIDTH - 1) / 2; i++) {
 350              		.loc 1 80 3 is_stmt 0 view .LVU98
 351 00aa DDE90623 		ldrd	r2, r3, [sp, #24]
 352 00ae 0094     		str	r4, [sp]
 353 00b0 FFF7FEFF 		bl	UTIL_LCD_DrawLine
 354              	.LVL25:
  81:Src/display_spe.c ****     if (abs(y1 - y0) > abs(x1 - x0)) {
 355              		.loc 1 81 3 is_stmt 1 view .LVU99
  81:Src/display_spe.c ****     if (abs(y1 - y0) > abs(x1 - x0)) {
 356              		.loc 1 81 17 discriminator 1 view .LVU100
  82:Src/display_spe.c ****       Display_binding_line(x0 + i, y0, x1 + i , y1, color);
ARM GAS  /tmp/ccdPX2BA.s 			page 10


 357              		.loc 1 82 5 view .LVU101
  82:Src/display_spe.c ****       Display_binding_line(x0 + i, y0, x1 + i , y1, color);
 358              		.loc 1 82 31 is_stmt 0 view .LVU102
 359 00b4 04A8     		add	r0, sp, #16
 360 00b6 0FC8     		ldm	r0, {r0, r1, r2, r3}
  82:Src/display_spe.c ****       Display_binding_line(x0 + i, y0, x1 + i , y1, color);
 361              		.loc 1 82 16 view .LVU103
 362 00b8 A3EB010E 		sub	lr, r3, r1
  82:Src/display_spe.c ****       Display_binding_line(x0 + i, y0, x1 + i , y1, color);
 363              		.loc 1 82 31 view .LVU104
 364 00bc A2EB000C 		sub	ip, r2, r0
  82:Src/display_spe.c ****       Display_binding_line(x0 + i, y0, x1 + i , y1, color);
 365              		.loc 1 82 9 view .LVU105
 366 00c0 BEF1000F 		cmp	lr, #0
 367 00c4 B8BF     		it	lt
 368 00c6 CEF1000E 		rsblt	lr, lr, #0
  82:Src/display_spe.c ****       Display_binding_line(x0 + i, y0, x1 + i , y1, color);
 369              		.loc 1 82 24 view .LVU106
 370 00ca BCF1000F 		cmp	ip, #0
  83:Src/display_spe.c ****       Display_binding_line(x0 - i, y0, x1 - i , y1, color);
 371              		.loc 1 83 7 view .LVU107
 372 00ce DFF88490 		ldr	r9, .L19+20
  82:Src/display_spe.c ****       Display_binding_line(x0 + i, y0, x1 + i , y1, color);
 373              		.loc 1 82 24 view .LVU108
 374 00d2 B8BF     		it	lt
 375 00d4 CCF1000C 		rsblt	ip, ip, #0
  82:Src/display_spe.c ****       Display_binding_line(x0 + i, y0, x1 + i , y1, color);
 376              		.loc 1 82 8 view .LVU109
 377 00d8 E645     		cmp	lr, ip
  83:Src/display_spe.c ****       Display_binding_line(x0 - i, y0, x1 - i , y1, color);
 378              		.loc 1 83 7 view .LVU110
 379 00da D9F80050 		ldr	r5, [r9]
 380 00de 0094     		str	r4, [sp]
  82:Src/display_spe.c ****       Display_binding_line(x0 + i, y0, x1 + i , y1, color);
 381              		.loc 1 82 8 view .LVU111
 382 00e0 20DD     		ble	.L12
  83:Src/display_spe.c ****       Display_binding_line(x0 - i, y0, x1 - i , y1, color);
 383              		.loc 1 83 7 is_stmt 1 view .LVU112
 384 00e2 0132     		adds	r2, r2, #1
 385 00e4 0130     		adds	r0, r0, #1
 386 00e6 A847     		blx	r5
 387              	.LVL26:
  84:Src/display_spe.c ****     } else {
 388              		.loc 1 84 7 view .LVU113
 389 00e8 DDE90623 		ldrd	r2, r3, [sp, #24]
 390 00ec DDE90401 		ldrd	r0, r1, [sp, #16]
 391 00f0 0094     		str	r4, [sp]
 392 00f2 D9F80090 		ldr	r9, [r9]
 393 00f6 013A     		subs	r2, r2, #1
 394 00f8 0138     		subs	r0, r0, #1
 395              	.L18:
  87:Src/display_spe.c ****     }
 396              		.loc 1 87 7 is_stmt 0 view .LVU114
 397 00fa C847     		blx	r9
 398              	.LVL27:
  81:Src/display_spe.c ****     if (abs(y1 - y0) > abs(x1 - x0)) {
 399              		.loc 1 81 17 is_stmt 1 discriminator 1 view .LVU115
ARM GAS  /tmp/ccdPX2BA.s 			page 11


  91:Src/display_spe.c ****   Display_keypoint(to, color);
 400              		.loc 1 91 3 view .LVU116
 401 00fc 2146     		mov	r1, r4
 402 00fe 3846     		mov	r0, r7
 403 0100 FFF7FEFF 		bl	Display_keypoint
 404              	.LVL28:
  92:Src/display_spe.c **** }
 405              		.loc 1 92 3 view .LVU117
 406 0104 2146     		mov	r1, r4
 407 0106 3046     		mov	r0, r6
 408 0108 FFF7FEFF 		bl	Display_keypoint
 409              	.LVL29:
 410              	.L14:
  92:Src/display_spe.c **** }
 411              		.loc 1 92 3 is_stmt 0 view .LVU118
 412              	.LBE8:
 413              	.LBE12:
 115:Src/display_spe.c ****     Display_binding(&detect[bindings[i][0]], &detect[bindings[i][1]], bindings[i][2]);
 414              		.loc 1 115 33 is_stmt 1 discriminator 3 view .LVU119
 415 010c 039B     		ldr	r3, [sp, #12]
 115:Src/display_spe.c ****     Display_binding(&detect[bindings[i][0]], &detect[bindings[i][1]], bindings[i][2]);
 416              		.loc 1 115 17 is_stmt 0 discriminator 1 view .LVU120
 417 010e 08F10C08 		add	r8, r8, #12
 115:Src/display_spe.c ****     Display_binding(&detect[bindings[i][0]], &detect[bindings[i][1]], bindings[i][2]);
 418              		.loc 1 115 33 discriminator 3 view .LVU121
 419 0112 0133     		adds	r3, r3, #1
 115:Src/display_spe.c ****     Display_binding(&detect[bindings[i][0]], &detect[bindings[i][1]], bindings[i][2]);
 420              		.loc 1 115 17 discriminator 1 view .LVU122
 421 0114 122B     		cmp	r3, #18
 115:Src/display_spe.c ****     Display_binding(&detect[bindings[i][0]], &detect[bindings[i][1]], bindings[i][2]);
 422              		.loc 1 115 33 discriminator 3 view .LVU123
 423 0116 0393     		str	r3, [sp, #12]
 424              	.LVL30:
 115:Src/display_spe.c ****     Display_binding(&detect[bindings[i][0]], &detect[bindings[i][1]], bindings[i][2]);
 425              		.loc 1 115 17 is_stmt 1 discriminator 1 view .LVU124
 426 0118 8CD1     		bne	.L15
 117:Src/display_spe.c **** #else
 118:Src/display_spe.c ****   for (i = 0; i < AI_POSE_PP_POSE_KEYPOINTS_NB; i++)
 119:Src/display_spe.c ****     Display_keypoint(&detect[i], DEFAULT_KEYPOINTS_COLOR);
 120:Src/display_spe.c **** #endif
 121:Src/display_spe.c **** }
 427              		.loc 1 121 1 is_stmt 0 view .LVU125
 428 011a 09B0     		add	sp, sp, #36
 429              		.cfi_remember_state
 430              		.cfi_def_cfa_offset 44
 431              		@ sp needed
 432 011c BDEC028B 		vldm	sp!, {d8}
 433              		.cfi_restore 80
 434              		.cfi_restore 81
 435              		.cfi_def_cfa_offset 36
 436 0120 BDE8F08F 		pop	{r4, r5, r6, r7, r8, r9, r10, fp, pc}
 437              	.LVL31:
 438              	.L12:
 439              		.cfi_restore_state
 440              	.LBB13:
 441              	.LBB9:
  86:Src/display_spe.c ****       Display_binding_line(x0, y0 - i, x1 , y1 - i, color);
ARM GAS  /tmp/ccdPX2BA.s 			page 12


 442              		.loc 1 86 7 is_stmt 1 view .LVU126
 443 0124 0133     		adds	r3, r3, #1
 444 0126 0131     		adds	r1, r1, #1
 445 0128 A847     		blx	r5
 446              	.LVL32:
  87:Src/display_spe.c ****     }
 447              		.loc 1 87 7 view .LVU127
 448 012a DDE90512 		ldrd	r1, r2, [sp, #20]
 449 012e 079B     		ldr	r3, [sp, #28]
 450 0130 0094     		str	r4, [sp]
 451 0132 D9F80090 		ldr	r9, [r9]
 452 0136 0498     		ldr	r0, [sp, #16]
 453 0138 013B     		subs	r3, r3, #1
 454 013a 0139     		subs	r1, r1, #1
 455 013c DDE7     		b	.L18
 456              	.L20:
 457 013e 00BF     		.align	2
 458              	.L19:
 459 0140 DCA939FF 		.word	-12998180
 460 0144 CDCCCC3D 		.word	1036831949
 461 0148 00000000 		.word	bindings
 462 014c 00000000 		.word	convert_point
 463 0150 00000000 		.word	clamp_point
 464 0154 00000000 		.word	Display_binding_line
 465              	.LBE9:
 466              	.LBE13:
 467              		.cfi_endproc
 468              	.LFE1516:
 470              		.section	.bss.Display_binding_line,"aw",%nobits
 471              		.align	2
 474              	Display_binding_line:
 475 0000 00000000 		.space	4
 476              		.section	.bss.convert_point,"aw",%nobits
 477              		.align	2
 480              	convert_point:
 481 0000 00000000 		.space	4
 482              		.section	.bss.clamp_point,"aw",%nobits
 483              		.align	2
 486              	clamp_point:
 487 0000 00000000 		.space	4
 488              		.text
 489              	.Letext0:
 490              		.file 2 "/opt/st/stm32cubeide_2.1.1/plugins/com.st.stm32cube.ide.mcu.externaltools.gnu-tools-for-s
 491              		.file 3 "/opt/st/stm32cubeide_2.1.1/plugins/com.st.stm32cube.ide.mcu.externaltools.gnu-tools-for-s
 492              		.file 4 "/opt/st/stm32cubeide_2.1.1/plugins/com.st.stm32cube.ide.mcu.externaltools.gnu-tools-for-s
 493              		.file 5 "../../Middlewares/stm32-vision-models-postprocessing/lib_vision_models_pp/Inc/spe_pp_outp
 494              		.file 6 "../../STM32Cube_FW_N6/Utilities/lcd/stm32_lcd.h"
 495              		.file 7 "Inc/app_config.h"
ARM GAS  /tmp/ccdPX2BA.s 			page 13


DEFINED SYMBOLS
                            *ABS*:00000000 display_spe.c
     /tmp/ccdPX2BA.s:26     .text.Display_keypoint:00000000 $t
     /tmp/ccdPX2BA.s:31     .text.Display_keypoint:00000000 Display_keypoint
     /tmp/ccdPX2BA.s:145    .text.Display_keypoint:0000006c $d
     /tmp/ccdPX2BA.s:480    .bss.convert_point:00000000 convert_point
     /tmp/ccdPX2BA.s:486    .bss.clamp_point:00000000 clamp_point
     /tmp/ccdPX2BA.s:152    .text.Display_spe_InitFunctions:00000000 $t
     /tmp/ccdPX2BA.s:158    .text.Display_spe_InitFunctions:00000000 Display_spe_InitFunctions
     /tmp/ccdPX2BA.s:188    .text.Display_spe_InitFunctions:00000010 $d
     /tmp/ccdPX2BA.s:474    .bss.Display_binding_line:00000000 Display_binding_line
     /tmp/ccdPX2BA.s:195    .text.Display_spe_Detection:00000000 $t
     /tmp/ccdPX2BA.s:201    .text.Display_spe_Detection:00000000 Display_spe_Detection
     /tmp/ccdPX2BA.s:459    .text.Display_spe_Detection:00000140 $d
     /tmp/ccdPX2BA.s:471    .bss.Display_binding_line:00000000 $d
     /tmp/ccdPX2BA.s:477    .bss.convert_point:00000000 $d
     /tmp/ccdPX2BA.s:483    .bss.clamp_point:00000000 $d
                           .group:00000000 wm4.0.0340b1c6b35792986b320b0caf0e6143
                           .group:00000000 wm4.arm_math_types.h.28.9e71aea5cdf6aebdd83091bf39b4832a
                           .group:00000000 wm4._newlib_version.h.4.0eb654b64686e2bd29646258853f6c22
                           .group:00000000 wm4.features.h.33.d554620bb17bd3b714c3fb5c268772bc
                           .group:00000000 wm4._default_types.h.15.247e5cd201eca3442cbf5404108c4935
                           .group:00000000 wm4._intsup.h.10.48bafbb683905c4daa4565a85aeeb264
                           .group:00000000 wm4._stdint.h.10.c24fa3af3bc1706662bb5593a907e841
                           .group:00000000 wm4.stdint.h.23.d53047a68f4a85177f80b422d52785ed
                           .group:00000000 wm4.arm_acle.h.28.a0697f530ff2dbf8c463bef049b82760
                           .group:00000000 wm4.cmsis_gcc.h.39.eba7438bc45fd1a6e6376b63ffe44436
                           .group:00000000 wm4.cmsis_gcc_m.h.24.e590ec51aeda3a1242400351d73f5dce
                           .group:00000000 wm4.newlib.h.7.decd5b9657e2c5df625d9eac6e10520c
                           .group:00000000 wm4.ieeefp.h.77.99029d7b8220a2cd73dd257e2bbe825d
                           .group:00000000 wm4.config.h.224.10ee1ad185d877c6e334e6581faab44d
                           .group:00000000 wm4._ansi.h.31.de524f58584151836e90d8620a16f8e8
                           .group:00000000 wm4.stddef.h.39.811583f327f35b0df7808fda70b062a0
                           .group:00000000 wm4.cdefs.h.49.56fd742369e655e7e8a7e365e706e208
                           .group:00000000 wm4._types.h.20.dd0d04dca3800a0d2a6129b87f3adbb2
                           .group:00000000 wm4.stddef.h.173.4903093a50a8482cb062b176ea61fac3
                           .group:00000000 wm4._types.h.127.3bdfe3ff8ea2d0985b03d9cbe93480e3
                           .group:00000000 wm4.reent.h.18.25503cdc8b7e55dd0d6ea7b3e5af7a03
                           .group:00000000 wm4.lock.h.2.1461d1fff82dffe8bfddc23307f6484f
                           .group:00000000 wm4.reent.h.78.6d702f69a6d6435d2dbe915b10150b1a
                           .group:00000000 wm4.string.h.15.dab3980bf35408a4c507182805e2de3a
                           .group:00000000 wm4.stddef.h.173.1cea4f16a943c8e875db6791959c3141
                           .group:00000000 wm4.string.h.177.59a005921fa78485abc80a0267de5752
                           .group:00000000 wm4.math.h.13.47cfc34cae8a1153323939c4d32cf7c2
                           .group:00000000 wm4.float.h.29.0e9d9baf95ec39f9555dc80c6e28186b
                           .group:00000000 wm4.syslimits.h.34.de5cbd310098bc5895998b6bde577ed2
                           .group:00000000 wm4.limits.h.9.70fb0ada6f71b16202a66baaa6d8ea70
                           .group:00000000 wm4.limits.h.60.56a1ae353e2028a24298ec6463b8b593
                           .group:00000000 wm4.arm_math_types.h.116.3e44bd031718f65bdb345972ddc8cf86
                           .group:00000000 wm4.stdbool.h.29.c08aa3eec75cf5b9b5003883f43253f0
                           .group:00000000 wm4.arm_mve.h.48.53b982d307987e8d8669fd51fdc5e583
                           .group:00000000 wm4.arm_math_types.h.605.32c5d7843b3dcaa8f5174feea7de7445
                           .group:00000000 wm4.arm_math_memory.h.28.3ee75b06517df8378241b72d6c61e5b0
                           .group:00000000 wm4.none.h.185.db055cca83e83f96d8d0bb450fbdf4bb
                           .group:00000000 wm4.utils.h.41.820d6032ed1c0d7dd5bd2ed80938ee65
                           .group:00000000 wm4.fast_math_functions.h.28.aa389abd5521cfceab0e76a6af3dd2e2
                           .group:00000000 wm4.matrix_functions.h.28.8fc8488c73b2d6f328b0946db3460102
ARM GAS  /tmp/ccdPX2BA.s 			page 14


                           .group:00000000 wm4.controller_functions.h.28.388735b97ccd96442b0ac9e554629f36
                           .group:00000000 wm4.filtering_functions.h.46.6cf1424fb1f86d5f9958d208b83340a1
                           .group:00000000 wm4.spe_pp_output_if.h.21.7aed4d6031ba2f64b47a2eb3fe8061d9
                           .group:00000000 wm4.ll_aton_config.h.20.27cfa9f6f5afc4105991355367358a39
                           .group:00000000 wm4.ll_aton_attributes.h.20.26d469460cb32db5740effdc8cc403f3
                           .group:00000000 wm4.ll_aton_cipher.h.20.e98fdae11c912f4036a83cedb835e14e
                           .group:00000000 wm4.assert.h.11.db24e541f16414db224bf986d21017e2
                           .group:00000000 wm4.errno.h.2.ba016d646105af6cad23be83630b6a3f
                           .group:00000000 wm4.errno.h.9.ae5ea2b0ff9ea6e39e585807e35200d3
                           .group:00000000 wm4.stdio.h.27.3fc80220048df77954e38daec3bb9670
                           .group:00000000 wm4.stdarg.h.34.3a23a216c0c293b3d2ea2e89281481e6
                           .group:00000000 wm4.stdio.h.47.dc31ec4674d7bcb103c9f08809549f45
                           .group:00000000 wm4.stdio.h.2.4aa87247282eca6c8f36f9de33d8df1a
                           .group:00000000 wm4.stdio.h.87.a1e20d2651f9bfb66e51bfbe849db00a
                           .group:00000000 wm4.ll_aton_util.h.34.9098eaa90d3d72b819973556e3e5fe44
                           .group:00000000 wm4.ll_aton_osal.h.20.08c7c488030992aa35928699d77c6f6e
                           .group:00000000 wm4.ll_aton_platform.h.20.8f1d4e7781c282794886ffdd00ccd30b
                           .group:00000000 wm4.stm32n6xx.h.34.c523a1ffdf274a69e8802892c6776332
                           .group:00000000 wm4.stm32n657xx.h.26.acd272cb67318cc1a4791ce2f0720ca6
                           .group:00000000 wm4.cmsis_version.h.30.d128735bf87720f7436b74fefeb5043c
                           .group:00000000 wm4.core_cm55.h.67.25006a3ce7048d64bcddd2996d5fac93
                           .group:00000000 wm4.core_cm55.h.213.0528f46a674315ef8d35c4477e230358
                           .group:00000000 wm4.armv8m_mpu.h.24.bf28cc25bee30a7ff9d2f7a44a5e2230
                           .group:00000000 wm4.armv8m_pmu.h.24.6ded195d2625055391fd378c0e1d2519
                           .group:00000000 wm4.core_cm55.h.4477.396e822ef855bcfb932819ad48de1c4c
                           .group:00000000 wm4.armv7m_cachel1.h.24.936dd92d6e204a8d0b17d5e4ea4a356e
                           .group:00000000 wm4.stm32n657xx.h.575.78d331c417ec710388ced647138f735f
                           .group:00000000 wm4.stm32n6xx.h.116.b4247d9785590e7c5ec9234ffb2153bf
                           .group:00000000 wm4.ll_aton_platform.h.205.098bebcb126012e5dfc0544db0a7d4c8
                           .group:00000000 wm4.inttypes.h.14.b28deb26920e51e0da310220ef0f9003
                           .group:00000000 wm4.inttypes.h.28.684aa7736e7ecc9a6ffc44acc61c7a90
                           .group:00000000 wm4.ATONidxs.h.16.969ebf3fd32e13543179e6907b3869c9
                           .group:00000000 wm4.ATON.h.19.0bce86f27eb7ac354272c44c1804cd24
                           .group:00000000 wm4.ll_aton_rcompat.h.22.4788366561a5f8dfb37661f794bdd403
                           .group:00000000 wm4.ll_aton_platform.h.279.2fa1ab569e6816db5b603cc3ef09d875
                           .group:00000000 wm4.ll_aton_rt_user_api.h.71.52957347efa02883c6e8b1a7f756d297
                           .group:00000000 wm4.stai.h.24.a274645e79490de4e05332b397550d1f
                           .group:00000000 wm4.stai_debug.h.37.4be079c70c66033549ba26b63a31db94
                           .group:00000000 wm4.ll_aton_stai_internal.h.35.4ede4d59178f196dca4b635c5600498b
                           .group:00000000 wm4.stai_network.h.57.8dfb21a08a1ef1a6e6a309b63eb85b05
                           .group:00000000 wm4.lcd.h.21.98701c105e66fef2e089854e5bc0fe32
                           .group:00000000 wm4.stm32_lcd.h.55.1a04e503950bf34ef3721d2ebb9542fc
                           .group:00000000 wm4.app_config.h.26.96182b69c56ce1d1203eb902041ede1e
                           .group:00000000 wm4.stm32n6xx_hal_conf.h.21.e6f895f5dec93fd886896ef3aa220611
                           .group:00000000 wm4.arm_cmse.h.103.a0d15a79c4c9a67da8d5831704d7248e
                           .group:00000000 wm4.stm32_hal_legacy.h.22.e62aae2fd3ae33360b6781c8a72e5b18
                           .group:00000000 wm4.stm32n6xx_hal_def.h.63.2cbbf1954826c09c874c4e06e42e8b71
                           .group:00000000 wm4.stm32n6xx_ll_bus.h.38.2366a295ee4cdb04833997d3787fcd2d
                           .group:00000000 wm4.stm32n6xx_ll_rcc.h.21.656bd5637db608589ad16ea57d39430c
                           .group:00000000 wm4.stm32n6xx_hal_rcc.h.194.69b522b1afdf59a82d05a1f71efe03c7
                           .group:00000000 wm4.stm32n6xx_hal_rcc_ex.h.21.cc6be0a7d168882a1a6f470236ba784c
                           .group:00000000 wm4.stm32n6xx_hal_rcc.h.4361.4b490a4a19722e68c21f88cb8a774a30
                           .group:00000000 wm4.stm32n6xx_hal_gpio.h.21.89d54af663b98eb8fc098192053f7eeb
                           .group:00000000 wm4.stm32n6xx_hal_gpio_ex.h.22.f7e795fb05a69a19b87d946b47c8db8b
                           .group:00000000 wm4.stm32n6xx_hal_rif.h.21.33f2c553a8a3fc14dca8c470b213ab19
                           .group:00000000 wm4.stm32n6xx_hal_dma.h.21.61e48c5c2e8d25d22177834b232fe45c
                           .group:00000000 wm4.stm32n6xx_hal_dma_ex.h.21.82f854ecdb6a463b06d0b4e5c217c368
ARM GAS  /tmp/ccdPX2BA.s 			page 15


                           .group:00000000 wm4.stm32n6xx_hal_dma.h.1020.87e2180c009560b617c1f8208140c950
                           .group:00000000 wm4.stm32n6xx_hal_cortex.h.21.f493623cc58f9454ab4eae41e395c5cc
                           .group:00000000 wm4.stm32n6xx_hal_bsec.h.21.1ee89319140541f82434908b4267aa30
                           .group:00000000 wm4.stm32n6xx_hal_dcmipp.h.21.e2b87dce83d7d722d696a597f6ac56bf
                           .group:00000000 wm4.stm32n6xx_hal_dma2d.h.21.75c8d46cdbb72970123b3f34ae2043d7
                           .group:00000000 wm4.stm32n6xx_hal_exti.h.21.e0efb23591051684dc14f1f2431c6aab
                           .group:00000000 wm4.stm32n6xx_hal_i2c.h.21.3f483626ff64c5bf027265bb2e1d1331
                           .group:00000000 wm4.stm32n6xx_hal_i2c_ex.h.21.79e9196c22282cdaf6b4047893638c45
                           .group:00000000 wm4.stm32n6xx_hal_i2c.h.741.1084702632703acc669e4282b3043372
                           .group:00000000 wm4.stm32n6xx_hal_ltdc.h.21.ae1eb09930e7e550e48e418ac5849e4d
                           .group:00000000 wm4.stm32n6xx_hal_ltdc.h.1002.b13ede7fc94ed5ad1c6768a157d2149a
                           .group:00000000 wm4.stm32n6xx_hal_pwr.h.21.cdb73e4869c3fed3fc84f901ec0e5f0a
                           .group:00000000 wm4.stm32n6xx_hal_pwr_ex.h.21.1a673224a58b0c1e5fad8eeda6514208
                           .group:00000000 wm4.stm32n6xx_hal_ramcfg.h.21.a62dfbb4d2c14e9a8c634a215e37bd3d
                           .group:00000000 wm4.stm32n6xx_hal_uart.h.21.230f549bfa0d5ebfd77bfb311b2aca15
                           .group:00000000 wm4.stm32n6xx_hal_uart_ex.h.21.a0d5511e1d0703b7b5278c8f5472b96d
                           .group:00000000 wm4.stm32n6xx_hal_xspi.h.21.7fd922d3bdb871475cf18436a68935bb
                           .group:00000000 wm4.stm32n6xx_hal_cacheaxi.h.21.7c3375b7903ec42376e4883320997f74
                           .group:00000000 wm4.stm32n6xx_hal.h.81.e79d59262ba173c33cf1d69281830d15
                           .group:00000000 wm4.main.h.30.b69ac6fd956d61a1b3eb6a39671105da
                           .group:00000000 wm4.utils.h.20.17a5869ee4d09f1d7f0d2b6abe16400f
                           .group:00000000 wm4.assert.h.11.d99a111e320bc5106fc4046225782672
                           .group:00000000 wm4.stdlib.h.13.4ed386f5c1a80d71e72172885d946ef2
                           .group:00000000 wm4.alloca.h.8.dfc0c703c47ec3e69746825b17d9e66d
                           .group:00000000 wm4.stdlib.h.56.f4862cfbf4363a1db01842d5bdf72c18

UNDEFINED SYMBOLS
UTIL_LCD_FillCircle
UTIL_LCD_DrawLine
bindings
