ARM GAS  /tmp/ccnFeYbL.s 			page 1


   1              		.arch armv8.1-m.main
   2              		.fpu fpv5-d16
   3              		.arch_extension dsp
   4              		.arch_extension fp
   5              		.arch_extension fp.dp
   6              		.arch_extension mve
   7              		.arch_extension mve.fp
   8              		.eabi_attribute 5, "cortex-m55"
   9              		.eabi_attribute 28, 1
  10              		.eabi_attribute 20, 1
  11              		.eabi_attribute 21, 1
  12              		.eabi_attribute 23, 3
  13              		.eabi_attribute 24, 1
  14              		.eabi_attribute 25, 1
  15              		.eabi_attribute 26, 1
  16              		.eabi_attribute 30, 4
  17              		.eabi_attribute 34, 1
  18              		.eabi_attribute 38, 1
  19              		.eabi_attribute 18, 4
  20              		.file	"ll_aton_util.c"
  21              		.text
  22              	.Ltext0:
  23              		.cfi_sections	.debug_frame
  24              		.file 1 "../../Middlewares/stedgeai-lib/Npu/ll_aton/ll_aton_util.c"
  25              		.section	.text.LL_ATON_getbits,"ax",%progbits
  26              		.align	1
  27              		.global	LL_ATON_getbits
  28              		.syntax unified
  29              		.thumb
  30              		.thumb_func
  32              	LL_ATON_getbits:
  33              	.LVL0:
  34              	.LFB3:
   1:../../Middlewares/stedgeai-lib/Npu/ll_aton/ll_aton_util.c **** /**
   2:../../Middlewares/stedgeai-lib/Npu/ll_aton/ll_aton_util.c ****  ******************************************************************************
   3:../../Middlewares/stedgeai-lib/Npu/ll_aton/ll_aton_util.c ****  * @file    ll_aton_util.c
   4:../../Middlewares/stedgeai-lib/Npu/ll_aton/ll_aton_util.c ****  * @author  SRA Artificial Intelligence & Embedded Architectures
   5:../../Middlewares/stedgeai-lib/Npu/ll_aton/ll_aton_util.c ****  * @brief   ATON LL utility functions
   6:../../Middlewares/stedgeai-lib/Npu/ll_aton/ll_aton_util.c ****  ******************************************************************************
   7:../../Middlewares/stedgeai-lib/Npu/ll_aton/ll_aton_util.c ****  * @attention
   8:../../Middlewares/stedgeai-lib/Npu/ll_aton/ll_aton_util.c ****  *
   9:../../Middlewares/stedgeai-lib/Npu/ll_aton/ll_aton_util.c ****  * Copyright (c) 2024 STMicroelectronics.
  10:../../Middlewares/stedgeai-lib/Npu/ll_aton/ll_aton_util.c ****  * All rights reserved.
  11:../../Middlewares/stedgeai-lib/Npu/ll_aton/ll_aton_util.c ****  *
  12:../../Middlewares/stedgeai-lib/Npu/ll_aton/ll_aton_util.c ****  * This software is licensed under terms that can be found in the LICENSE file
  13:../../Middlewares/stedgeai-lib/Npu/ll_aton/ll_aton_util.c ****  * in the root directory of this software component.
  14:../../Middlewares/stedgeai-lib/Npu/ll_aton/ll_aton_util.c ****  * If no LICENSE file comes with this software, it is provided AS-IS.
  15:../../Middlewares/stedgeai-lib/Npu/ll_aton/ll_aton_util.c ****  *
  16:../../Middlewares/stedgeai-lib/Npu/ll_aton/ll_aton_util.c ****  ******************************************************************************
  17:../../Middlewares/stedgeai-lib/Npu/ll_aton/ll_aton_util.c ****  */
  18:../../Middlewares/stedgeai-lib/Npu/ll_aton/ll_aton_util.c **** 
  19:../../Middlewares/stedgeai-lib/Npu/ll_aton/ll_aton_util.c **** #include <stddef.h>
  20:../../Middlewares/stedgeai-lib/Npu/ll_aton/ll_aton_util.c **** #include <stdint.h>
  21:../../Middlewares/stedgeai-lib/Npu/ll_aton/ll_aton_util.c **** #include <stdio.h>
  22:../../Middlewares/stedgeai-lib/Npu/ll_aton/ll_aton_util.c **** 
  23:../../Middlewares/stedgeai-lib/Npu/ll_aton/ll_aton_util.c **** #include "ll_aton_util.h"
  24:../../Middlewares/stedgeai-lib/Npu/ll_aton/ll_aton_util.c **** 
ARM GAS  /tmp/ccnFeYbL.s 			page 2


  25:../../Middlewares/stedgeai-lib/Npu/ll_aton/ll_aton_util.c **** /**
  26:../../Middlewares/stedgeai-lib/Npu/ll_aton/ll_aton_util.c ****  * @brief  Helper function. Extracts bitfield from a buffer
  27:../../Middlewares/stedgeai-lib/Npu/ll_aton/ll_aton_util.c ****  * @param  bits Pointer of the buffer to extract bits from
  28:../../Middlewares/stedgeai-lib/Npu/ll_aton/ll_aton_util.c ****  * @param  pos Global bit position of the bitfield to extract
  29:../../Middlewares/stedgeai-lib/Npu/ll_aton/ll_aton_util.c ****  * @param  nbits Number of bits to extract
  30:../../Middlewares/stedgeai-lib/Npu/ll_aton/ll_aton_util.c ****  * @retval extracted bitfield
  31:../../Middlewares/stedgeai-lib/Npu/ll_aton/ll_aton_util.c ****  */
  32:../../Middlewares/stedgeai-lib/Npu/ll_aton/ll_aton_util.c **** uint32_t LL_ATON_getbits(uint32_t *bits, unsigned int pos, int nbits)
  33:../../Middlewares/stedgeai-lib/Npu/ll_aton/ll_aton_util.c **** {
  35              		.loc 1 33 1 view -0
  36              		.cfi_startproc
  37              		@ args = 0, pretend = 0, frame = 0
  38              		@ frame_needed = 0, uses_anonymous_args = 0
  34:../../Middlewares/stedgeai-lib/Npu/ll_aton/ll_aton_util.c ****   unsigned int mask = (1ULL << nbits) - 1;
  39              		.loc 1 34 3 view .LVU1
  33:../../Middlewares/stedgeai-lib/Npu/ll_aton/ll_aton_util.c ****   unsigned int mask = (1ULL << nbits) - 1;
  40              		.loc 1 33 1 is_stmt 0 view .LVU2
  41 0000 2DE9F043 		push	{r4, r5, r6, r7, r8, r9, lr}
  42              		.cfi_def_cfa_offset 28
  43              		.cfi_offset 4, -28
  44              		.cfi_offset 5, -24
  45              		.cfi_offset 6, -20
  46              		.cfi_offset 7, -16
  47              		.cfi_offset 8, -12
  48              		.cfi_offset 9, -8
  49              		.cfi_offset 14, -4
  50              		.loc 1 34 29 view .LVU3
  51 0004 4FF00108 		mov	r8, #1
  52 0008 4FF00009 		mov	r9, #0
  53 000c 58EA0D29 		lsll	r8, r9, r2
  35:../../Middlewares/stedgeai-lib/Npu/ll_aton/ll_aton_util.c ****   uint32_t value;
  36:../../Middlewares/stedgeai-lib/Npu/ll_aton/ll_aton_util.c ****   const int bitsperint = (sizeof(unsigned) * 8);
  37:../../Middlewares/stedgeai-lib/Npu/ll_aton/ll_aton_util.c ****   int index0 = pos / bitsperint;
  54              		.loc 1 37 20 view .LVU4
  55 0010 4D09     		lsrs	r5, r1, #5
  33:../../Middlewares/stedgeai-lib/Npu/ll_aton/ll_aton_util.c ****   unsigned int mask = (1ULL << nbits) - 1;
  56              		.loc 1 33 1 view .LVU5
  57 0012 0646     		mov	r6, r0
  38:../../Middlewares/stedgeai-lib/Npu/ll_aton/ll_aton_util.c ****   int index1 = (pos + nbits) / bitsperint;
  39:../../Middlewares/stedgeai-lib/Npu/ll_aton/ll_aton_util.c ****   // Do the bits to extract cross a boundary?
  40:../../Middlewares/stedgeai-lib/Npu/ll_aton/ll_aton_util.c ****   if (index0 == index1)
  41:../../Middlewares/stedgeai-lib/Npu/ll_aton/ll_aton_util.c ****   {
  42:../../Middlewares/stedgeai-lib/Npu/ll_aton/ll_aton_util.c ****     value = (bits[index0] >> (pos % bitsperint)) & mask;
  58              		.loc 1 42 27 view .LVU6
  59 0014 50F82500 		ldr	r0, [r0, r5, lsl #2]
  60              	.LVL1:
  38:../../Middlewares/stedgeai-lib/Npu/ll_aton/ll_aton_util.c ****   int index1 = (pos + nbits) / bitsperint;
  61              		.loc 1 38 21 view .LVU7
  62 0018 5318     		adds	r3, r2, r1
  63              		.loc 1 42 35 view .LVU8
  64 001a 01F01F01 		and	r1, r1, #31
  65              	.LVL2:
  66              		.loc 1 42 27 view .LVU9
  67 001e C840     		lsrs	r0, r0, r1
  34:../../Middlewares/stedgeai-lib/Npu/ll_aton/ll_aton_util.c ****   uint32_t value;
  68              		.loc 1 34 16 view .LVU10
  69 0020 08F1FF34 		add	r4, r8, #-1
ARM GAS  /tmp/ccnFeYbL.s 			page 3


  40:../../Middlewares/stedgeai-lib/Npu/ll_aton/ll_aton_util.c ****   {
  70              		.loc 1 40 6 view .LVU11
  71 0024 B5EB531F 		cmp	r5, r3, lsr #5
  34:../../Middlewares/stedgeai-lib/Npu/ll_aton/ll_aton_util.c ****   uint32_t value;
  72              		.loc 1 34 39 view .LVU12
  73 0028 4746     		mov	r7, r8
  74              	.LVL3:
  35:../../Middlewares/stedgeai-lib/Npu/ll_aton/ll_aton_util.c ****   const int bitsperint = (sizeof(unsigned) * 8);
  75              		.loc 1 35 3 is_stmt 1 view .LVU13
  36:../../Middlewares/stedgeai-lib/Npu/ll_aton/ll_aton_util.c ****   int index0 = pos / bitsperint;
  76              		.loc 1 36 3 view .LVU14
  37:../../Middlewares/stedgeai-lib/Npu/ll_aton/ll_aton_util.c ****   int index1 = (pos + nbits) / bitsperint;
  77              		.loc 1 37 3 view .LVU15
  38:../../Middlewares/stedgeai-lib/Npu/ll_aton/ll_aton_util.c ****   // Do the bits to extract cross a boundary?
  78              		.loc 1 38 3 view .LVU16
  38:../../Middlewares/stedgeai-lib/Npu/ll_aton/ll_aton_util.c ****   // Do the bits to extract cross a boundary?
  79              		.loc 1 38 30 is_stmt 0 view .LVU17
  80 002a 4FEA531C 		lsr	ip, r3, #5
  81              	.LVL4:
  40:../../Middlewares/stedgeai-lib/Npu/ll_aton/ll_aton_util.c ****   {
  82              		.loc 1 40 3 is_stmt 1 view .LVU18
  83              		.loc 1 42 11 is_stmt 0 view .LVU19
  84 002e 00EA0400 		and	r0, r0, r4
  40:../../Middlewares/stedgeai-lib/Npu/ll_aton/ll_aton_util.c ****   {
  85              		.loc 1 40 6 view .LVU20
  86 0032 10D0     		beq	.L2
  87              	.LBB2:
  43:../../Middlewares/stedgeai-lib/Npu/ll_aton/ll_aton_util.c ****   }
  44:../../Middlewares/stedgeai-lib/Npu/ll_aton/ll_aton_util.c ****   else
  45:../../Middlewares/stedgeai-lib/Npu/ll_aton/ll_aton_util.c ****   {
  46:../../Middlewares/stedgeai-lib/Npu/ll_aton/ll_aton_util.c ****     unsigned int lshift = ((pos + nbits) % bitsperint);
  88              		.loc 1 46 5 is_stmt 1 view .LVU21
  47:../../Middlewares/stedgeai-lib/Npu/ll_aton/ll_aton_util.c ****     value =
  48:../../Middlewares/stedgeai-lib/Npu/ll_aton/ll_aton_util.c ****         (((bits[index0] >> (pos % bitsperint)) & mask) | ((bits[index1] & ((1ULL << lshift) - 1)) <
  89              		.loc 1 48 73 is_stmt 0 view .LVU22
  90 0034 4FF0FF38 		mov	r8, #-1
  91 0038 4FF0FF39 		mov	r9, #-1
  46:../../Middlewares/stedgeai-lib/Npu/ll_aton/ll_aton_util.c ****     value =
  92              		.loc 1 46 18 view .LVU23
  93 003c 03F01F03 		and	r3, r3, #31
  94              	.LVL5:
  47:../../Middlewares/stedgeai-lib/Npu/ll_aton/ll_aton_util.c ****     value =
  95              		.loc 1 47 5 is_stmt 1 view .LVU24
  96              		.loc 1 48 73 is_stmt 0 view .LVU25
  97 0040 58EA0D39 		lsll	r8, r9, r3
  98              		.loc 1 48 99 view .LVU26
  99 0044 0025     		movs	r5, #0
 100              	.LVL6:
 101              		.loc 1 48 64 view .LVU27
 102 0046 56F82C10 		ldr	r1, [r6, ip, lsl #2]
 103              		.loc 1 48 109 view .LVU28
 104 004a D31A     		subs	r3, r2, r3
 105              	.LVL7:
 106              		.loc 1 48 99 view .LVU29
 107 004c 21EA0804 		bic	r4, r1, r8
 108              	.LVL8:
 109              		.loc 1 48 99 view .LVU30
ARM GAS  /tmp/ccnFeYbL.s 			page 4


 110 0050 54EA0D35 		lsll	r4, r5, r3
  47:../../Middlewares/stedgeai-lib/Npu/ll_aton/ll_aton_util.c ****     value =
 111              		.loc 1 47 11 view .LVU31
 112 0054 2043     		orrs	r0, r0, r4
 113              	.LVL9:
 114              	.L2:
  47:../../Middlewares/stedgeai-lib/Npu/ll_aton/ll_aton_util.c ****     value =
 115              		.loc 1 47 11 view .LVU32
 116              	.LBE2:
  49:../../Middlewares/stedgeai-lib/Npu/ll_aton/ll_aton_util.c ****   }
  50:../../Middlewares/stedgeai-lib/Npu/ll_aton/ll_aton_util.c **** 
  51:../../Middlewares/stedgeai-lib/Npu/ll_aton/ll_aton_util.c ****   // handle sign extension (not sure if this must be done in every use case)
  52:../../Middlewares/stedgeai-lib/Npu/ll_aton/ll_aton_util.c ****   if (nbits > 0)
 117              		.loc 1 52 3 is_stmt 1 view .LVU33
 118              		.loc 1 52 6 is_stmt 0 view .LVU34
 119 0056 002A     		cmp	r2, #0
 120 0058 06DD     		ble	.L1
 121              	.LBB3:
  53:../../Middlewares/stedgeai-lib/Npu/ll_aton/ll_aton_util.c ****   {
  54:../../Middlewares/stedgeai-lib/Npu/ll_aton/ll_aton_util.c ****     unsigned int signed_mask = (1UL << (nbits - 1));
 122              		.loc 1 54 5 is_stmt 1 view .LVU35
 123              	.LVL10:
  55:../../Middlewares/stedgeai-lib/Npu/ll_aton/ll_aton_util.c ****     if (value & signed_mask)
 124              		.loc 1 55 5 view .LVU36
  54:../../Middlewares/stedgeai-lib/Npu/ll_aton/ll_aton_util.c ****     if (value & signed_mask)
 125              		.loc 1 54 18 is_stmt 0 view .LVU37
 126 005a 0123     		movs	r3, #1
  54:../../Middlewares/stedgeai-lib/Npu/ll_aton/ll_aton_util.c ****     if (value & signed_mask)
 127              		.loc 1 54 47 view .LVU38
 128 005c 013A     		subs	r2, r2, #1
 129              	.LVL11:
  54:../../Middlewares/stedgeai-lib/Npu/ll_aton/ll_aton_util.c ****     if (value & signed_mask)
 130              		.loc 1 54 18 view .LVU39
 131 005e 9340     		lsls	r3, r3, r2
 132              	.LVL12:
 133              		.loc 1 55 8 view .LVU40
 134 0060 0342     		tst	r3, r0
  56:../../Middlewares/stedgeai-lib/Npu/ll_aton/ll_aton_util.c ****     {
  57:../../Middlewares/stedgeai-lib/Npu/ll_aton/ll_aton_util.c ****       value = value | ~mask;
 135              		.loc 1 57 7 is_stmt 1 view .LVU41
 136              		.loc 1 57 13 is_stmt 0 view .LVU42
 137 0062 1CBF     		itt	ne
 138 0064 7B42     		rsbne	r3, r7, #0
 139              	.LVL13:
 140              		.loc 1 57 13 view .LVU43
 141 0066 1843     		orrne	r0, r0, r3
 142              	.LVL14:
 143              		.loc 1 57 13 view .LVU44
 144              	.LBE3:
  58:../../Middlewares/stedgeai-lib/Npu/ll_aton/ll_aton_util.c ****     }
  59:../../Middlewares/stedgeai-lib/Npu/ll_aton/ll_aton_util.c ****   }
  60:../../Middlewares/stedgeai-lib/Npu/ll_aton/ll_aton_util.c **** 
  61:../../Middlewares/stedgeai-lib/Npu/ll_aton/ll_aton_util.c ****   return value;
 145              		.loc 1 61 3 is_stmt 1 view .LVU45
 146              	.L1:
  62:../../Middlewares/stedgeai-lib/Npu/ll_aton/ll_aton_util.c **** }
 147              		.loc 1 62 1 is_stmt 0 view .LVU46
ARM GAS  /tmp/ccnFeYbL.s 			page 5


 148 0068 BDE8F083 		pop	{r4, r5, r6, r7, r8, r9, pc}
 149              		.loc 1 62 1 view .LVU47
 150              		.cfi_endproc
 151              	.LFE3:
 153              		.section	.text.LL_ATON_setbits,"ax",%progbits
 154              		.align	1
 155              		.global	LL_ATON_setbits
 156              		.syntax unified
 157              		.thumb
 158              		.thumb_func
 160              	LL_ATON_setbits:
 161              	.LVL15:
 162              	.LFB4:
  63:../../Middlewares/stedgeai-lib/Npu/ll_aton/ll_aton_util.c **** 
  64:../../Middlewares/stedgeai-lib/Npu/ll_aton/ll_aton_util.c **** /**
  65:../../Middlewares/stedgeai-lib/Npu/ll_aton/ll_aton_util.c ****  * @brief  Helper function. Packs bitfield into a buffer
  66:../../Middlewares/stedgeai-lib/Npu/ll_aton/ll_aton_util.c ****  * @param  bits Pointer of the buffer to pack bits into
  67:../../Middlewares/stedgeai-lib/Npu/ll_aton/ll_aton_util.c ****  * @param  pos Global position of the bitfield to pack
  68:../../Middlewares/stedgeai-lib/Npu/ll_aton/ll_aton_util.c ****  * @retval nbits Number of bits to extract
  69:../../Middlewares/stedgeai-lib/Npu/ll_aton/ll_aton_util.c ****  */
  70:../../Middlewares/stedgeai-lib/Npu/ll_aton/ll_aton_util.c **** void LL_ATON_setbits(uint32_t *bits, unsigned int pos, int nbits, unsigned int val)
  71:../../Middlewares/stedgeai-lib/Npu/ll_aton/ll_aton_util.c **** {
 163              		.loc 1 71 1 is_stmt 1 view -0
 164              		.cfi_startproc
 165              		@ args = 0, pretend = 0, frame = 8
 166              		@ frame_needed = 0, uses_anonymous_args = 0
  72:../../Middlewares/stedgeai-lib/Npu/ll_aton/ll_aton_util.c ****   const int bitsperint = sizeof(unsigned int) * 8;
 167              		.loc 1 72 3 view .LVU49
  73:../../Middlewares/stedgeai-lib/Npu/ll_aton/ll_aton_util.c ****   unsigned int smask = ((1ULL << nbits) - 1) << (pos % bitsperint);
 168              		.loc 1 73 3 view .LVU50
  71:../../Middlewares/stedgeai-lib/Npu/ll_aton/ll_aton_util.c ****   const int bitsperint = sizeof(unsigned int) * 8;
 169              		.loc 1 71 1 is_stmt 0 view .LVU51
 170 0000 2DE9F347 		push	{r0, r1, r4, r5, r6, r7, r8, r9, r10, lr}
 171              		.cfi_def_cfa_offset 40
 172              		.cfi_offset 4, -32
 173              		.cfi_offset 5, -28
 174              		.cfi_offset 6, -24
 175              		.cfi_offset 7, -20
 176              		.cfi_offset 8, -16
 177              		.cfi_offset 9, -12
 178              		.cfi_offset 10, -8
 179              		.cfi_offset 14, -4
 180              		.loc 1 73 31 view .LVU52
 181 0004 0124     		movs	r4, #1
 182 0006 0025     		movs	r5, #0
 183 0008 54EA0D25 		lsll	r4, r5, r2
 184 000c CDE90045 		strd	r4, [sp]
  74:../../Middlewares/stedgeai-lib/Npu/ll_aton/ll_aton_util.c ****   unsigned int mask = ((1ULL << nbits) - 1);
 185              		.loc 1 74 16 view .LVU53
 186 0010 009C     		ldr	r4, [sp]
  73:../../Middlewares/stedgeai-lib/Npu/ll_aton/ll_aton_util.c ****   unsigned int smask = ((1ULL << nbits) - 1) << (pos % bitsperint);
 187              		.loc 1 73 54 view .LVU54
 188 0012 01F01F0E 		and	lr, r1, #31
 189              	.LVL16:
 190              		.loc 1 74 3 is_stmt 1 view .LVU55
  75:../../Middlewares/stedgeai-lib/Npu/ll_aton/ll_aton_util.c ****   int index0 = pos / bitsperint;
 191              		.loc 1 75 3 view .LVU56
ARM GAS  /tmp/ccnFeYbL.s 			page 6


  74:../../Middlewares/stedgeai-lib/Npu/ll_aton/ll_aton_util.c ****   unsigned int mask = ((1ULL << nbits) - 1);
 192              		.loc 1 74 16 is_stmt 0 view .LVU57
 193 0016 04F1FF3A 		add	r10, r4, #-1
 194              	.LVL17:
  73:../../Middlewares/stedgeai-lib/Npu/ll_aton/ll_aton_util.c ****   unsigned int mask = ((1ULL << nbits) - 1);
 195              		.loc 1 73 46 view .LVU58
 196 001a D046     		mov	r8, r10
  73:../../Middlewares/stedgeai-lib/Npu/ll_aton/ll_aton_util.c ****   unsigned int mask = ((1ULL << nbits) - 1);
 197              		.loc 1 73 41 view .LVU59
 198 001c 013C     		subs	r4, r4, #1
  73:../../Middlewares/stedgeai-lib/Npu/ll_aton/ll_aton_util.c ****   unsigned int mask = ((1ULL << nbits) - 1);
 199              		.loc 1 73 46 view .LVU60
 200 001e 019C     		ldr	r4, [sp, #4]
 201              		.loc 1 75 20 view .LVU61
 202 0020 4FEA5117 		lsr	r7, r1, #5
 203              	.LVL18:
  76:../../Middlewares/stedgeai-lib/Npu/ll_aton/ll_aton_util.c ****   int index1 = (pos + nbits - 1) / bitsperint;
 204              		.loc 1 76 3 is_stmt 1 view .LVU62
  73:../../Middlewares/stedgeai-lib/Npu/ll_aton/ll_aton_util.c ****   unsigned int mask = ((1ULL << nbits) - 1);
 205              		.loc 1 73 46 is_stmt 0 view .LVU63
 206 0024 64F10009 		sbc	r9, r4, #0
 207 0028 58EA0DE9 		lsll	r8, r9, lr
 208              	.LBB4:
  77:../../Middlewares/stedgeai-lib/Npu/ll_aton/ll_aton_util.c ****   if (index0 == index1)
  78:../../Middlewares/stedgeai-lib/Npu/ll_aton/ll_aton_util.c ****   {
  79:../../Middlewares/stedgeai-lib/Npu/ll_aton/ll_aton_util.c ****     uint32_t tmp = (bits[index0] & ~smask) | ((val & mask) << (pos % bitsperint));
 209              		.loc 1 79 34 view .LVU64
 210 002c 50F82740 		ldr	r4, [r0, r7, lsl #2]
 211              	.LBE4:
  76:../../Middlewares/stedgeai-lib/Npu/ll_aton/ll_aton_util.c ****   int index1 = (pos + nbits - 1) / bitsperint;
 212              		.loc 1 76 21 view .LVU65
 213 0030 1144     		add	r1, r1, r2
 214              	.LVL19:
  76:../../Middlewares/stedgeai-lib/Npu/ll_aton/ll_aton_util.c ****   int index1 = (pos + nbits - 1) / bitsperint;
 215              		.loc 1 76 29 view .LVU66
 216 0032 01F1FF3C 		add	ip, r1, #-1
 217              	.LBB5:
 218              		.loc 1 79 52 view .LVU67
 219 0036 0AEA0303 		and	r3, r10, r3
 220              	.LVL20:
 221              		.loc 1 79 34 view .LVU68
 222 003a 24EA0804 		bic	r4, r4, r8
 223              		.loc 1 79 60 view .LVU69
 224 003e 03FA0EFE 		lsl	lr, r3, lr
 225              	.LVL21:
 226              		.loc 1 79 60 view .LVU70
 227              	.LBE5:
  77:../../Middlewares/stedgeai-lib/Npu/ll_aton/ll_aton_util.c ****   if (index0 == index1)
 228              		.loc 1 77 6 view .LVU71
 229 0042 B7EB5C1F 		cmp	r7, ip, lsr #5
  76:../../Middlewares/stedgeai-lib/Npu/ll_aton/ll_aton_util.c ****   int index1 = (pos + nbits - 1) / bitsperint;
 230              		.loc 1 76 34 view .LVU72
 231 0046 4FEA5C16 		lsr	r6, ip, #5
 232              	.LVL22:
  77:../../Middlewares/stedgeai-lib/Npu/ll_aton/ll_aton_util.c ****   if (index0 == index1)
 233              		.loc 1 77 3 is_stmt 1 view .LVU73
 234              	.LBB6:
ARM GAS  /tmp/ccnFeYbL.s 			page 7


 235              		.loc 1 79 14 is_stmt 0 view .LVU74
 236 004a 44EA0E04 		orr	r4, r4, lr
 237              	.LBE6:
  77:../../Middlewares/stedgeai-lib/Npu/ll_aton/ll_aton_util.c ****   if (index0 == index1)
 238              		.loc 1 77 6 view .LVU75
 239 004e 04D1     		bne	.L8
 240              	.LBB7:
 241              		.loc 1 79 5 is_stmt 1 view .LVU76
 242              	.LVL23:
  80:../../Middlewares/stedgeai-lib/Npu/ll_aton/ll_aton_util.c ****     bits[index0] = tmp;
 243              		.loc 1 80 5 view .LVU77
 244              		.loc 1 80 18 is_stmt 0 view .LVU78
 245 0050 40F82740 		str	r4, [r0, r7, lsl #2]
 246              	.LVL24:
 247              	.L7:
 248              		.loc 1 80 18 view .LVU79
 249              	.LBE7:
  81:../../Middlewares/stedgeai-lib/Npu/ll_aton/ll_aton_util.c ****   }
  82:../../Middlewares/stedgeai-lib/Npu/ll_aton/ll_aton_util.c ****   else
  83:../../Middlewares/stedgeai-lib/Npu/ll_aton/ll_aton_util.c ****   {
  84:../../Middlewares/stedgeai-lib/Npu/ll_aton/ll_aton_util.c ****     unsigned int lshift = ((pos + nbits) % bitsperint);
  85:../../Middlewares/stedgeai-lib/Npu/ll_aton/ll_aton_util.c ****     uint32_t tmp = (bits[index0] & ~smask) | ((val & mask) << (pos % bitsperint));
  86:../../Middlewares/stedgeai-lib/Npu/ll_aton/ll_aton_util.c ****     bits[index0] = tmp;
  87:../../Middlewares/stedgeai-lib/Npu/ll_aton/ll_aton_util.c ****     tmp = (bits[index1] & ((1ULL << lshift) - 1)) | ((val & mask) >> (nbits - lshift));
  88:../../Middlewares/stedgeai-lib/Npu/ll_aton/ll_aton_util.c ****     bits[index1] = tmp;
  89:../../Middlewares/stedgeai-lib/Npu/ll_aton/ll_aton_util.c ****   }
  90:../../Middlewares/stedgeai-lib/Npu/ll_aton/ll_aton_util.c **** }
 250              		.loc 1 90 1 view .LVU80
 251 0054 02B0     		add	sp, sp, #8
 252              		.cfi_remember_state
 253              		.cfi_def_cfa_offset 32
 254              	.LVL25:
 255              		.loc 1 90 1 view .LVU81
 256              		@ sp needed
 257 0056 BDE8F087 		pop	{r4, r5, r6, r7, r8, r9, r10, pc}
 258              	.LVL26:
 259              	.L8:
 260              		.cfi_restore_state
 261              	.LBB8:
  84:../../Middlewares/stedgeai-lib/Npu/ll_aton/ll_aton_util.c ****     uint32_t tmp = (bits[index0] & ~smask) | ((val & mask) << (pos % bitsperint));
 262              		.loc 1 84 5 is_stmt 1 view .LVU82
  87:../../Middlewares/stedgeai-lib/Npu/ll_aton/ll_aton_util.c ****     bits[index1] = tmp;
 263              		.loc 1 87 25 is_stmt 0 view .LVU83
 264 005a 4FF0FF38 		mov	r8, #-1
 265 005e 4FF0FF39 		mov	r9, #-1
  84:../../Middlewares/stedgeai-lib/Npu/ll_aton/ll_aton_util.c ****     uint32_t tmp = (bits[index0] & ~smask) | ((val & mask) << (pos % bitsperint));
 266              		.loc 1 84 18 view .LVU84
 267 0062 01F01F05 		and	r5, r1, #31
 268              	.LVL27:
  85:../../Middlewares/stedgeai-lib/Npu/ll_aton/ll_aton_util.c ****     bits[index0] = tmp;
 269              		.loc 1 85 5 is_stmt 1 view .LVU85
  86:../../Middlewares/stedgeai-lib/Npu/ll_aton/ll_aton_util.c ****     tmp = (bits[index1] & ((1ULL << lshift) - 1)) | ((val & mask) >> (nbits - lshift));
 270              		.loc 1 86 5 view .LVU86
  87:../../Middlewares/stedgeai-lib/Npu/ll_aton/ll_aton_util.c ****     bits[index1] = tmp;
 271              		.loc 1 87 25 is_stmt 0 view .LVU87
 272 0066 58EA0D59 		lsll	r8, r9, r5
  86:../../Middlewares/stedgeai-lib/Npu/ll_aton/ll_aton_util.c ****     tmp = (bits[index1] & ((1ULL << lshift) - 1)) | ((val & mask) >> (nbits - lshift));
ARM GAS  /tmp/ccnFeYbL.s 			page 8


 273              		.loc 1 86 18 view .LVU88
 274 006a 40F82740 		str	r4, [r0, r7, lsl #2]
 275              	.LVL28:
  87:../../Middlewares/stedgeai-lib/Npu/ll_aton/ll_aton_util.c ****     bits[index1] = tmp;
 276              		.loc 1 87 5 is_stmt 1 view .LVU89
  88:../../Middlewares/stedgeai-lib/Npu/ll_aton/ll_aton_util.c ****   }
 277              		.loc 1 88 5 view .LVU90
  87:../../Middlewares/stedgeai-lib/Npu/ll_aton/ll_aton_util.c ****     bits[index1] = tmp;
 278              		.loc 1 87 25 is_stmt 0 view .LVU91
 279 006e 50F82610 		ldr	r1, [r0, r6, lsl #2]
  87:../../Middlewares/stedgeai-lib/Npu/ll_aton/ll_aton_util.c ****     bits[index1] = tmp;
 280              		.loc 1 87 77 view .LVU92
 281 0072 521B     		subs	r2, r2, r5
 282              	.LVL29:
  87:../../Middlewares/stedgeai-lib/Npu/ll_aton/ll_aton_util.c ****     bits[index1] = tmp;
 283              		.loc 1 87 25 view .LVU93
 284 0074 21EA0801 		bic	r1, r1, r8
  87:../../Middlewares/stedgeai-lib/Npu/ll_aton/ll_aton_util.c ****     bits[index1] = tmp;
 285              		.loc 1 87 67 view .LVU94
 286 0078 D340     		lsrs	r3, r3, r2
 287              	.LVL30:
  87:../../Middlewares/stedgeai-lib/Npu/ll_aton/ll_aton_util.c ****     bits[index1] = tmp;
 288              		.loc 1 87 9 view .LVU95
 289 007a 1943     		orrs	r1, r1, r3
  88:../../Middlewares/stedgeai-lib/Npu/ll_aton/ll_aton_util.c ****   }
 290              		.loc 1 88 18 view .LVU96
 291 007c 40F82610 		str	r1, [r0, r6, lsl #2]
 292              	.LVL31:
  88:../../Middlewares/stedgeai-lib/Npu/ll_aton/ll_aton_util.c ****   }
 293              		.loc 1 88 18 view .LVU97
 294              	.LBE8:
 295              		.loc 1 90 1 view .LVU98
 296 0080 E8E7     		b	.L7
 297              		.cfi_endproc
 298              	.LFE4:
 300              		.text
 301              	.Letext0:
 302              		.file 2 "/opt/st/stm32cubeide_2.1.1/plugins/com.st.stm32cube.ide.mcu.externaltools.gnu-tools-for-s
 303              		.file 3 "/opt/st/stm32cubeide_2.1.1/plugins/com.st.stm32cube.ide.mcu.externaltools.gnu-tools-for-s
ARM GAS  /tmp/ccnFeYbL.s 			page 9


DEFINED SYMBOLS
                            *ABS*:00000000 ll_aton_util.c
     /tmp/ccnFeYbL.s:26     .text.LL_ATON_getbits:00000000 $t
     /tmp/ccnFeYbL.s:32     .text.LL_ATON_getbits:00000000 LL_ATON_getbits
     /tmp/ccnFeYbL.s:154    .text.LL_ATON_setbits:00000000 $t
     /tmp/ccnFeYbL.s:160    .text.LL_ATON_setbits:00000000 LL_ATON_setbits
                           .group:00000000 wm4.0.0340b1c6b35792986b320b0caf0e6143
                           .group:00000000 wm4.stddef.h.39.811583f327f35b0df7808fda70b062a0
                           .group:00000000 wm4._newlib_version.h.4.0eb654b64686e2bd29646258853f6c22
                           .group:00000000 wm4.features.h.33.d554620bb17bd3b714c3fb5c268772bc
                           .group:00000000 wm4._default_types.h.15.247e5cd201eca3442cbf5404108c4935
                           .group:00000000 wm4._intsup.h.10.48bafbb683905c4daa4565a85aeeb264
                           .group:00000000 wm4._stdint.h.10.c24fa3af3bc1706662bb5593a907e841
                           .group:00000000 wm4.stdint.h.23.d53047a68f4a85177f80b422d52785ed
                           .group:00000000 wm4.newlib.h.7.decd5b9657e2c5df625d9eac6e10520c
                           .group:00000000 wm4.ieeefp.h.77.99029d7b8220a2cd73dd257e2bbe825d
                           .group:00000000 wm4.config.h.224.10ee1ad185d877c6e334e6581faab44d
                           .group:00000000 wm4._ansi.h.31.de524f58584151836e90d8620a16f8e8
                           .group:00000000 wm4.stdio.h.31.7c0e28c411445f3f9c5b11accf882760
                           .group:00000000 wm4.stddef.h.173.1cea4f16a943c8e875db6791959c3141
                           .group:00000000 wm4.cdefs.h.49.56fd742369e655e7e8a7e365e706e208
                           .group:00000000 wm4.stdarg.h.34.3a23a216c0c293b3d2ea2e89281481e6
                           .group:00000000 wm4._types.h.20.dd0d04dca3800a0d2a6129b87f3adbb2
                           .group:00000000 wm4.stddef.h.173.4903093a50a8482cb062b176ea61fac3
                           .group:00000000 wm4._types.h.127.3bdfe3ff8ea2d0985b03d9cbe93480e3
                           .group:00000000 wm4.reent.h.18.25503cdc8b7e55dd0d6ea7b3e5af7a03
                           .group:00000000 wm4.lock.h.2.1461d1fff82dffe8bfddc23307f6484f
                           .group:00000000 wm4.reent.h.78.6d702f69a6d6435d2dbe915b10150b1a
                           .group:00000000 wm4.stdio.h.67.0cf8a9c281ab0b348aef5c02e7e48825
                           .group:00000000 wm4.stdio.h.2.4aa87247282eca6c8f36f9de33d8df1a
                           .group:00000000 wm4.stdio.h.87.a1e20d2651f9bfb66e51bfbe849db00a
                           .group:00000000 wm4.assert.h.11.db24e541f16414db224bf986d21017e2
                           .group:00000000 wm4.errno.h.2.ba016d646105af6cad23be83630b6a3f
                           .group:00000000 wm4.errno.h.9.ae5ea2b0ff9ea6e39e585807e35200d3
                           .group:00000000 wm4.ll_aton_util.h.34.9098eaa90d3d72b819973556e3e5fe44

NO UNDEFINED SYMBOLS
