ARM GAS  /tmp/ccIUrYp2.s 			page 1


   1              		.arch armv8.1-m.main
   2              		.fpu fpv5-d16
   3              		.arch_extension dsp
   4              		.arch_extension fp
   5              		.arch_extension fp.dp
   6              		.arch_extension mve
   7              		.arch_extension mve.fp
   8              		.eabi_attribute 5, "cortex-m55"
   9              		.eabi_attribute 28, 1
  10              		.eabi_attribute 20, 1
  11              		.eabi_attribute 21, 1
  12              		.eabi_attribute 23, 3
  13              		.eabi_attribute 24, 1
  14              		.eabi_attribute 25, 1
  15              		.eabi_attribute 26, 1
  16              		.eabi_attribute 30, 4
  17              		.eabi_attribute 34, 1
  18              		.eabi_attribute 38, 1
  19              		.eabi_attribute 18, 4
  20              		.file	"pose_pipeline.c"
  21              		.text
  22              	.Ltext0:
  23              		.cfi_sections	.debug_frame
  24              		.file 1 "Src/pose_pipeline.c"
  25              		.section	.text.clamp01,"ax",%progbits
  26              		.align	1
  27              		.syntax unified
  28              		.thumb
  29              		.thumb_func
  31              	clamp01:
  32              	.LVL0:
  33              	.LFB774:
   1:Src/pose_pipeline.c **** /**
   2:Src/pose_pipeline.c ****  ******************************************************************************
   3:Src/pose_pipeline.c ****  * @file    pose_pipeline.c
   4:Src/pose_pipeline.c ****  * @brief   Pose feature window builder for fall detection.
   5:Src/pose_pipeline.c ****  *
   6:Src/pose_pipeline.c ****  *          The fall models were trained from the MoveNet postprocessing output,
   7:Src/pose_pipeline.c ****  *          so this file keeps the same raw keypoint layout:
   8:Src/pose_pipeline.c ****  *          [y0,x0,score0, ..., y16,x16,score16, HSSC_X,HSSC_Y,VHSSC,AHSSC].
   9:Src/pose_pipeline.c ****  ******************************************************************************
  10:Src/pose_pipeline.c ****  */
  11:Src/pose_pipeline.c **** #include "pose_pipeline.h"
  12:Src/pose_pipeline.c **** #include <string.h>
  13:Src/pose_pipeline.c **** #include <math.h>
  14:Src/pose_pipeline.c **** 
  15:Src/pose_pipeline.c **** static inline float32_t clamp01(float32_t v)
  16:Src/pose_pipeline.c **** {
  34              		.loc 1 16 1 view -0
  35              		.cfi_startproc
  36              		@ args = 0, pretend = 0, frame = 0
  37              		@ frame_needed = 0, uses_anonymous_args = 0
  38              		@ link register save eliminated.
  17:Src/pose_pipeline.c ****   if (!isfinite(v))
  39              		.loc 1 17 3 view .LVU1
  40              		.loc 1 17 8 is_stmt 0 view .LVU2
  41 0000 B0EEC07A 		vabs.f32	s14, s0
ARM GAS  /tmp/ccIUrYp2.s 			page 2


  42              		.loc 1 17 6 view .LVU3
  43 0004 DFED0B7A 		vldr.32	s15, .L5
  44 0008 B4EE677A 		vcmp.f32	s14, s15
  45 000c F1EE10FA 		vmrs	APSR_nzcv, FPSCR
  46 0010 0DD8     		bhi	.L4
  47              	.LVL1:
  48              	.LBB4:
  49              	.LBI4:
  15:Src/pose_pipeline.c **** {
  50              		.loc 1 15 25 is_stmt 1 view .LVU4
  51              	.LBB5:
  18:Src/pose_pipeline.c ****   {
  19:Src/pose_pipeline.c ****     return 0.0f;
  20:Src/pose_pipeline.c ****   }
  21:Src/pose_pipeline.c ****   if (v < 0.0f)
  52              		.loc 1 21 3 view .LVU5
  53              		.loc 1 21 6 is_stmt 0 view .LVU6
  54 0012 B5EEC00A 		vcmpe.f32	s0, #0
  55 0016 F1EE10FA 		vmrs	APSR_nzcv, FPSCR
  56 001a 08D4     		bmi	.L4
  22:Src/pose_pipeline.c ****   {
  23:Src/pose_pipeline.c ****     return 0.0f;
  24:Src/pose_pipeline.c ****   }
  25:Src/pose_pipeline.c ****   if (v > 1.0f)
  57              		.loc 1 25 3 is_stmt 1 view .LVU7
  58 001c F7EE007A 		vmov.f32	s15, #1.0e+0
  59 0020 B4EEE70A 		vcmpe.f32	s0, s15
  60 0024 F1EE10FA 		vmrs	APSR_nzcv, FPSCR
  61 0028 37FE800A 		vselgt.f32	s0, s15, s0
  62              	.LVL2:
  63              		.loc 1 25 3 is_stmt 0 view .LVU8
  64 002c 7047     		bx	lr
  65              	.LVL3:
  66              	.L4:
  67              		.loc 1 25 3 view .LVU9
  68              	.LBE5:
  69              	.LBE4:
  19:Src/pose_pipeline.c ****   }
  70              		.loc 1 19 12 view .LVU10
  71 002e 9FED020A 		vldr.32	s0, .L5+4
  72              	.LVL4:
  26:Src/pose_pipeline.c ****   {
  27:Src/pose_pipeline.c ****     return 1.0f;
  28:Src/pose_pipeline.c ****   }
  29:Src/pose_pipeline.c ****   return v;
  30:Src/pose_pipeline.c **** }
  73              		.loc 1 30 1 view .LVU11
  74 0032 7047     		bx	lr
  75              	.L6:
  76              		.align	2
  77              	.L5:
  78 0034 FFFF7F7F 		.word	2139095039
  79 0038 00000000 		.word	0
  80              		.cfi_endproc
  81              	.LFE774:
  83              		.section	.text.PosePipeline_Init,"ax",%progbits
  84              		.align	1
ARM GAS  /tmp/ccIUrYp2.s 			page 3


  85              		.global	PosePipeline_Init
  86              		.syntax unified
  87              		.thumb
  88              		.thumb_func
  90              	PosePipeline_Init:
  91              	.LVL5:
  92              	.LFB776:
  31:Src/pose_pipeline.c **** 
  32:Src/pose_pipeline.c **** static const uint8_t hssc_indices[POSE_HSSC_INDICES_COUNT] = {
  33:Src/pose_pipeline.c ****   POSE_KP_NOSE,
  34:Src/pose_pipeline.c ****   POSE_KP_LEFT_EYE,
  35:Src/pose_pipeline.c ****   POSE_KP_RIGHT_EYE,
  36:Src/pose_pipeline.c ****   POSE_KP_LEFT_EAR,
  37:Src/pose_pipeline.c ****   POSE_KP_RIGHT_EAR,
  38:Src/pose_pipeline.c ****   POSE_KP_LEFT_SHOULDER,
  39:Src/pose_pipeline.c ****   POSE_KP_RIGHT_SHOULDER
  40:Src/pose_pipeline.c **** };
  41:Src/pose_pipeline.c **** 
  42:Src/pose_pipeline.c **** static void compute_hssc(const float32_t features[POSE_FEATURE_COUNT],
  43:Src/pose_pipeline.c ****                          float32_t *hssc_x,
  44:Src/pose_pipeline.c ****                          float32_t *hssc_y)
  45:Src/pose_pipeline.c **** {
  46:Src/pose_pipeline.c ****   float32_t sum_x = 0.0f;
  47:Src/pose_pipeline.c ****   float32_t sum_y = 0.0f;
  48:Src/pose_pipeline.c **** 
  49:Src/pose_pipeline.c ****   for (uint32_t i = 0; i < POSE_HSSC_INDICES_COUNT; i++)
  50:Src/pose_pipeline.c ****   {
  51:Src/pose_pipeline.c ****     uint32_t idx = hssc_indices[i];
  52:Src/pose_pipeline.c ****     sum_y += features[idx * 3 + 0];
  53:Src/pose_pipeline.c ****     sum_x += features[idx * 3 + 1];
  54:Src/pose_pipeline.c ****   }
  55:Src/pose_pipeline.c **** 
  56:Src/pose_pipeline.c ****   *hssc_x = sum_x / (float32_t)POSE_HSSC_INDICES_COUNT;
  57:Src/pose_pipeline.c ****   *hssc_y = sum_y / (float32_t)POSE_HSSC_INDICES_COUNT;
  58:Src/pose_pipeline.c **** }
  59:Src/pose_pipeline.c **** 
  60:Src/pose_pipeline.c **** void PosePipeline_Init(PosePipeline_t *s)
  61:Src/pose_pipeline.c **** {
  93              		.loc 1 61 1 is_stmt 1 view -0
  94              		.cfi_startproc
  95              		@ args = 0, pretend = 0, frame = 0
  96              		@ frame_needed = 0, uses_anonymous_args = 0
  97              		@ link register save eliminated.
  62:Src/pose_pipeline.c ****   memset(s, 0, sizeof(PosePipeline_t));
  98              		.loc 1 62 3 view .LVU13
  99 0000 43F2A432 		movw	r2, #13220
 100 0004 0021     		movs	r1, #0
 101 0006 FFF7FEBF 		b	memset
 102              	.LVL6:
 103              		.loc 1 62 3 is_stmt 0 view .LVU14
 104              		.cfi_endproc
 105              	.LFE776:
 107              		.section	.text.PosePipeline_Process,"ax",%progbits
 108              		.align	1
 109              		.global	PosePipeline_Process
 110              		.syntax unified
 111              		.thumb
ARM GAS  /tmp/ccIUrYp2.s 			page 4


 112              		.thumb_func
 114              	PosePipeline_Process:
 115              	.LVL7:
 116              	.LFB777:
  63:Src/pose_pipeline.c **** }
  64:Src/pose_pipeline.c **** 
  65:Src/pose_pipeline.c **** void PosePipeline_Process(PosePipeline_t *s,
  66:Src/pose_pipeline.c ****                           const spe_pp_outBuffer_t *kp_raw,
  67:Src/pose_pipeline.c ****                           float32_t dt,
  68:Src/pose_pipeline.c ****                           PoseFeatureVec_t *out)
  69:Src/pose_pipeline.c **** {
 117              		.loc 1 69 1 is_stmt 1 view -0
 118              		.cfi_startproc
 119              		@ args = 0, pretend = 0, frame = 224
 120              		@ frame_needed = 0, uses_anonymous_args = 0
  70:Src/pose_pipeline.c ****   if (out != NULL)
 121              		.loc 1 70 3 view .LVU16
  69:Src/pose_pipeline.c ****   if (out != NULL)
 122              		.loc 1 69 1 is_stmt 0 view .LVU17
 123 0000 F0B5     		push	{r4, r5, r6, r7, lr}
 124              		.cfi_def_cfa_offset 20
 125              		.cfi_offset 4, -20
 126              		.cfi_offset 5, -16
 127              		.cfi_offset 6, -12
 128              		.cfi_offset 7, -8
 129              		.cfi_offset 14, -4
 130 0002 0B46     		mov	r3, r1
 131 0004 0446     		mov	r4, r0
 132 0006 F0EE406A 		vmov.f32	s13, s0
 133              		.loc 1 70 6 view .LVU18
 134 000a 1546     		mov	r5, r2
  69:Src/pose_pipeline.c ****   if (out != NULL)
 135              		.loc 1 69 1 view .LVU19
 136 000c B9B0     		sub	sp, sp, #228
 137              		.cfi_def_cfa_offset 248
 138              		.loc 1 70 6 view .LVU20
 139 000e 12B1     		cbz	r2, .L9
  71:Src/pose_pipeline.c ****   {
  72:Src/pose_pipeline.c ****     out->valid = 0u;
 140              		.loc 1 72 5 is_stmt 1 view .LVU21
 141              		.loc 1 72 16 is_stmt 0 view .LVU22
 142 0010 0022     		movs	r2, #0
 143              	.LVL8:
 144              		.loc 1 72 16 view .LVU23
 145 0012 85F8DC20 		strb	r2, [r5, #220]
 146              	.L9:
  73:Src/pose_pipeline.c ****   }
  74:Src/pose_pipeline.c **** 
  75:Src/pose_pipeline.c ****   if ((s == NULL) || (kp_raw == NULL))
 147              		.loc 1 75 3 is_stmt 1 view .LVU24
 148              		.loc 1 75 6 is_stmt 0 view .LVU25
 149 0016 002C     		cmp	r4, #0
 150 0018 00F08F80 		beq	.L8
 151              		.loc 1 75 19 discriminator 1 view .LVU26
 152 001c 002B     		cmp	r3, #0
 153 001e 00F08C80 		beq	.L8
  76:Src/pose_pipeline.c ****   {
ARM GAS  /tmp/ccIUrYp2.s 			page 5


  77:Src/pose_pipeline.c ****     return;
  78:Src/pose_pipeline.c ****   }
  79:Src/pose_pipeline.c **** 
  80:Src/pose_pipeline.c ****   if (!isfinite(dt) || (dt <= 1e-6f))
 154              		.loc 1 80 3 is_stmt 1 view .LVU27
 155              		.loc 1 80 8 is_stmt 0 view .LVU28
 156 0022 F0EEE67A 		vabs.f32	s15, s13
 157              		.loc 1 80 6 view .LVU29
 158 0026 9FED4A7A 		vldr.32	s14, .L33
 159 002a F4EE477A 		vcmp.f32	s15, s14
 160 002e F1EE10FA 		vmrs	APSR_nzcv, FPSCR
 161 0032 00F28480 		bhi	.L20
 162              		.loc 1 80 21 discriminator 1 view .LVU30
 163 0036 DFED477A 		vldr.32	s15, .L33+4
 164 003a F4EEE76A 		vcmpe.f32	s13, s15
 165 003e F1EE10FA 		vmrs	APSR_nzcv, FPSCR
 166 0042 7CD9     		bls	.L20
 167              	.L14:
 168              	.LVL9:
  81:Src/pose_pipeline.c ****   {
  82:Src/pose_pipeline.c ****     dt = 1.0f / 15.0f;
  83:Src/pose_pipeline.c ****   }
  84:Src/pose_pipeline.c **** 
  85:Src/pose_pipeline.c ****   float32_t features[POSE_FEATURE_COUNT];
 169              		.loc 1 85 3 is_stmt 1 view .LVU31
  86:Src/pose_pipeline.c **** 
  87:Src/pose_pipeline.c ****   for (uint32_t i = 0; i < POSE_KP_COUNT; i++)
 170              		.loc 1 87 3 view .LVU32
 171              	.LBB11:
 172              		.loc 1 87 8 view .LVU33
 173              		.loc 1 87 26 discriminator 1 view .LVU34
 174 0044 01AA     		add	r2, sp, #4
 175 0046 1646     		mov	r6, r2
 176 0048 03F1CC01 		add	r1, r3, #204
 177              	.LVL10:
 178              	.L15:
  88:Src/pose_pipeline.c ****   {
  89:Src/pose_pipeline.c ****     features[i * 3 + 0] = clamp01(kp_raw[i].y_center);
 179              		.loc 1 89 5 view .LVU35
 180              		.loc 1 89 27 is_stmt 0 view .LVU36
 181 004c 93ED010A 		vldr.32	s0, [r3, #4]
 182 0050 FFF7FEFF 		bl	clamp01
 183              	.LVL11:
 184              		.loc 1 89 25 discriminator 1 view .LVU37
 185 0054 82ED000A 		vstr.32	s0, [r2]
  90:Src/pose_pipeline.c ****     features[i * 3 + 1] = clamp01(kp_raw[i].x_center);
 186              		.loc 1 90 5 is_stmt 1 view .LVU38
 187              		.loc 1 90 27 is_stmt 0 view .LVU39
 188 0058 93ED000A 		vldr.32	s0, [r3]
 189 005c FFF7FEFF 		bl	clamp01
 190              	.LVL12:
 191              		.loc 1 90 25 discriminator 1 view .LVU40
 192 0060 82ED010A 		vstr.32	s0, [r2, #4]
  91:Src/pose_pipeline.c ****     features[i * 3 + 2] = clamp01(kp_raw[i].proba);
 193              		.loc 1 91 5 is_stmt 1 view .LVU41
 194              		.loc 1 91 27 is_stmt 0 view .LVU42
 195 0064 93ED020A 		vldr.32	s0, [r3, #8]
ARM GAS  /tmp/ccIUrYp2.s 			page 6


 196 0068 FFF7FEFF 		bl	clamp01
 197              	.LVL13:
  87:Src/pose_pipeline.c ****   {
 198              		.loc 1 87 26 discriminator 1 view .LVU43
 199 006c 0C33     		adds	r3, r3, #12
 200 006e 9942     		cmp	r1, r3
 201              		.loc 1 91 25 discriminator 1 view .LVU44
 202 0070 82ED020A 		vstr.32	s0, [r2, #8]
  87:Src/pose_pipeline.c ****   {
 203              		.loc 1 87 44 is_stmt 1 discriminator 3 view .LVU45
  87:Src/pose_pipeline.c ****   {
 204              		.loc 1 87 26 discriminator 1 view .LVU46
 205 0074 02F10C02 		add	r2, r2, #12
 206 0078 E8D1     		bne	.L15
 207              	.LBE11:
 208              	.LBB12:
 209              	.LBB13:
  46:Src/pose_pipeline.c ****   float32_t sum_y = 0.0f;
 210              		.loc 1 46 13 is_stmt 0 view .LVU47
 211 007a DFED377A 		vldr.32	s15, .L33+8
 212              	.LBB14:
 213              	.LBB15:
  53:Src/pose_pipeline.c ****   }
 214              		.loc 1 53 22 view .LVU48
 215 007e 0723     		movs	r3, #7
 216              	.LBE15:
 217              	.LBE14:
  47:Src/pose_pipeline.c **** 
 218              		.loc 1 47 13 view .LVU49
 219 0080 B0EE677A 		vmov.f32	s14, s15
 220              	.LBB17:
 221              	.LBB16:
  52:Src/pose_pipeline.c ****     sum_x += features[idx * 3 + 1];
 222              		.loc 1 52 22 view .LVU50
 223 0084 0C27     		movs	r7, #12
  53:Src/pose_pipeline.c ****   }
 224              		.loc 1 53 22 view .LVU51
 225 0086 43F001E0 		dls	lr, r3
 226 008a 344A     		ldr	r2, .L33+12
 227 008c 02A9     		add	r1, sp, #8
 228              	.LVL14:
 229              	.L16:
  51:Src/pose_pipeline.c ****     sum_y += features[idx * 3 + 0];
 230              		.loc 1 51 5 is_stmt 1 view .LVU52
  51:Src/pose_pipeline.c ****     sum_y += features[idx * 3 + 0];
 231              		.loc 1 51 32 is_stmt 0 view .LVU53
 232 008e 12F8013B 		ldrb	r3, [r2], #1	@ zero_extendqisi2
 233              	.LVL15:
  52:Src/pose_pipeline.c ****     sum_x += features[idx * 3 + 1];
 234              		.loc 1 52 5 is_stmt 1 view .LVU54
  52:Src/pose_pipeline.c ****     sum_x += features[idx * 3 + 1];
 235              		.loc 1 52 22 is_stmt 0 view .LVU55
 236 0092 7B43     		muls	r3, r7, r3
 237              	.LVL16:
  52:Src/pose_pipeline.c ****     sum_x += features[idx * 3 + 1];
 238              		.loc 1 52 22 view .LVU56
 239 0094 F018     		adds	r0, r6, r3
ARM GAS  /tmp/ccIUrYp2.s 			page 7


  52:Src/pose_pipeline.c ****     sum_x += features[idx * 3 + 1];
 240              		.loc 1 52 11 view .LVU57
 241 0096 90ED006A 		vldr.32	s12, [r0]
  53:Src/pose_pipeline.c ****   }
 242              		.loc 1 53 22 view .LVU58
 243 009a 0B44     		add	r3, r3, r1
  52:Src/pose_pipeline.c ****     sum_x += features[idx * 3 + 1];
 244              		.loc 1 52 11 view .LVU59
 245 009c 37EE067A 		vadd.f32	s14, s14, s12
 246              	.LVL17:
  53:Src/pose_pipeline.c ****   }
 247              		.loc 1 53 5 is_stmt 1 view .LVU60
  53:Src/pose_pipeline.c ****   }
 248              		.loc 1 53 11 is_stmt 0 view .LVU61
 249 00a0 93ED006A 		vldr.32	s12, [r3]
 250 00a4 77EE867A 		vadd.f32	s15, s15, s12
 251              	.LVL18:
  53:Src/pose_pipeline.c ****   }
 252              		.loc 1 53 11 view .LVU62
 253              	.LBE16:
  49:Src/pose_pipeline.c ****   {
 254              		.loc 1 49 54 is_stmt 1 discriminator 3 view .LVU63
  49:Src/pose_pipeline.c ****   {
 255              		.loc 1 49 26 discriminator 1 view .LVU64
 256 00a8 0FF00FC8 		le	lr, .L16
 257              	.LBE17:
  56:Src/pose_pipeline.c ****   *hssc_y = sum_y / (float32_t)POSE_HSSC_INDICES_COUNT;
 258              		.loc 1 56 3 view .LVU65
  56:Src/pose_pipeline.c ****   *hssc_y = sum_y / (float32_t)POSE_HSSC_INDICES_COUNT;
 259              		.loc 1 56 19 is_stmt 0 view .LVU66
 260 00ac F1EE0C5A 		vmov.f32	s11, #7.0e+0
 261              	.LBE13:
 262              	.LBE12:
  92:Src/pose_pipeline.c ****   }
  93:Src/pose_pipeline.c **** 
  94:Src/pose_pipeline.c ****   float32_t hssc_x;
  95:Src/pose_pipeline.c ****   float32_t hssc_y;
  96:Src/pose_pipeline.c ****   compute_hssc(features, &hssc_x, &hssc_y);
  97:Src/pose_pipeline.c **** 
  98:Src/pose_pipeline.c ****   float32_t vhssc = 0.0f;
  99:Src/pose_pipeline.c ****   float32_t ahssc = 0.0f;
 100:Src/pose_pipeline.c **** 
 101:Src/pose_pipeline.c ****   if (s->deriv_initialized)
 263              		.loc 1 101 6 view .LVU67
 264 00b0 237A     		ldrb	r3, [r4, #8]	@ zero_extendqisi2
 265              	.LBB19:
 266              	.LBB18:
  56:Src/pose_pipeline.c ****   *hssc_y = sum_y / (float32_t)POSE_HSSC_INDICES_COUNT;
 267              		.loc 1 56 19 view .LVU68
 268 00b2 87EEA55A 		vdiv.f32	s10, s15, s11
 269              	.LVL19:
  57:Src/pose_pipeline.c **** }
 270              		.loc 1 57 3 is_stmt 1 view .LVU69
  57:Src/pose_pipeline.c **** }
 271              		.loc 1 57 19 is_stmt 0 view .LVU70
 272 00b6 87EE256A 		vdiv.f32	s12, s14, s11
 273              	.LVL20:
ARM GAS  /tmp/ccIUrYp2.s 			page 8


  57:Src/pose_pipeline.c **** }
 274              		.loc 1 57 19 view .LVU71
 275              	.LBE18:
 276              	.LBE19:
  98:Src/pose_pipeline.c ****   float32_t ahssc = 0.0f;
 277              		.loc 1 98 3 is_stmt 1 view .LVU72
  99:Src/pose_pipeline.c **** 
 278              		.loc 1 99 3 view .LVU73
 279              		.loc 1 101 3 view .LVU74
 280              		.loc 1 101 6 is_stmt 0 view .LVU75
 281 00ba 002B     		cmp	r3, #0
 282 00bc 42D0     		beq	.L21
 102:Src/pose_pipeline.c ****   {
 103:Src/pose_pipeline.c ****     vhssc = (hssc_y - s->hssc_y_prev) / dt;
 283              		.loc 1 103 5 is_stmt 1 view .LVU76
 284              		.loc 1 103 21 is_stmt 0 view .LVU77
 285 00be 94ED007A 		vldr.32	s14, [r4]
 286 00c2 36EE477A 		vsub.f32	s14, s12, s14
 104:Src/pose_pipeline.c ****     ahssc = (vhssc - s->vhssc_prev) / dt;
 287              		.loc 1 104 20 view .LVU78
 288 00c6 D4ED015A 		vldr.32	s11, [r4, #4]
 103:Src/pose_pipeline.c ****     ahssc = (vhssc - s->vhssc_prev) / dt;
 289              		.loc 1 103 11 view .LVU79
 290 00ca C7EE267A 		vdiv.f32	s15, s14, s13
 291              	.LVL21:
 292              		.loc 1 104 5 is_stmt 1 view .LVU80
 293              		.loc 1 104 20 is_stmt 0 view .LVU81
 294 00ce 77EEE55A 		vsub.f32	s11, s15, s11
 295              		.loc 1 104 11 view .LVU82
 296 00d2 85EEA67A 		vdiv.f32	s14, s11, s13
 297              	.LVL22:
 298              	.L17:
 105:Src/pose_pipeline.c ****   }
 106:Src/pose_pipeline.c **** 
 107:Src/pose_pipeline.c ****   s->hssc_y_prev = hssc_y;
 299              		.loc 1 107 3 is_stmt 1 view .LVU83
 108:Src/pose_pipeline.c ****   s->vhssc_prev = vhssc;
 109:Src/pose_pipeline.c ****   s->deriv_initialized = 1u;
 300              		.loc 1 109 24 is_stmt 0 view .LVU84
 301 00d6 0127     		movs	r7, #1
 107:Src/pose_pipeline.c ****   s->vhssc_prev = vhssc;
 302              		.loc 1 107 18 view .LVU85
 303 00d8 84ED006A 		vstr.32	s12, [r4]
 108:Src/pose_pipeline.c ****   s->vhssc_prev = vhssc;
 304              		.loc 1 108 3 is_stmt 1 view .LVU86
 108:Src/pose_pipeline.c ****   s->vhssc_prev = vhssc;
 305              		.loc 1 108 17 is_stmt 0 view .LVU87
 306 00dc C4ED017A 		vstr.32	s15, [r4, #4]
 307              		.loc 1 109 3 is_stmt 1 view .LVU88
 110:Src/pose_pipeline.c **** 
 111:Src/pose_pipeline.c ****   features[POSE_KP_COUNT * 3 + 0] = hssc_x;
 308              		.loc 1 111 35 is_stmt 0 view .LVU89
 309 00e0 8DED345A 		vstr.32	s10, [sp, #208]
 112:Src/pose_pipeline.c ****   features[POSE_KP_COUNT * 3 + 1] = hssc_y;
 310              		.loc 1 112 35 view .LVU90
 311 00e4 8DED356A 		vstr.32	s12, [sp, #212]
 113:Src/pose_pipeline.c ****   features[POSE_KP_COUNT * 3 + 2] = vhssc;
ARM GAS  /tmp/ccIUrYp2.s 			page 9


 312              		.loc 1 113 35 view .LVU91
 313 00e8 CDED367A 		vstr.32	s15, [sp, #216]
 114:Src/pose_pipeline.c ****   features[POSE_KP_COUNT * 3 + 3] = ahssc;
 314              		.loc 1 114 35 view .LVU92
 315 00ec 8DED377A 		vstr.32	s14, [sp, #220]
 109:Src/pose_pipeline.c **** 
 316              		.loc 1 109 24 view .LVU93
 317 00f0 2772     		strb	r7, [r4, #8]
 111:Src/pose_pipeline.c ****   features[POSE_KP_COUNT * 3 + 1] = hssc_y;
 318              		.loc 1 111 3 is_stmt 1 view .LVU94
 112:Src/pose_pipeline.c ****   features[POSE_KP_COUNT * 3 + 2] = vhssc;
 319              		.loc 1 112 3 view .LVU95
 113:Src/pose_pipeline.c ****   features[POSE_KP_COUNT * 3 + 3] = ahssc;
 320              		.loc 1 113 3 view .LVU96
 321              		.loc 1 114 3 view .LVU97
 115:Src/pose_pipeline.c **** 
 116:Src/pose_pipeline.c ****   if (out != NULL)
 322              		.loc 1 116 3 view .LVU98
 323              		.loc 1 116 6 is_stmt 0 view .LVU99
 324 00f2 35B1     		cbz	r5, .L18
 117:Src/pose_pipeline.c ****   {
 118:Src/pose_pipeline.c ****     memcpy(out->f, features, sizeof(features));
 325              		.loc 1 118 5 is_stmt 1 view .LVU100
 326 00f4 DC22     		movs	r2, #220
 327 00f6 3146     		mov	r1, r6
 328 00f8 2846     		mov	r0, r5
 329 00fa FFF7FEFF 		bl	memcpy
 330              	.LVL23:
 119:Src/pose_pipeline.c ****     out->valid = 1u;
 331              		.loc 1 119 5 view .LVU101
 332              		.loc 1 119 16 is_stmt 0 view .LVU102
 333 00fe 85F8DC70 		strb	r7, [r5, #220]
 334              	.L18:
 120:Src/pose_pipeline.c ****   }
 121:Src/pose_pipeline.c **** 
 122:Src/pose_pipeline.c ****   memcpy(s->win_buf[s->win_head], features, sizeof(features));
 335              		.loc 1 122 3 is_stmt 1 view .LVU103
 336              		.loc 1 122 20 is_stmt 0 view .LVU104
 337 0102 DC22     		movs	r2, #220
 338              		.loc 1 122 22 view .LVU105
 339 0104 04F54055 		add	r5, r4, #12288
 340              	.LVL24:
 341              		.loc 1 122 20 view .LVU106
 342 0108 D5F89C33 		ldr	r3, [r5, #924]
 343              		.loc 1 122 3 view .LVU107
 344 010c 3146     		mov	r1, r6
 345              		.loc 1 122 20 view .LVU108
 346 010e 02FB0340 		mla	r0, r2, r3, r4
 347              		.loc 1 122 3 view .LVU109
 348 0112 0C30     		adds	r0, r0, #12
 349 0114 FFF7FEFF 		bl	memcpy
 350              	.LVL25:
 123:Src/pose_pipeline.c ****   s->win_head = (s->win_head + 1u) % POSE_WINDOW_SIZE;
 351              		.loc 1 123 3 is_stmt 1 view .LVU110
 352              		.loc 1 123 36 is_stmt 0 view .LVU111
 353 0118 3C22     		movs	r2, #60
 354              		.loc 1 123 30 view .LVU112
ARM GAS  /tmp/ccIUrYp2.s 			page 10


 355 011a D5F89C33 		ldr	r3, [r5, #924]
 356 011e 0133     		adds	r3, r3, #1
 357              		.loc 1 123 36 view .LVU113
 358 0120 B3FBF2F1 		udiv	r1, r3, r2
 359 0124 02FB1133 		mls	r3, r2, r1, r3
 360              		.loc 1 123 15 view .LVU114
 361 0128 C5F89C33 		str	r3, [r5, #924]
 124:Src/pose_pipeline.c ****   if (s->win_count < POSE_WINDOW_SIZE)
 362              		.loc 1 124 3 is_stmt 1 view .LVU115
 363              		.loc 1 124 8 is_stmt 0 view .LVU116
 364 012c D5F8A033 		ldr	r3, [r5, #928]
 365              		.loc 1 124 6 view .LVU117
 366 0130 3B2B     		cmp	r3, #59
 125:Src/pose_pipeline.c ****   {
 126:Src/pose_pipeline.c ****     s->win_count++;
 367              		.loc 1 126 5 is_stmt 1 view .LVU118
 368              		.loc 1 126 17 is_stmt 0 view .LVU119
 369 0132 9CBF     		itt	ls
 370 0134 0133     		addls	r3, r3, #1
 371 0136 C5F8A033 		strls	r3, [r5, #928]
 372              	.LVL26:
 373              	.L8:
 127:Src/pose_pipeline.c ****   }
 128:Src/pose_pipeline.c **** }
 374              		.loc 1 128 1 view .LVU120
 375 013a 39B0     		add	sp, sp, #228
 376              		.cfi_remember_state
 377              		.cfi_def_cfa_offset 20
 378              		@ sp needed
 379 013c F0BD     		pop	{r4, r5, r6, r7, pc}
 380              	.LVL27:
 381              	.L20:
 382              		.cfi_restore_state
  82:Src/pose_pipeline.c ****   }
 383              		.loc 1 82 8 view .LVU121
 384 013e DFED086A 		vldr.32	s13, .L33+16
 385 0142 7FE7     		b	.L14
 386              	.LVL28:
 387              	.L21:
  99:Src/pose_pipeline.c **** 
 388              		.loc 1 99 13 view .LVU122
 389 0144 9FED047A 		vldr.32	s14, .L33+8
  98:Src/pose_pipeline.c ****   float32_t ahssc = 0.0f;
 390              		.loc 1 98 13 view .LVU123
 391 0148 F0EE477A 		vmov.f32	s15, s14
 392 014c C3E7     		b	.L17
 393              	.L34:
 394 014e 00BF     		.align	2
 395              	.L33:
 396 0150 FFFF7F7F 		.word	2139095039
 397 0154 BD378635 		.word	897988541
 398 0158 00000000 		.word	0
 399 015c 00000000 		.word	hssc_indices
 400 0160 8988883D 		.word	1032358025
 401              		.cfi_endproc
 402              	.LFE777:
 404              		.section	.text.PosePipeline_GetWindowFeaturesFirst,"ax",%progbits
ARM GAS  /tmp/ccIUrYp2.s 			page 11


 405              		.align	1
 406              		.global	PosePipeline_GetWindowFeaturesFirst
 407              		.syntax unified
 408              		.thumb
 409              		.thumb_func
 411              	PosePipeline_GetWindowFeaturesFirst:
 412              	.LVL29:
 413              	.LFB778:
 129:Src/pose_pipeline.c **** 
 130:Src/pose_pipeline.c **** void PosePipeline_GetWindowFeaturesFirst(const PosePipeline_t *s,
 131:Src/pose_pipeline.c ****                                          float32_t dst[POSE_FEATURE_COUNT][POSE_WINDOW_SIZE])
 132:Src/pose_pipeline.c **** {
 414              		.loc 1 132 1 is_stmt 1 view -0
 415              		.cfi_startproc
 416              		@ args = 0, pretend = 0, frame = 0
 417              		@ frame_needed = 0, uses_anonymous_args = 0
 133:Src/pose_pipeline.c ****   uint32_t oldest = (s->win_count < POSE_WINDOW_SIZE) ? 0u : s->win_head;
 418              		.loc 1 133 3 view .LVU125
 419              		.loc 1 133 23 is_stmt 0 view .LVU126
 420 0000 00F54053 		add	r3, r0, #12288
 421              		.loc 1 133 60 view .LVU127
 422 0004 D3F8A023 		ldr	r2, [r3, #928]
 132:Src/pose_pipeline.c ****   uint32_t oldest = (s->win_count < POSE_WINDOW_SIZE) ? 0u : s->win_head;
 423              		.loc 1 132 1 view .LVU128
 424 0008 F0B5     		push	{r4, r5, r6, r7, lr}
 425              		.cfi_def_cfa_offset 20
 426              		.cfi_offset 4, -20
 427              		.cfi_offset 5, -16
 428              		.cfi_offset 6, -12
 429              		.cfi_offset 7, -8
 430              		.cfi_offset 14, -4
 431              		.loc 1 133 60 view .LVU129
 432 000a 3B2A     		cmp	r2, #59
 433              		.loc 1 133 60 discriminator 2 view .LVU130
 434 000c 98BF     		it	ls
 435 000e 0024     		movls	r4, #0
 436              	.LBB20:
 134:Src/pose_pipeline.c **** 
 135:Src/pose_pipeline.c ****   for (uint32_t t = 0; t < POSE_WINDOW_SIZE; t++)
 437              		.loc 1 135 17 view .LVU131
 438 0010 4FF00002 		mov	r2, #0
 439              	.LBB21:
 136:Src/pose_pipeline.c ****   {
 137:Src/pose_pipeline.c ****     uint32_t src_t = (oldest + t) % POSE_WINDOW_SIZE;
 440              		.loc 1 137 14 view .LVU132
 441 0014 4FF03C05 		mov	r5, #60
 442 0018 4FF0DC07 		mov	r7, #220
 443              	.LBE21:
 444              	.LBE20:
 133:Src/pose_pipeline.c **** 
 445              		.loc 1 133 60 discriminator 1 view .LVU133
 446 001c 88BF     		it	hi
 447 001e D3F89C43 		ldrhi	r4, [r3, #924]
 448              	.LVL30:
 135:Src/pose_pipeline.c ****   {
 449              		.loc 1 135 3 is_stmt 1 view .LVU134
 450              	.LBB25:
ARM GAS  /tmp/ccIUrYp2.s 			page 12


 135:Src/pose_pipeline.c ****   {
 451              		.loc 1 135 8 view .LVU135
 135:Src/pose_pipeline.c ****   {
 452              		.loc 1 135 26 discriminator 1 view .LVU136
 453              	.L38:
 454              	.LBB24:
 455              		.loc 1 137 5 view .LVU137
 138:Src/pose_pipeline.c ****     for (uint32_t f = 0; f < POSE_FEATURE_COUNT; f++)
 456              		.loc 1 138 5 view .LVU138
 457              	.LBB22:
 458              		.loc 1 138 10 view .LVU139
 459              		.loc 1 138 28 discriminator 1 view .LVU140
 460              	.LBE22:
 137:Src/pose_pipeline.c ****     for (uint32_t f = 0; f < POSE_FEATURE_COUNT; f++)
 461              		.loc 1 137 14 is_stmt 0 view .LVU141
 462 0022 4FF0370C 		mov	ip, #55
 137:Src/pose_pipeline.c ****     for (uint32_t f = 0; f < POSE_FEATURE_COUNT; f++)
 463              		.loc 1 137 30 view .LVU142
 464 0026 A318     		adds	r3, r4, r2
 137:Src/pose_pipeline.c ****     for (uint32_t f = 0; f < POSE_FEATURE_COUNT; f++)
 465              		.loc 1 137 14 view .LVU143
 466 0028 B3FBF5F6 		udiv	r6, r3, r5
 467 002c 4CF001E0 		dls	lr, ip
 468 0030 05FB1633 		mls	r3, r5, r6, r3
 469 0034 07FB0303 		mla	r3, r7, r3, r0
 470 0038 01EB8206 		add	r6, r1, r2, lsl #2
 471 003c 0C33     		adds	r3, r3, #12
 472              	.LVL31:
 473              	.L37:
 474              	.LBB23:
 139:Src/pose_pipeline.c ****     {
 140:Src/pose_pipeline.c ****       dst[f][t] = s->win_buf[src_t][f];
 475              		.loc 1 140 7 is_stmt 1 view .LVU144
 476              		.loc 1 140 36 is_stmt 0 view .LVU145
 477 003e 53F804CB 		ldr	ip, [r3], #4	@ float
 478              		.loc 1 140 17 view .LVU146
 479 0042 46F8F0CB 		str	ip, [r6], #240	@ float
 138:Src/pose_pipeline.c ****     {
 480              		.loc 1 138 51 is_stmt 1 discriminator 3 view .LVU147
 138:Src/pose_pipeline.c ****     {
 481              		.loc 1 138 28 discriminator 1 view .LVU148
 482 0046 0FF007C0 		le	lr, .L37
 483              	.LBE23:
 484              	.LBE24:
 135:Src/pose_pipeline.c ****   {
 485              		.loc 1 135 47 discriminator 2 view .LVU149
 486 004a 0132     		adds	r2, r2, #1
 487              	.LVL32:
 135:Src/pose_pipeline.c ****   {
 488              		.loc 1 135 26 discriminator 1 view .LVU150
 489 004c 3C2A     		cmp	r2, #60
 490 004e E8D1     		bne	.L38
 491              	.LBE25:
 141:Src/pose_pipeline.c ****     }
 142:Src/pose_pipeline.c ****   }
 143:Src/pose_pipeline.c **** }
 492              		.loc 1 143 1 is_stmt 0 view .LVU151
ARM GAS  /tmp/ccIUrYp2.s 			page 13


 493 0050 F0BD     		pop	{r4, r5, r6, r7, pc}
 494              		.loc 1 143 1 view .LVU152
 495              		.cfi_endproc
 496              	.LFE778:
 498              		.section	.text.PosePipeline_GetWindowTimeFirst,"ax",%progbits
 499              		.align	1
 500              		.global	PosePipeline_GetWindowTimeFirst
 501              		.syntax unified
 502              		.thumb
 503              		.thumb_func
 505              	PosePipeline_GetWindowTimeFirst:
 506              	.LVL33:
 507              	.LFB779:
 144:Src/pose_pipeline.c **** 
 145:Src/pose_pipeline.c **** void PosePipeline_GetWindowTimeFirst(const PosePipeline_t *s,
 146:Src/pose_pipeline.c ****                                      float32_t dst[POSE_WINDOW_SIZE][POSE_FEATURE_COUNT])
 147:Src/pose_pipeline.c **** {
 508              		.loc 1 147 1 is_stmt 1 view -0
 509              		.cfi_startproc
 510              		@ args = 0, pretend = 0, frame = 0
 511              		@ frame_needed = 0, uses_anonymous_args = 0
 148:Src/pose_pipeline.c ****   uint32_t oldest = (s->win_count < POSE_WINDOW_SIZE) ? 0u : s->win_head;
 512              		.loc 1 148 3 view .LVU154
 147:Src/pose_pipeline.c ****   uint32_t oldest = (s->win_count < POSE_WINDOW_SIZE) ? 0u : s->win_head;
 513              		.loc 1 147 1 is_stmt 0 view .LVU155
 514 0000 2DE9F843 		push	{r3, r4, r5, r6, r7, r8, r9, lr}
 515              		.cfi_def_cfa_offset 32
 516              		.cfi_offset 3, -32
 517              		.cfi_offset 4, -28
 518              		.cfi_offset 5, -24
 519              		.cfi_offset 6, -20
 520              		.cfi_offset 7, -16
 521              		.cfi_offset 8, -12
 522              		.cfi_offset 9, -8
 523              		.cfi_offset 14, -4
 524              		.loc 1 148 23 view .LVU156
 525 0004 00F54053 		add	r3, r0, #12288
 526              		.loc 1 148 60 view .LVU157
 527 0008 D3F8A023 		ldr	r2, [r3, #928]
 147:Src/pose_pipeline.c ****   uint32_t oldest = (s->win_count < POSE_WINDOW_SIZE) ? 0u : s->win_head;
 528              		.loc 1 147 1 view .LVU158
 529 000c 0546     		mov	r5, r0
 530              		.loc 1 148 60 view .LVU159
 531 000e 3B2A     		cmp	r2, #59
 147:Src/pose_pipeline.c ****   uint32_t oldest = (s->win_count < POSE_WINDOW_SIZE) ? 0u : s->win_head;
 532              		.loc 1 147 1 view .LVU160
 533 0010 0E46     		mov	r6, r1
 534              		.loc 1 148 60 discriminator 2 view .LVU161
 535 0012 98BF     		it	ls
 536 0014 4FF00009 		movls	r9, #0
 537              	.LBB26:
 149:Src/pose_pipeline.c **** 
 150:Src/pose_pipeline.c ****   for (uint32_t t = 0; t < POSE_WINDOW_SIZE; t++)
 538              		.loc 1 150 17 view .LVU162
 539 0018 4FF00004 		mov	r4, #0
 540              	.LBB27:
 151:Src/pose_pipeline.c ****   {
ARM GAS  /tmp/ccIUrYp2.s 			page 14


 152:Src/pose_pipeline.c ****     uint32_t src_t = (oldest + t) % POSE_WINDOW_SIZE;
 153:Src/pose_pipeline.c ****     memcpy(dst[t], s->win_buf[src_t], sizeof(dst[t]));
 541              		.loc 1 153 15 view .LVU163
 542 001c 4FF0DC07 		mov	r7, #220
 152:Src/pose_pipeline.c ****     memcpy(dst[t], s->win_buf[src_t], sizeof(dst[t]));
 543              		.loc 1 152 14 view .LVU164
 544 0020 4FF03C08 		mov	r8, #60
 545              	.LBE27:
 546              	.LBE26:
 148:Src/pose_pipeline.c **** 
 547              		.loc 1 148 60 discriminator 1 view .LVU165
 548 0024 88BF     		it	hi
 549 0026 D3F89C93 		ldrhi	r9, [r3, #924]
 550              	.LVL34:
 150:Src/pose_pipeline.c ****   {
 551              		.loc 1 150 3 is_stmt 1 view .LVU166
 552              	.LBB30:
 150:Src/pose_pipeline.c ****   {
 553              		.loc 1 150 8 view .LVU167
 150:Src/pose_pipeline.c ****   {
 554              		.loc 1 150 26 discriminator 1 view .LVU168
 555              	.L44:
 556              	.LBB28:
 152:Src/pose_pipeline.c ****     memcpy(dst[t], s->win_buf[src_t], sizeof(dst[t]));
 557              		.loc 1 152 5 view .LVU169
 558              		.loc 1 153 5 view .LVU170
 152:Src/pose_pipeline.c ****     memcpy(dst[t], s->win_buf[src_t], sizeof(dst[t]));
 559              		.loc 1 152 30 is_stmt 0 view .LVU171
 560 002a 09EB0403 		add	r3, r9, r4
 152:Src/pose_pipeline.c ****     memcpy(dst[t], s->win_buf[src_t], sizeof(dst[t]));
 561              		.loc 1 152 14 view .LVU172
 562 002e B3FBF8F2 		udiv	r2, r3, r8
 563 0032 08FB1233 		mls	r3, r8, r2, r3
 564              		.loc 1 153 30 view .LVU173
 565 0036 07FB0353 		mla	r3, r7, r3, r5
 566              		.loc 1 153 5 view .LVU174
 567 003a 07FB0460 		mla	r0, r7, r4, r6
 568 003e DC22     		movs	r2, #220
 569 0040 03F10C01 		add	r1, r3, #12
 570              	.LBE28:
 150:Src/pose_pipeline.c ****   {
 571              		.loc 1 150 47 discriminator 3 view .LVU175
 572 0044 0134     		adds	r4, r4, #1
 573              	.LVL35:
 574              	.LBB29:
 575              		.loc 1 153 5 view .LVU176
 576 0046 FFF7FEFF 		bl	memcpy
 577              	.LVL36:
 578              	.LBE29:
 150:Src/pose_pipeline.c ****   {
 579              		.loc 1 150 47 is_stmt 1 discriminator 3 view .LVU177
 150:Src/pose_pipeline.c ****   {
 580              		.loc 1 150 26 discriminator 1 view .LVU178
 581 004a 3C2C     		cmp	r4, #60
 582 004c EDD1     		bne	.L44
 583              	.LBE30:
 154:Src/pose_pipeline.c ****   }
ARM GAS  /tmp/ccIUrYp2.s 			page 15


 155:Src/pose_pipeline.c **** }
 584              		.loc 1 155 1 is_stmt 0 view .LVU179
 585 004e BDE8F883 		pop	{r3, r4, r5, r6, r7, r8, r9, pc}
 586              		.loc 1 155 1 view .LVU180
 587              		.cfi_endproc
 588              	.LFE779:
 590              		.section	.text.PosePipeline_WindowFull,"ax",%progbits
 591              		.align	1
 592              		.global	PosePipeline_WindowFull
 593              		.syntax unified
 594              		.thumb
 595              		.thumb_func
 597              	PosePipeline_WindowFull:
 598              	.LVL37:
 599              	.LFB780:
 156:Src/pose_pipeline.c **** 
 157:Src/pose_pipeline.c **** uint8_t PosePipeline_WindowFull(const PosePipeline_t *s)
 158:Src/pose_pipeline.c **** {
 600              		.loc 1 158 1 is_stmt 1 view -0
 601              		.cfi_startproc
 602              		@ args = 0, pretend = 0, frame = 0
 603              		@ frame_needed = 0, uses_anonymous_args = 0
 604              		@ link register save eliminated.
 159:Src/pose_pipeline.c ****   return (s->win_count >= POSE_WINDOW_SIZE) ? 1u : 0u;
 605              		.loc 1 159 3 view .LVU182
 606              		.loc 1 159 12 is_stmt 0 view .LVU183
 607 0000 00F54050 		add	r0, r0, #12288
 608              	.LVL38:
 609              		.loc 1 159 50 view .LVU184
 610 0004 D0F8A003 		ldr	r0, [r0, #928]
 611              	.LVL39:
 160:Src/pose_pipeline.c **** }
 612              		.loc 1 160 1 view .LVU185
 613 0008 3B28     		cmp	r0, #59
 614 000a 94BF     		ite	ls
 615 000c 0020     		movls	r0, #0
 616 000e 0120     		movhi	r0, #1
 617 0010 7047     		bx	lr
 618              		.cfi_endproc
 619              	.LFE780:
 621              		.section	.text.PosePipeline_GetLatestFeature,"ax",%progbits
 622              		.align	1
 623              		.global	PosePipeline_GetLatestFeature
 624              		.syntax unified
 625              		.thumb
 626              		.thumb_func
 628              	PosePipeline_GetLatestFeature:
 629              	.LVL40:
 630              	.LFB781:
 161:Src/pose_pipeline.c **** 
 162:Src/pose_pipeline.c **** void PosePipeline_GetLatestFeature(const PosePipeline_t *s,
 163:Src/pose_pipeline.c ****                                    float32_t dst[POSE_FEATURE_COUNT])
 164:Src/pose_pipeline.c **** {
 631              		.loc 1 164 1 is_stmt 1 view -0
 632              		.cfi_startproc
 633              		@ args = 0, pretend = 0, frame = 0
 634              		@ frame_needed = 0, uses_anonymous_args = 0
ARM GAS  /tmp/ccIUrYp2.s 			page 16


 635              		@ link register save eliminated.
 165:Src/pose_pipeline.c ****   uint32_t last = (s->win_head == 0) ? (POSE_WINDOW_SIZE - 1u) : (s->win_head - 1u);
 636              		.loc 1 165 3 view .LVU187
 164:Src/pose_pipeline.c ****   uint32_t last = (s->win_head == 0) ? (POSE_WINDOW_SIZE - 1u) : (s->win_head - 1u);
 637              		.loc 1 164 1 is_stmt 0 view .LVU188
 638 0000 0346     		mov	r3, r0
 639              		.loc 1 165 21 view .LVU189
 640 0002 03F54052 		add	r2, r3, #12288
 164:Src/pose_pipeline.c ****   uint32_t last = (s->win_head == 0) ? (POSE_WINDOW_SIZE - 1u) : (s->win_head - 1u);
 641              		.loc 1 164 1 view .LVU190
 642 0006 10B4     		push	{r4}
 643              		.cfi_def_cfa_offset 4
 644              		.cfi_offset 4, -4
 645              		.loc 1 165 21 view .LVU191
 646 0008 D2F89C43 		ldr	r4, [r2, #924]
 164:Src/pose_pipeline.c ****   uint32_t last = (s->win_head == 0) ? (POSE_WINDOW_SIZE - 1u) : (s->win_head - 1u);
 647              		.loc 1 164 1 view .LVU192
 648 000c 0846     		mov	r0, r1
 649              	.LVL41:
 650              		.loc 1 165 64 view .LVU193
 651 000e 4CB1     		cbz	r4, .L50
 652              		.loc 1 165 64 discriminator 1 view .LVU194
 653 0010 013C     		subs	r4, r4, #1
 654              	.L49:
 655              	.LVL42:
 166:Src/pose_pipeline.c ****   memcpy(dst, s->win_buf[last], POSE_FEATURE_COUNT * sizeof(float32_t));
 656              		.loc 1 166 3 is_stmt 1 view .LVU195
 657              		.loc 1 166 25 is_stmt 0 view .LVU196
 658 0012 DC22     		movs	r2, #220
 659 0014 02FB0433 		mla	r3, r2, r4, r3
 660              	.LVL43:
 167:Src/pose_pipeline.c **** }
 661              		.loc 1 167 1 view .LVU197
 662 0018 5DF8044B 		ldr	r4, [sp], #4
 663              	.LVL44:
 166:Src/pose_pipeline.c ****   memcpy(dst, s->win_buf[last], POSE_FEATURE_COUNT * sizeof(float32_t));
 664              		.loc 1 166 3 view .LVU198
 665 001c 03F10C01 		add	r1, r3, #12
 666              	.LVL45:
 166:Src/pose_pipeline.c ****   memcpy(dst, s->win_buf[last], POSE_FEATURE_COUNT * sizeof(float32_t));
 667              		.loc 1 166 3 view .LVU199
 668 0020 FFF7FEBF 		b	memcpy
 669              	.LVL46:
 670              	.L50:
 165:Src/pose_pipeline.c ****   memcpy(dst, s->win_buf[last], POSE_FEATURE_COUNT * sizeof(float32_t));
 671              		.loc 1 165 64 discriminator 2 view .LVU200
 672 0024 3B24     		movs	r4, #59
 673 0026 F4E7     		b	.L49
 674              		.cfi_endproc
 675              	.LFE781:
 677              		.section	.rodata.hssc_indices,"a"
 680              	hssc_indices:
 681 0000 00010203 		.ascii	"\000\001\002\003\004\005\006"
 681      040506
 682              		.text
 683              	.Letext0:
 684              		.file 2 "/home/min/snap/code/235/.local/share/stm32cube/bundles/gnu-tools-for-stm32/14.3.1+st.2/ar
ARM GAS  /tmp/ccIUrYp2.s 			page 17


 685              		.file 3 "/home/min/snap/code/235/.local/share/stm32cube/bundles/gnu-tools-for-stm32/14.3.1+st.2/ar
 686              		.file 4 "/home/min/snap/code/235/.local/share/stm32cube/bundles/gnu-tools-for-stm32/14.3.1+st.2/li
 687              		.file 5 "../../Middlewares/stm32-vision-models-postprocessing/lib_vision_models_pp/Inc/spe_pp_outp
 688              		.file 6 "Inc/pose_pipeline.h"
 689              		.file 7 "/home/min/snap/code/235/.local/share/stm32cube/bundles/gnu-tools-for-stm32/14.3.1+st.2/ar
 690              		.file 8 "<built-in>"
ARM GAS  /tmp/ccIUrYp2.s 			page 18


DEFINED SYMBOLS
                            *ABS*:00000000 pose_pipeline.c
     /tmp/ccIUrYp2.s:26     .text.clamp01:00000000 $t
     /tmp/ccIUrYp2.s:31     .text.clamp01:00000000 clamp01
     /tmp/ccIUrYp2.s:78     .text.clamp01:00000034 $d
     /tmp/ccIUrYp2.s:84     .text.PosePipeline_Init:00000000 $t
     /tmp/ccIUrYp2.s:90     .text.PosePipeline_Init:00000000 PosePipeline_Init
     /tmp/ccIUrYp2.s:108    .text.PosePipeline_Process:00000000 $t
     /tmp/ccIUrYp2.s:114    .text.PosePipeline_Process:00000000 PosePipeline_Process
     /tmp/ccIUrYp2.s:396    .text.PosePipeline_Process:00000150 $d
     /tmp/ccIUrYp2.s:680    .rodata.hssc_indices:00000000 hssc_indices
     /tmp/ccIUrYp2.s:405    .text.PosePipeline_GetWindowFeaturesFirst:00000000 $t
     /tmp/ccIUrYp2.s:411    .text.PosePipeline_GetWindowFeaturesFirst:00000000 PosePipeline_GetWindowFeaturesFirst
     /tmp/ccIUrYp2.s:499    .text.PosePipeline_GetWindowTimeFirst:00000000 $t
     /tmp/ccIUrYp2.s:505    .text.PosePipeline_GetWindowTimeFirst:00000000 PosePipeline_GetWindowTimeFirst
     /tmp/ccIUrYp2.s:591    .text.PosePipeline_WindowFull:00000000 $t
     /tmp/ccIUrYp2.s:597    .text.PosePipeline_WindowFull:00000000 PosePipeline_WindowFull
     /tmp/ccIUrYp2.s:622    .text.PosePipeline_GetLatestFeature:00000000 $t
     /tmp/ccIUrYp2.s:628    .text.PosePipeline_GetLatestFeature:00000000 PosePipeline_GetLatestFeature
                           .group:00000000 wm4.0.0340b1c6b35792986b320b0caf0e6143
                           .group:00000000 wm4.arm_math_types.h.28.9e71aea5cdf6aebdd83091bf39b4832a
                           .group:00000000 wm4._newlib_version.h.4.0eb654b64686e2bd29646258853f6c22
                           .group:00000000 wm4.features.h.33.d554620bb17bd3b714c3fb5c268772bc
                           .group:00000000 wm4._default_types.h.15.247e5cd201eca3442cbf5404108c4935
                           .group:00000000 wm4._intsup.h.10.48bafbb683905c4daa4565a85aeeb264
                           .group:00000000 wm4._stdint.h.10.c24fa3af3bc1706662bb5593a907e841
                           .group:00000000 wm4.stdint.h.23.d53047a68f4a85177f80b422d52785ed
                           .group:00000000 wm4.arm_acle.h.28.a0697f530ff2dbf8c463bef049b82760
                           .group:00000000 wm4.cmsis_gcc.h.39.eba7438bc45fd1a6e6376b63ffe44436
                           .group:00000000 wm4.cmsis_gcc_m.h.24.e590ec51aeda3a1242400351d73f5dce
                           .group:00000000 wm4.newlib.h.7.decd5b9657e2c5df625d9eac6e10520c
                           .group:00000000 wm4.ieeefp.h.77.99029d7b8220a2cd73dd257e2bbe825d
                           .group:00000000 wm4.config.h.224.10ee1ad185d877c6e334e6581faab44d
                           .group:00000000 wm4._ansi.h.31.de524f58584151836e90d8620a16f8e8
                           .group:00000000 wm4.stddef.h.39.811583f327f35b0df7808fda70b062a0
                           .group:00000000 wm4.cdefs.h.49.56fd742369e655e7e8a7e365e706e208
                           .group:00000000 wm4._types.h.20.dd0d04dca3800a0d2a6129b87f3adbb2
                           .group:00000000 wm4.stddef.h.173.4903093a50a8482cb062b176ea61fac3
                           .group:00000000 wm4._types.h.127.3bdfe3ff8ea2d0985b03d9cbe93480e3
                           .group:00000000 wm4.reent.h.18.25503cdc8b7e55dd0d6ea7b3e5af7a03
                           .group:00000000 wm4.lock.h.2.1461d1fff82dffe8bfddc23307f6484f
                           .group:00000000 wm4.reent.h.78.6d702f69a6d6435d2dbe915b10150b1a
                           .group:00000000 wm4.string.h.15.dab3980bf35408a4c507182805e2de3a
                           .group:00000000 wm4.stddef.h.173.1cea4f16a943c8e875db6791959c3141
                           .group:00000000 wm4.string.h.177.59a005921fa78485abc80a0267de5752
                           .group:00000000 wm4.math.h.13.47cfc34cae8a1153323939c4d32cf7c2
                           .group:00000000 wm4.float.h.29.0e9d9baf95ec39f9555dc80c6e28186b
                           .group:00000000 wm4.syslimits.h.34.de5cbd310098bc5895998b6bde577ed2
                           .group:00000000 wm4.limits.h.9.70fb0ada6f71b16202a66baaa6d8ea70
                           .group:00000000 wm4.limits.h.60.56a1ae353e2028a24298ec6463b8b593
                           .group:00000000 wm4.arm_math_types.h.116.3e44bd031718f65bdb345972ddc8cf86
                           .group:00000000 wm4.stdbool.h.29.c08aa3eec75cf5b9b5003883f43253f0
                           .group:00000000 wm4.arm_mve.h.48.53b982d307987e8d8669fd51fdc5e583
                           .group:00000000 wm4.arm_math_types.h.605.32c5d7843b3dcaa8f5174feea7de7445
                           .group:00000000 wm4.arm_math_memory.h.28.3ee75b06517df8378241b72d6c61e5b0
                           .group:00000000 wm4.none.h.185.db055cca83e83f96d8d0bb450fbdf4bb
                           .group:00000000 wm4.utils.h.41.820d6032ed1c0d7dd5bd2ed80938ee65
ARM GAS  /tmp/ccIUrYp2.s 			page 19


                           .group:00000000 wm4.fast_math_functions.h.28.aa389abd5521cfceab0e76a6af3dd2e2
                           .group:00000000 wm4.matrix_functions.h.28.8fc8488c73b2d6f328b0946db3460102
                           .group:00000000 wm4.controller_functions.h.28.388735b97ccd96442b0ac9e554629f36
                           .group:00000000 wm4.filtering_functions.h.46.6cf1424fb1f86d5f9958d208b83340a1
                           .group:00000000 wm4.spe_pp_output_if.h.11.cb67d0d15a71c95e0e8b7fee8a9755fe
                           .group:00000000 wm4.pose_pipeline.h.24.37dd7b977fe43acf275f8af1ee095774

UNDEFINED SYMBOLS
memset
memcpy
