ARM GAS  /tmp/ccBFJUyR.s 			page 1


   1              		.arch armv8.1-m.main
   2              		.fpu fpv5-d16
   3              		.arch_extension dsp
   4              		.arch_extension fp
   5              		.arch_extension fp.dp
   6              		.arch_extension mve
   7              		.arch_extension mve.fp
   8              		.eabi_attribute 5, "cortex-m55"
   9              		.eabi_attribute 28, 1
  10              		.eabi_attribute 20, 1
  11              		.eabi_attribute 21, 1
  12              		.eabi_attribute 23, 3
  13              		.eabi_attribute 24, 1
  14              		.eabi_attribute 25, 1
  15              		.eabi_attribute 26, 1
  16              		.eabi_attribute 30, 4
  17              		.eabi_attribute 34, 1
  18              		.eabi_attribute 38, 1
  19              		.eabi_attribute 18, 4
  20              		.file	"stm32n6xx_it.c"
  21              		.text
  22              	.Ltext0:
  23              		.cfi_sections	.debug_frame
  24              		.file 1 "Src/stm32n6xx_it.c"
  25              		.section	.text.fault_print,"ax",%progbits
  26              		.align	1
  27              		.syntax unified
  28              		.thumb
  29              		.thumb_func
  31              	fault_print:
  32              	.LVL0:
  33              	.LFB884:
   1:Src/stm32n6xx_it.c ****  /**
   2:Src/stm32n6xx_it.c ****  ******************************************************************************
   3:Src/stm32n6xx_it.c ****  * @file    stm32n6xx_it.c
   4:Src/stm32n6xx_it.c ****  * @author  GPM Application Team
   5:Src/stm32n6xx_it.c ****  *
   6:Src/stm32n6xx_it.c ****  ******************************************************************************
   7:Src/stm32n6xx_it.c ****  * @attention
   8:Src/stm32n6xx_it.c ****  *
   9:Src/stm32n6xx_it.c ****  * Copyright (c) 2023 STMicroelectronics.
  10:Src/stm32n6xx_it.c ****  * All rights reserved.
  11:Src/stm32n6xx_it.c ****  *
  12:Src/stm32n6xx_it.c ****  * This software is licensed under terms that can be found in the LICENSE file
  13:Src/stm32n6xx_it.c ****  * in the root directory of this software component.
  14:Src/stm32n6xx_it.c ****  * If no LICENSE file comes with this software, it is provided AS-IS.
  15:Src/stm32n6xx_it.c ****  *
  16:Src/stm32n6xx_it.c ****  ******************************************************************************
  17:Src/stm32n6xx_it.c ****  */
  18:Src/stm32n6xx_it.c **** 
  19:Src/stm32n6xx_it.c **** /* Includes ------------------------------------------------------------------*/
  20:Src/stm32n6xx_it.c **** #include "stm32n6xx_hal.h"
  21:Src/stm32n6xx_it.c **** #include "stm32n6xx_it.h"
  22:Src/stm32n6xx_it.c **** #include "cmw_camera.h"
  23:Src/stm32n6xx_it.c **** #include <string.h>
  24:Src/stm32n6xx_it.c **** 
  25:Src/stm32n6xx_it.c **** extern UART_HandleTypeDef huart1;
ARM GAS  /tmp/ccBFJUyR.s 			page 2


  26:Src/stm32n6xx_it.c **** 
  27:Src/stm32n6xx_it.c **** static void fault_print(const char *msg)
  28:Src/stm32n6xx_it.c **** {
  34              		.loc 1 28 1 view -0
  35              		.cfi_startproc
  36              		@ args = 0, pretend = 0, frame = 0
  37              		@ frame_needed = 0, uses_anonymous_args = 0
  29:Src/stm32n6xx_it.c ****   HAL_UART_Transmit(&huart1, (uint8_t *)msg, strlen(msg), 5000);
  38              		.loc 1 29 3 view .LVU1
  28:Src/stm32n6xx_it.c ****   HAL_UART_Transmit(&huart1, (uint8_t *)msg, strlen(msg), 5000);
  39              		.loc 1 28 1 is_stmt 0 view .LVU2
  40 0000 10B5     		push	{r4, lr}
  41              		.cfi_def_cfa_offset 8
  42              		.cfi_offset 4, -8
  43              		.cfi_offset 14, -4
  28:Src/stm32n6xx_it.c ****   HAL_UART_Transmit(&huart1, (uint8_t *)msg, strlen(msg), 5000);
  44              		.loc 1 28 1 view .LVU3
  45 0002 0446     		mov	r4, r0
  46              		.loc 1 29 46 view .LVU4
  47 0004 FFF7FEFF 		bl	strlen
  48              	.LVL1:
  49              		.loc 1 29 3 discriminator 1 view .LVU5
  50 0008 2146     		mov	r1, r4
  30:Src/stm32n6xx_it.c **** }
  51              		.loc 1 30 1 view .LVU6
  52 000a BDE81040 		pop	{r4, lr}
  53              		.cfi_restore 14
  54              		.cfi_restore 4
  55              		.cfi_def_cfa_offset 0
  56              	.LVL2:
  29:Src/stm32n6xx_it.c ****   HAL_UART_Transmit(&huart1, (uint8_t *)msg, strlen(msg), 5000);
  57              		.loc 1 29 3 discriminator 1 view .LVU7
  58 000e 82B2     		uxth	r2, r0
  59 0010 41F28833 		movw	r3, #5000
  60 0014 0148     		ldr	r0, .L2
  61 0016 FFF7FEBF 		b	HAL_UART_Transmit
  62              	.LVL3:
  63              	.L3:
  29:Src/stm32n6xx_it.c ****   HAL_UART_Transmit(&huart1, (uint8_t *)msg, strlen(msg), 5000);
  64              		.loc 1 29 3 discriminator 1 view .LVU8
  65 001a 00BF     		.align	2
  66              	.L2:
  67 001c 00000000 		.word	huart1
  68              		.cfi_endproc
  69              	.LFE884:
  71              		.section	.text.NMI_Handler,"ax",%progbits
  72              		.align	1
  73              		.global	NMI_Handler
  74              		.syntax unified
  75              		.thumb
  76              		.thumb_func
  78              	NMI_Handler:
  79              	.LFB898:
  80              		.cfi_startproc
  31:Src/stm32n6xx_it.c **** 
  32:Src/stm32n6xx_it.c **** /**
  33:Src/stm32n6xx_it.c ****   * @brief   This function handles NMI exception.
ARM GAS  /tmp/ccBFJUyR.s 			page 3


  34:Src/stm32n6xx_it.c ****   * @param  None
  35:Src/stm32n6xx_it.c ****   * @retval None
  36:Src/stm32n6xx_it.c ****   */
  37:Src/stm32n6xx_it.c **** void NMI_Handler(void)
  81              		.loc 1 37 6 is_stmt 1 view -0
  82              		@ args = 0, pretend = 0, frame = 0
  83              		@ frame_needed = 0, uses_anonymous_args = 0
  84              		@ link register save eliminated.
  85 0000 7047     		bx	lr
  86              		.cfi_endproc
  87              	.LFE898:
  89              		.section	.rodata.HardFault_Handler.str1.1,"aMS",%progbits,1
  90              	.LC0:
  91 0000 0D0A5B46 		.ascii	"\015\012[FAULT] HardFault!\015\012\000"
  91      41554C54 
  91      5D204861 
  91      72644661 
  91      756C7421 
  92              		.section	.text.HardFault_Handler,"ax",%progbits
  93              		.align	1
  94              		.global	HardFault_Handler
  95              		.syntax unified
  96              		.thumb
  97              		.thumb_func
  99              	HardFault_Handler:
 100              	.LFB886:
  38:Src/stm32n6xx_it.c **** {
  39:Src/stm32n6xx_it.c **** }
  40:Src/stm32n6xx_it.c **** 
  41:Src/stm32n6xx_it.c **** /**
  42:Src/stm32n6xx_it.c ****   * @brief  This function handles Hard Fault exception.
  43:Src/stm32n6xx_it.c ****   * @param  None
  44:Src/stm32n6xx_it.c ****   * @retval None
  45:Src/stm32n6xx_it.c ****   */
  46:Src/stm32n6xx_it.c **** void HardFault_Handler(void)
  47:Src/stm32n6xx_it.c **** {
 101              		.loc 1 47 1 view -0
 102              		.cfi_startproc
 103              		@ Volatile: function does not return.
 104              		@ args = 0, pretend = 0, frame = 0
 105              		@ frame_needed = 0, uses_anonymous_args = 0
  48:Src/stm32n6xx_it.c ****   fault_print("\r\n[FAULT] HardFault!\r\n");
 106              		.loc 1 48 3 view .LVU11
  47:Src/stm32n6xx_it.c ****   fault_print("\r\n[FAULT] HardFault!\r\n");
 107              		.loc 1 47 1 is_stmt 0 view .LVU12
 108 0000 08B5     		push	{r3, lr}
 109              		.cfi_def_cfa_offset 8
 110              		.cfi_offset 3, -8
 111              		.cfi_offset 14, -4
 112              		.loc 1 48 3 view .LVU13
 113 0002 0248     		ldr	r0, .L7
 114 0004 FFF7FEFF 		bl	fault_print
 115              	.LVL4:
 116              	.L6:
  49:Src/stm32n6xx_it.c ****   while (1) {}
 117              		.loc 1 49 3 is_stmt 1 view .LVU14
 118              		.loc 1 49 14 view .LVU15
ARM GAS  /tmp/ccBFJUyR.s 			page 4


 119              		.loc 1 49 9 view .LVU16
 120 0008 FEE7     		b	.L6
 121              	.L8:
 122 000a 00BF     		.align	2
 123              	.L7:
 124 000c 00000000 		.word	.LC0
 125              		.cfi_endproc
 126              	.LFE886:
 128              		.section	.rodata.MemManage_Handler.str1.1,"aMS",%progbits,1
 129              	.LC1:
 130 0000 0D0A5B46 		.ascii	"\015\012[FAULT] MemManage!\015\012\000"
 130      41554C54 
 130      5D204D65 
 130      6D4D616E 
 130      61676521 
 131              		.section	.text.MemManage_Handler,"ax",%progbits
 132              		.align	1
 133              		.global	MemManage_Handler
 134              		.syntax unified
 135              		.thumb
 136              		.thumb_func
 138              	MemManage_Handler:
 139              	.LFB887:
  50:Src/stm32n6xx_it.c **** }
  51:Src/stm32n6xx_it.c **** 
  52:Src/stm32n6xx_it.c **** /**
  53:Src/stm32n6xx_it.c ****   * @brief  This function handles Memory Manage exception.
  54:Src/stm32n6xx_it.c ****   * @param  None
  55:Src/stm32n6xx_it.c ****   * @retval None
  56:Src/stm32n6xx_it.c ****   */
  57:Src/stm32n6xx_it.c **** void MemManage_Handler(void)
  58:Src/stm32n6xx_it.c **** {
 140              		.loc 1 58 1 view -0
 141              		.cfi_startproc
 142              		@ Volatile: function does not return.
 143              		@ args = 0, pretend = 0, frame = 0
 144              		@ frame_needed = 0, uses_anonymous_args = 0
  59:Src/stm32n6xx_it.c ****   fault_print("\r\n[FAULT] MemManage!\r\n");
 145              		.loc 1 59 3 view .LVU18
  58:Src/stm32n6xx_it.c ****   fault_print("\r\n[FAULT] MemManage!\r\n");
 146              		.loc 1 58 1 is_stmt 0 view .LVU19
 147 0000 08B5     		push	{r3, lr}
 148              		.cfi_def_cfa_offset 8
 149              		.cfi_offset 3, -8
 150              		.cfi_offset 14, -4
 151              		.loc 1 59 3 view .LVU20
 152 0002 0248     		ldr	r0, .L11
 153 0004 FFF7FEFF 		bl	fault_print
 154              	.LVL5:
 155              	.L10:
  60:Src/stm32n6xx_it.c ****   while (1) {}
 156              		.loc 1 60 3 is_stmt 1 view .LVU21
 157              		.loc 1 60 14 view .LVU22
 158              		.loc 1 60 9 view .LVU23
 159 0008 FEE7     		b	.L10
 160              	.L12:
 161 000a 00BF     		.align	2
ARM GAS  /tmp/ccBFJUyR.s 			page 5


 162              	.L11:
 163 000c 00000000 		.word	.LC1
 164              		.cfi_endproc
 165              	.LFE887:
 167              		.section	.rodata.BusFault_Handler.str1.1,"aMS",%progbits,1
 168              	.LC2:
 169 0000 0D0A5B46 		.ascii	"\015\012[FAULT] BusFault!\015\012\000"
 169      41554C54 
 169      5D204275 
 169      73466175 
 169      6C74210D 
 170              		.section	.text.BusFault_Handler,"ax",%progbits
 171              		.align	1
 172              		.global	BusFault_Handler
 173              		.syntax unified
 174              		.thumb
 175              		.thumb_func
 177              	BusFault_Handler:
 178              	.LFB888:
  61:Src/stm32n6xx_it.c **** }
  62:Src/stm32n6xx_it.c **** 
  63:Src/stm32n6xx_it.c **** /**
  64:Src/stm32n6xx_it.c ****   * @brief  This function handles Bus Fault exception.
  65:Src/stm32n6xx_it.c ****   * @param  None
  66:Src/stm32n6xx_it.c ****   * @retval None
  67:Src/stm32n6xx_it.c ****   */
  68:Src/stm32n6xx_it.c **** void BusFault_Handler(void)
  69:Src/stm32n6xx_it.c **** {
 179              		.loc 1 69 1 view -0
 180              		.cfi_startproc
 181              		@ Volatile: function does not return.
 182              		@ args = 0, pretend = 0, frame = 0
 183              		@ frame_needed = 0, uses_anonymous_args = 0
  70:Src/stm32n6xx_it.c ****   fault_print("\r\n[FAULT] BusFault!\r\n");
 184              		.loc 1 70 3 view .LVU25
  69:Src/stm32n6xx_it.c ****   fault_print("\r\n[FAULT] BusFault!\r\n");
 185              		.loc 1 69 1 is_stmt 0 view .LVU26
 186 0000 08B5     		push	{r3, lr}
 187              		.cfi_def_cfa_offset 8
 188              		.cfi_offset 3, -8
 189              		.cfi_offset 14, -4
 190              		.loc 1 70 3 view .LVU27
 191 0002 0248     		ldr	r0, .L15
 192 0004 FFF7FEFF 		bl	fault_print
 193              	.LVL6:
 194              	.L14:
  71:Src/stm32n6xx_it.c ****   while (1) {}
 195              		.loc 1 71 3 is_stmt 1 view .LVU28
 196              		.loc 1 71 14 view .LVU29
 197              		.loc 1 71 9 view .LVU30
 198 0008 FEE7     		b	.L14
 199              	.L16:
 200 000a 00BF     		.align	2
 201              	.L15:
 202 000c 00000000 		.word	.LC2
 203              		.cfi_endproc
 204              	.LFE888:
ARM GAS  /tmp/ccBFJUyR.s 			page 6


 206              		.section	.rodata.UsageFault_Handler.str1.1,"aMS",%progbits,1
 207              	.LC3:
 208 0000 0D0A5B46 		.ascii	"\015\012[FAULT] UsageFault!\015\012\000"
 208      41554C54 
 208      5D205573 
 208      61676546 
 208      61756C74 
 209              		.section	.text.UsageFault_Handler,"ax",%progbits
 210              		.align	1
 211              		.global	UsageFault_Handler
 212              		.syntax unified
 213              		.thumb
 214              		.thumb_func
 216              	UsageFault_Handler:
 217              	.LFB889:
  72:Src/stm32n6xx_it.c **** }
  73:Src/stm32n6xx_it.c **** 
  74:Src/stm32n6xx_it.c **** /**
  75:Src/stm32n6xx_it.c ****   * @brief  This function handles Usage Fault exception.
  76:Src/stm32n6xx_it.c ****   * @param  None
  77:Src/stm32n6xx_it.c ****   * @retval None
  78:Src/stm32n6xx_it.c ****   */
  79:Src/stm32n6xx_it.c **** void UsageFault_Handler(void)
  80:Src/stm32n6xx_it.c **** {
 218              		.loc 1 80 1 view -0
 219              		.cfi_startproc
 220              		@ Volatile: function does not return.
 221              		@ args = 0, pretend = 0, frame = 0
 222              		@ frame_needed = 0, uses_anonymous_args = 0
  81:Src/stm32n6xx_it.c ****   fault_print("\r\n[FAULT] UsageFault!\r\n");
 223              		.loc 1 81 3 view .LVU32
  80:Src/stm32n6xx_it.c ****   fault_print("\r\n[FAULT] UsageFault!\r\n");
 224              		.loc 1 80 1 is_stmt 0 view .LVU33
 225 0000 08B5     		push	{r3, lr}
 226              		.cfi_def_cfa_offset 8
 227              		.cfi_offset 3, -8
 228              		.cfi_offset 14, -4
 229              		.loc 1 81 3 view .LVU34
 230 0002 0248     		ldr	r0, .L19
 231 0004 FFF7FEFF 		bl	fault_print
 232              	.LVL7:
 233              	.L18:
  82:Src/stm32n6xx_it.c ****   while (1) {}
 234              		.loc 1 82 3 is_stmt 1 view .LVU35
 235              		.loc 1 82 14 view .LVU36
 236              		.loc 1 82 9 view .LVU37
 237 0008 FEE7     		b	.L18
 238              	.L20:
 239 000a 00BF     		.align	2
 240              	.L19:
 241 000c 00000000 		.word	.LC3
 242              		.cfi_endproc
 243              	.LFE889:
 245              		.section	.rodata.SecureFault_Handler.str1.1,"aMS",%progbits,1
 246              	.LC4:
 247 0000 0D0A5B46 		.ascii	"\015\012[FAULT] SecureFault!\015\012\000"
 247      41554C54 
ARM GAS  /tmp/ccBFJUyR.s 			page 7


 247      5D205365 
 247      63757265 
 247      4661756C 
 248              		.section	.text.SecureFault_Handler,"ax",%progbits
 249              		.align	1
 250              		.global	SecureFault_Handler
 251              		.syntax unified
 252              		.thumb
 253              		.thumb_func
 255              	SecureFault_Handler:
 256              	.LFB890:
  83:Src/stm32n6xx_it.c **** }
  84:Src/stm32n6xx_it.c **** 
  85:Src/stm32n6xx_it.c **** /**
  86:Src/stm32n6xx_it.c ****   * @brief  This function handles Secure Fault exception.
  87:Src/stm32n6xx_it.c ****   * @param  None
  88:Src/stm32n6xx_it.c ****   * @retval None
  89:Src/stm32n6xx_it.c ****   */
  90:Src/stm32n6xx_it.c **** void SecureFault_Handler(void)
  91:Src/stm32n6xx_it.c **** {
 257              		.loc 1 91 1 view -0
 258              		.cfi_startproc
 259              		@ Volatile: function does not return.
 260              		@ args = 0, pretend = 0, frame = 0
 261              		@ frame_needed = 0, uses_anonymous_args = 0
  92:Src/stm32n6xx_it.c ****   fault_print("\r\n[FAULT] SecureFault!\r\n");
 262              		.loc 1 92 3 view .LVU39
  91:Src/stm32n6xx_it.c ****   fault_print("\r\n[FAULT] SecureFault!\r\n");
 263              		.loc 1 91 1 is_stmt 0 view .LVU40
 264 0000 08B5     		push	{r3, lr}
 265              		.cfi_def_cfa_offset 8
 266              		.cfi_offset 3, -8
 267              		.cfi_offset 14, -4
 268              		.loc 1 92 3 view .LVU41
 269 0002 0248     		ldr	r0, .L23
 270 0004 FFF7FEFF 		bl	fault_print
 271              	.LVL8:
 272              	.L22:
  93:Src/stm32n6xx_it.c ****   while (1) {}
 273              		.loc 1 93 3 is_stmt 1 view .LVU42
 274              		.loc 1 93 14 view .LVU43
 275              		.loc 1 93 9 view .LVU44
 276 0008 FEE7     		b	.L22
 277              	.L24:
 278 000a 00BF     		.align	2
 279              	.L23:
 280 000c 00000000 		.word	.LC4
 281              		.cfi_endproc
 282              	.LFE890:
 284              		.section	.text.SVC_Handler,"ax",%progbits
 285              		.align	1
 286              		.global	SVC_Handler
 287              		.syntax unified
 288              		.thumb
 289              		.thumb_func
 291              	SVC_Handler:
 292              	.LFB891:
ARM GAS  /tmp/ccBFJUyR.s 			page 8


  94:Src/stm32n6xx_it.c **** }
  95:Src/stm32n6xx_it.c **** 
  96:Src/stm32n6xx_it.c **** /**
  97:Src/stm32n6xx_it.c ****   * @brief  This function handles SVCall exception.
  98:Src/stm32n6xx_it.c ****   * @param  None
  99:Src/stm32n6xx_it.c ****   * @retval None
 100:Src/stm32n6xx_it.c ****   */
 101:Src/stm32n6xx_it.c **** void SVC_Handler(void)
 102:Src/stm32n6xx_it.c **** {
 293              		.loc 1 102 1 view -0
 294              		.cfi_startproc
 295              		@ args = 0, pretend = 0, frame = 0
 296              		@ frame_needed = 0, uses_anonymous_args = 0
 297              		@ link register save eliminated.
 103:Src/stm32n6xx_it.c **** }
 298              		.loc 1 103 1 view .LVU46
 299 0000 7047     		bx	lr
 300              		.cfi_endproc
 301              	.LFE891:
 303              		.section	.text.DebugMon_Handler,"ax",%progbits
 304              		.align	1
 305              		.global	DebugMon_Handler
 306              		.syntax unified
 307              		.thumb
 308              		.thumb_func
 310              	DebugMon_Handler:
 311              	.LFB892:
 104:Src/stm32n6xx_it.c **** 
 105:Src/stm32n6xx_it.c **** /**
 106:Src/stm32n6xx_it.c ****   * @brief  This function handles Debug Monitor exception.
 107:Src/stm32n6xx_it.c ****   * @param  None
 108:Src/stm32n6xx_it.c ****   * @retval None
 109:Src/stm32n6xx_it.c ****   */
 110:Src/stm32n6xx_it.c **** void DebugMon_Handler(void)
 111:Src/stm32n6xx_it.c **** {
 312              		.loc 1 111 1 view -0
 313              		.cfi_startproc
 314              		@ Volatile: function does not return.
 315              		@ args = 0, pretend = 0, frame = 0
 316              		@ frame_needed = 0, uses_anonymous_args = 0
 317              		@ link register save eliminated.
 318              	.L27:
 112:Src/stm32n6xx_it.c ****   while (1)
 319              		.loc 1 112 3 view .LVU48
 113:Src/stm32n6xx_it.c ****   {
 114:Src/stm32n6xx_it.c ****   }
 320              		.loc 1 114 3 view .LVU49
 112:Src/stm32n6xx_it.c ****   while (1)
 321              		.loc 1 112 9 view .LVU50
 322 0000 FEE7     		b	.L27
 323              		.cfi_endproc
 324              	.LFE892:
 326              		.section	.text.PendSV_Handler,"ax",%progbits
 327              		.align	1
 328              		.global	PendSV_Handler
 329              		.syntax unified
 330              		.thumb
ARM GAS  /tmp/ccBFJUyR.s 			page 9


 331              		.thumb_func
 333              	PendSV_Handler:
 334              	.LFB893:
 115:Src/stm32n6xx_it.c **** }
 116:Src/stm32n6xx_it.c **** 
 117:Src/stm32n6xx_it.c **** /**
 118:Src/stm32n6xx_it.c ****   * @brief  This function handles PendSVC exception.
 119:Src/stm32n6xx_it.c ****   * @param  None
 120:Src/stm32n6xx_it.c ****   * @retval None
 121:Src/stm32n6xx_it.c ****   */
 122:Src/stm32n6xx_it.c **** void PendSV_Handler(void)
 123:Src/stm32n6xx_it.c **** {
 335              		.loc 1 123 1 view -0
 336              		.cfi_startproc
 337              		@ Volatile: function does not return.
 338              		@ args = 0, pretend = 0, frame = 0
 339              		@ frame_needed = 0, uses_anonymous_args = 0
 340              		@ link register save eliminated.
 341              	.L29:
 124:Src/stm32n6xx_it.c ****   while (1)
 342              		.loc 1 124 3 view .LVU52
 125:Src/stm32n6xx_it.c ****   {
 126:Src/stm32n6xx_it.c ****   }
 343              		.loc 1 126 3 view .LVU53
 124:Src/stm32n6xx_it.c ****   while (1)
 344              		.loc 1 124 9 view .LVU54
 345 0000 FEE7     		b	.L29
 346              		.cfi_endproc
 347              	.LFE893:
 349              		.section	.text.SysTick_Handler,"ax",%progbits
 350              		.align	1
 351              		.global	SysTick_Handler
 352              		.syntax unified
 353              		.thumb
 354              		.thumb_func
 356              	SysTick_Handler:
 357              	.LFB894:
 127:Src/stm32n6xx_it.c **** }
 128:Src/stm32n6xx_it.c **** 
 129:Src/stm32n6xx_it.c **** /**
 130:Src/stm32n6xx_it.c ****   * @brief  This function handles SysTick Handler.
 131:Src/stm32n6xx_it.c ****   * @param  None
 132:Src/stm32n6xx_it.c ****   * @retval None
 133:Src/stm32n6xx_it.c ****   */
 134:Src/stm32n6xx_it.c **** void SysTick_Handler(void)
 135:Src/stm32n6xx_it.c **** {
 358              		.loc 1 135 1 view -0
 359              		.cfi_startproc
 360              		@ args = 0, pretend = 0, frame = 0
 361              		@ frame_needed = 0, uses_anonymous_args = 0
 362              		@ link register save eliminated.
 136:Src/stm32n6xx_it.c ****   HAL_IncTick();
 363              		.loc 1 136 3 view .LVU56
 364 0000 FFF7FEBF 		b	HAL_IncTick
 365              	.LVL9:
 366              		.cfi_endproc
 367              	.LFE894:
ARM GAS  /tmp/ccBFJUyR.s 			page 10


 369              		.section	.text.CSI_IRQHandler,"ax",%progbits
 370              		.align	1
 371              		.global	CSI_IRQHandler
 372              		.syntax unified
 373              		.thumb
 374              		.thumb_func
 376              	CSI_IRQHandler:
 377              	.LFB895:
 137:Src/stm32n6xx_it.c **** }
 138:Src/stm32n6xx_it.c **** 
 139:Src/stm32n6xx_it.c **** /******************************************************************************/
 140:Src/stm32n6xx_it.c **** /*                 STM32N6xx Peripherals Interrupt Handlers                   */
 141:Src/stm32n6xx_it.c **** /*  Add here the Interrupt Handler for the used peripheral(s) (PPP), for the  */
 142:Src/stm32n6xx_it.c **** /*  available peripheral interrupt handler's name please refer to the startup */
 143:Src/stm32n6xx_it.c **** /*  file (startup_stm32n6xx.s).                                               */
 144:Src/stm32n6xx_it.c **** /******************************************************************************/
 145:Src/stm32n6xx_it.c **** void CSI_IRQHandler(void)
 146:Src/stm32n6xx_it.c **** {
 378              		.loc 1 146 1 view -0
 379              		.cfi_startproc
 380              		@ args = 0, pretend = 0, frame = 0
 381              		@ frame_needed = 0, uses_anonymous_args = 0
 147:Src/stm32n6xx_it.c ****   DCMIPP_HandleTypeDef *hcamera_dcmipp = CMW_CAMERA_GetDCMIPPHandle();
 382              		.loc 1 147 3 view .LVU58
 146:Src/stm32n6xx_it.c ****   DCMIPP_HandleTypeDef *hcamera_dcmipp = CMW_CAMERA_GetDCMIPPHandle();
 383              		.loc 1 146 1 is_stmt 0 view .LVU59
 384 0000 08B5     		push	{r3, lr}
 385              		.cfi_def_cfa_offset 8
 386              		.cfi_offset 3, -8
 387              		.cfi_offset 14, -4
 388              		.loc 1 147 42 view .LVU60
 389 0002 FFF7FEFF 		bl	CMW_CAMERA_GetDCMIPPHandle
 390              	.LVL10:
 148:Src/stm32n6xx_it.c ****   HAL_DCMIPP_CSI_IRQHandler(hcamera_dcmipp);
 391              		.loc 1 148 3 is_stmt 1 view .LVU61
 149:Src/stm32n6xx_it.c **** }
 392              		.loc 1 149 1 is_stmt 0 view .LVU62
 393 0006 BDE80840 		pop	{r3, lr}
 394              		.cfi_restore 14
 395              		.cfi_restore 3
 396              		.cfi_def_cfa_offset 0
 148:Src/stm32n6xx_it.c ****   HAL_DCMIPP_CSI_IRQHandler(hcamera_dcmipp);
 397              		.loc 1 148 3 view .LVU63
 398 000a FFF7FEBF 		b	HAL_DCMIPP_CSI_IRQHandler
 399              	.LVL11:
 148:Src/stm32n6xx_it.c ****   HAL_DCMIPP_CSI_IRQHandler(hcamera_dcmipp);
 400              		.loc 1 148 3 view .LVU64
 401              		.cfi_endproc
 402              	.LFE895:
 404              		.section	.text.DCMIPP_IRQHandler,"ax",%progbits
 405              		.align	1
 406              		.global	DCMIPP_IRQHandler
 407              		.syntax unified
 408              		.thumb
 409              		.thumb_func
 411              	DCMIPP_IRQHandler:
 412              	.LFB896:
ARM GAS  /tmp/ccBFJUyR.s 			page 11


 150:Src/stm32n6xx_it.c **** 
 151:Src/stm32n6xx_it.c **** void DCMIPP_IRQHandler(void)
 152:Src/stm32n6xx_it.c **** {
 413              		.loc 1 152 1 is_stmt 1 view -0
 414              		.cfi_startproc
 415              		@ args = 0, pretend = 0, frame = 0
 416              		@ frame_needed = 0, uses_anonymous_args = 0
 153:Src/stm32n6xx_it.c ****   DCMIPP_HandleTypeDef *hcamera_dcmipp = CMW_CAMERA_GetDCMIPPHandle();
 417              		.loc 1 153 3 view .LVU66
 152:Src/stm32n6xx_it.c ****   DCMIPP_HandleTypeDef *hcamera_dcmipp = CMW_CAMERA_GetDCMIPPHandle();
 418              		.loc 1 152 1 is_stmt 0 view .LVU67
 419 0000 08B5     		push	{r3, lr}
 420              		.cfi_def_cfa_offset 8
 421              		.cfi_offset 3, -8
 422              		.cfi_offset 14, -4
 423              		.loc 1 153 42 view .LVU68
 424 0002 FFF7FEFF 		bl	CMW_CAMERA_GetDCMIPPHandle
 425              	.LVL12:
 154:Src/stm32n6xx_it.c ****   HAL_DCMIPP_IRQHandler(hcamera_dcmipp);
 426              		.loc 1 154 3 is_stmt 1 view .LVU69
 155:Src/stm32n6xx_it.c **** }
 427              		.loc 1 155 1 is_stmt 0 view .LVU70
 428 0006 BDE80840 		pop	{r3, lr}
 429              		.cfi_restore 14
 430              		.cfi_restore 3
 431              		.cfi_def_cfa_offset 0
 154:Src/stm32n6xx_it.c ****   HAL_DCMIPP_IRQHandler(hcamera_dcmipp);
 432              		.loc 1 154 3 view .LVU71
 433 000a FFF7FEBF 		b	HAL_DCMIPP_IRQHandler
 434              	.LVL13:
 154:Src/stm32n6xx_it.c ****   HAL_DCMIPP_IRQHandler(hcamera_dcmipp);
 435              		.loc 1 154 3 view .LVU72
 436              		.cfi_endproc
 437              	.LFE896:
 439              		.text
 440              	.Letext0:
 441              		.file 2 "/home/min/snap/code/235/.local/share/stm32cube/bundles/gnu-tools-for-stm32/14.3.1+st.2/li
 442              		.file 3 "/home/min/snap/code/235/.local/share/stm32cube/bundles/gnu-tools-for-stm32/14.3.1+st.2/ar
 443              		.file 4 "/home/min/snap/code/235/.local/share/stm32cube/bundles/gnu-tools-for-stm32/14.3.1+st.2/ar
 444              		.file 5 "../../STM32Cube_FW_N6/Drivers/CMSIS/Device/ST/STM32N6xx/Include/stm32n657xx.h"
 445              		.file 6 "../../STM32Cube_FW_N6/Drivers/STM32N6xx_HAL_Driver/Inc/stm32n6xx_hal_def.h"
 446              		.file 7 "../../STM32Cube_FW_N6/Drivers/STM32N6xx_HAL_Driver/Inc/stm32n6xx_hal_dma.h"
 447              		.file 8 "../../STM32Cube_FW_N6/Drivers/STM32N6xx_HAL_Driver/Inc/stm32n6xx_hal_dma_ex.h"
 448              		.file 9 "../../STM32Cube_FW_N6/Drivers/STM32N6xx_HAL_Driver/Inc/stm32n6xx_hal_dcmipp.h"
 449              		.file 10 "../../STM32Cube_FW_N6/Drivers/STM32N6xx_HAL_Driver/Inc/stm32n6xx_hal_uart.h"
 450              		.file 11 "../../Middlewares/stm32-mw-camera/cmw_camera.h"
 451              		.file 12 "/home/min/snap/code/235/.local/share/stm32cube/bundles/gnu-tools-for-stm32/14.3.1+st.2/a
 452              		.file 13 "../../STM32Cube_FW_N6/Drivers/STM32N6xx_HAL_Driver/Inc/stm32n6xx_hal.h"
ARM GAS  /tmp/ccBFJUyR.s 			page 12


DEFINED SYMBOLS
                            *ABS*:00000000 stm32n6xx_it.c
     /tmp/ccBFJUyR.s:26     .text.fault_print:00000000 $t
     /tmp/ccBFJUyR.s:31     .text.fault_print:00000000 fault_print
     /tmp/ccBFJUyR.s:67     .text.fault_print:0000001c $d
     /tmp/ccBFJUyR.s:72     .text.NMI_Handler:00000000 $t
     /tmp/ccBFJUyR.s:78     .text.NMI_Handler:00000000 NMI_Handler
     /tmp/ccBFJUyR.s:93     .text.HardFault_Handler:00000000 $t
     /tmp/ccBFJUyR.s:99     .text.HardFault_Handler:00000000 HardFault_Handler
     /tmp/ccBFJUyR.s:124    .text.HardFault_Handler:0000000c $d
     /tmp/ccBFJUyR.s:132    .text.MemManage_Handler:00000000 $t
     /tmp/ccBFJUyR.s:138    .text.MemManage_Handler:00000000 MemManage_Handler
     /tmp/ccBFJUyR.s:163    .text.MemManage_Handler:0000000c $d
     /tmp/ccBFJUyR.s:171    .text.BusFault_Handler:00000000 $t
     /tmp/ccBFJUyR.s:177    .text.BusFault_Handler:00000000 BusFault_Handler
     /tmp/ccBFJUyR.s:202    .text.BusFault_Handler:0000000c $d
     /tmp/ccBFJUyR.s:210    .text.UsageFault_Handler:00000000 $t
     /tmp/ccBFJUyR.s:216    .text.UsageFault_Handler:00000000 UsageFault_Handler
     /tmp/ccBFJUyR.s:241    .text.UsageFault_Handler:0000000c $d
     /tmp/ccBFJUyR.s:249    .text.SecureFault_Handler:00000000 $t
     /tmp/ccBFJUyR.s:255    .text.SecureFault_Handler:00000000 SecureFault_Handler
     /tmp/ccBFJUyR.s:280    .text.SecureFault_Handler:0000000c $d
     /tmp/ccBFJUyR.s:285    .text.SVC_Handler:00000000 $t
     /tmp/ccBFJUyR.s:291    .text.SVC_Handler:00000000 SVC_Handler
     /tmp/ccBFJUyR.s:304    .text.DebugMon_Handler:00000000 $t
     /tmp/ccBFJUyR.s:310    .text.DebugMon_Handler:00000000 DebugMon_Handler
     /tmp/ccBFJUyR.s:327    .text.PendSV_Handler:00000000 $t
     /tmp/ccBFJUyR.s:333    .text.PendSV_Handler:00000000 PendSV_Handler
     /tmp/ccBFJUyR.s:350    .text.SysTick_Handler:00000000 $t
     /tmp/ccBFJUyR.s:356    .text.SysTick_Handler:00000000 SysTick_Handler
     /tmp/ccBFJUyR.s:370    .text.CSI_IRQHandler:00000000 $t
     /tmp/ccBFJUyR.s:376    .text.CSI_IRQHandler:00000000 CSI_IRQHandler
     /tmp/ccBFJUyR.s:405    .text.DCMIPP_IRQHandler:00000000 $t
     /tmp/ccBFJUyR.s:411    .text.DCMIPP_IRQHandler:00000000 DCMIPP_IRQHandler
                           .group:00000000 wm4.0.0340b1c6b35792986b320b0caf0e6143
                           .group:00000000 wm4.stm32n6xx_hal_conf.h.21.e6f895f5dec93fd886896ef3aa220611
                           .group:00000000 wm4.stddef.h.39.811583f327f35b0df7808fda70b062a0
                           .group:00000000 wm4.arm_cmse.h.103.a0d15a79c4c9a67da8d5831704d7248e
                           .group:00000000 wm4.stm32n6xx.h.34.c523a1ffdf274a69e8802892c6776332
                           .group:00000000 wm4.stm32n657xx.h.26.acd272cb67318cc1a4791ce2f0720ca6
                           .group:00000000 wm4._newlib_version.h.4.0eb654b64686e2bd29646258853f6c22
                           .group:00000000 wm4.features.h.33.d554620bb17bd3b714c3fb5c268772bc
                           .group:00000000 wm4._default_types.h.15.247e5cd201eca3442cbf5404108c4935
                           .group:00000000 wm4._intsup.h.10.48bafbb683905c4daa4565a85aeeb264
                           .group:00000000 wm4._stdint.h.10.c24fa3af3bc1706662bb5593a907e841
                           .group:00000000 wm4.stdint.h.23.d53047a68f4a85177f80b422d52785ed
                           .group:00000000 wm4.cmsis_version.h.30.d128735bf87720f7436b74fefeb5043c
                           .group:00000000 wm4.core_cm55.h.67.25006a3ce7048d64bcddd2996d5fac93
                           .group:00000000 wm4.arm_acle.h.28.a0697f530ff2dbf8c463bef049b82760
                           .group:00000000 wm4.cmsis_gcc.h.39.eba7438bc45fd1a6e6376b63ffe44436
                           .group:00000000 wm4.cmsis_gcc_m.h.24.e590ec51aeda3a1242400351d73f5dce
                           .group:00000000 wm4.core_cm55.h.213.0528f46a674315ef8d35c4477e230358
                           .group:00000000 wm4.armv8m_mpu.h.24.bf28cc25bee30a7ff9d2f7a44a5e2230
                           .group:00000000 wm4.armv8m_pmu.h.24.6ded195d2625055391fd378c0e1d2519
                           .group:00000000 wm4.core_cm55.h.4477.396e822ef855bcfb932819ad48de1c4c
                           .group:00000000 wm4.armv7m_cachel1.h.24.936dd92d6e204a8d0b17d5e4ea4a356e
                           .group:00000000 wm4.stm32n657xx.h.575.78d331c417ec710388ced647138f735f
ARM GAS  /tmp/ccBFJUyR.s 			page 13


                           .group:00000000 wm4.stm32n6xx.h.116.b4247d9785590e7c5ec9234ffb2153bf
                           .group:00000000 wm4.stm32_hal_legacy.h.22.e62aae2fd3ae33360b6781c8a72e5b18
                           .group:00000000 wm4.newlib.h.7.decd5b9657e2c5df625d9eac6e10520c
                           .group:00000000 wm4.ieeefp.h.77.99029d7b8220a2cd73dd257e2bbe825d
                           .group:00000000 wm4.config.h.224.10ee1ad185d877c6e334e6581faab44d
                           .group:00000000 wm4._ansi.h.31.de524f58584151836e90d8620a16f8e8
                           .group:00000000 wm4.cdefs.h.49.56fd742369e655e7e8a7e365e706e208
                           .group:00000000 wm4._types.h.20.dd0d04dca3800a0d2a6129b87f3adbb2
                           .group:00000000 wm4.stddef.h.173.4903093a50a8482cb062b176ea61fac3
                           .group:00000000 wm4._types.h.127.3bdfe3ff8ea2d0985b03d9cbe93480e3
                           .group:00000000 wm4.reent.h.18.25503cdc8b7e55dd0d6ea7b3e5af7a03
                           .group:00000000 wm4.lock.h.2.1461d1fff82dffe8bfddc23307f6484f
                           .group:00000000 wm4.reent.h.78.6d702f69a6d6435d2dbe915b10150b1a
                           .group:00000000 wm4.math.h.13.47cfc34cae8a1153323939c4d32cf7c2
                           .group:00000000 wm4.stm32n6xx_hal_def.h.63.3a8f01490e8852464e9fcb69092e9c75
                           .group:00000000 wm4.stm32n6xx_ll_bus.h.38.2366a295ee4cdb04833997d3787fcd2d
                           .group:00000000 wm4.stm32n6xx_ll_rcc.h.21.656bd5637db608589ad16ea57d39430c
                           .group:00000000 wm4.stm32n6xx_hal_rcc.h.194.69b522b1afdf59a82d05a1f71efe03c7
                           .group:00000000 wm4.stm32n6xx_hal_rcc_ex.h.21.cc6be0a7d168882a1a6f470236ba784c
                           .group:00000000 wm4.stm32n6xx_hal_rcc.h.4361.4b490a4a19722e68c21f88cb8a774a30
                           .group:00000000 wm4.stm32n6xx_hal_gpio.h.21.89d54af663b98eb8fc098192053f7eeb
                           .group:00000000 wm4.stm32n6xx_hal_gpio_ex.h.22.f7e795fb05a69a19b87d946b47c8db8b
                           .group:00000000 wm4.stm32n6xx_hal_rif.h.21.33f2c553a8a3fc14dca8c470b213ab19
                           .group:00000000 wm4.stm32n6xx_hal_dma.h.21.61e48c5c2e8d25d22177834b232fe45c
                           .group:00000000 wm4.stm32n6xx_hal_dma_ex.h.21.82f854ecdb6a463b06d0b4e5c217c368
                           .group:00000000 wm4.stm32n6xx_hal_dma.h.1020.87e2180c009560b617c1f8208140c950
                           .group:00000000 wm4.stm32n6xx_hal_cortex.h.21.f493623cc58f9454ab4eae41e395c5cc
                           .group:00000000 wm4.stm32n6xx_hal_bsec.h.21.1ee89319140541f82434908b4267aa30
                           .group:00000000 wm4.stm32n6xx_hal_dcmipp.h.21.e2b87dce83d7d722d696a597f6ac56bf
                           .group:00000000 wm4.stm32n6xx_hal_dma2d.h.21.75c8d46cdbb72970123b3f34ae2043d7
                           .group:00000000 wm4.stm32n6xx_hal_exti.h.21.e0efb23591051684dc14f1f2431c6aab
                           .group:00000000 wm4.stm32n6xx_hal_i2c.h.21.3f483626ff64c5bf027265bb2e1d1331
                           .group:00000000 wm4.stm32n6xx_hal_i2c_ex.h.21.79e9196c22282cdaf6b4047893638c45
                           .group:00000000 wm4.stm32n6xx_hal_i2c.h.741.1084702632703acc669e4282b3043372
                           .group:00000000 wm4.stm32n6xx_hal_ltdc.h.21.ae1eb09930e7e550e48e418ac5849e4d
                           .group:00000000 wm4.stm32n6xx_hal_ltdc.h.1002.b13ede7fc94ed5ad1c6768a157d2149a
                           .group:00000000 wm4.stm32n6xx_hal_pwr.h.21.cdb73e4869c3fed3fc84f901ec0e5f0a
                           .group:00000000 wm4.stm32n6xx_hal_pwr_ex.h.21.1a673224a58b0c1e5fad8eeda6514208
                           .group:00000000 wm4.stm32n6xx_hal_ramcfg.h.21.a62dfbb4d2c14e9a8c634a215e37bd3d
                           .group:00000000 wm4.stm32n6xx_hal_uart.h.21.230f549bfa0d5ebfd77bfb311b2aca15
                           .group:00000000 wm4.stm32n6xx_hal_uart_ex.h.21.a0d5511e1d0703b7b5278c8f5472b96d
                           .group:00000000 wm4.stm32n6xx_hal_xspi.h.21.7fd922d3bdb871475cf18436a68935bb
                           .group:00000000 wm4.stm32n6xx_hal_cacheaxi.h.21.7c3375b7903ec42376e4883320997f74
                           .group:00000000 wm4.stm32n6xx_hal.h.81.e79d59262ba173c33cf1d69281830d15
                           .group:00000000 wm4.cmw_errno.h.21.91021ac9b2627a1ce6b8517d105715d1
                           .group:00000000 wm4.stm32n6570_discovery_conf.h.21.f52c8202689527a3dc0d9c6cba9c0416
                           .group:00000000 wm4.stm32n6570_discovery_errno.h.22.80e523b09444a11ebe4b6e24ae914f0e
                           .group:00000000 wm4.stm32n6570_discovery_bus.h.62.3b5b2c6837f7adeb489604fa214cd371
                           .group:00000000 wm4.cmw_camera_conf.h.44.2cf1f5f6faa562b7e26aecd266b787f4
                           .group:00000000 wm4.isp_conf.h.21.f38432dbfef47e2ce2a64e60ef6a2d79
                           .group:00000000 wm4.stdio.h.27.3fc80220048df77954e38daec3bb9670
                           .group:00000000 wm4.stddef.h.173.1cea4f16a943c8e875db6791959c3141
                           .group:00000000 wm4.stdarg.h.34.3a23a216c0c293b3d2ea2e89281481e6
                           .group:00000000 wm4.stdio.h.47.dc31ec4674d7bcb103c9f08809549f45
                           .group:00000000 wm4.stdio.h.2.4aa87247282eca6c8f36f9de33d8df1a
                           .group:00000000 wm4.stdio.h.87.a1e20d2651f9bfb66e51bfbe849db00a
                           .group:00000000 wm4.stdlib.h.13.4ed386f5c1a80d71e72172885d946ef2
ARM GAS  /tmp/ccBFJUyR.s 			page 14


                           .group:00000000 wm4.alloca.h.8.dfc0c703c47ec3e69746825b17d9e66d
                           .group:00000000 wm4.stdlib.h.56.f4862cfbf4363a1db01842d5bdf72c18
                           .group:00000000 wm4.string.h.8.c4b8571ce60dff2817f43fec8b86aecd
                           .group:00000000 wm4.string.h.177.59a005921fa78485abc80a0267de5752
                           .group:00000000 wm4.stdbool.h.29.c08aa3eec75cf5b9b5003883f43253f0
                           .group:00000000 wm4.isp_core.h.110.8c4344a3506ac8fadc31ee17c3f6f7d7
                           .group:00000000 wm4.cmw_camera.h.33.3e21b0797a1f24d8d61aeb33a948c5cd

UNDEFINED SYMBOLS
strlen
HAL_UART_Transmit
huart1
HAL_IncTick
CMW_CAMERA_GetDCMIPPHandle
HAL_DCMIPP_CSI_IRQHandler
HAL_DCMIPP_IRQHandler
