../../Model/STM32N6570-DK/GRU/gru_network.c:240:6:_stai_gru_network_check	0	static
../../Model/STM32N6570-DK/GRU/gru_network.c:272:18:stai_gru_network_init	24	static
../../Model/STM32N6570-DK/GRU/gru_network.c:314:18:stai_gru_network_deinit	0	static
../../Model/STM32N6570-DK/GRU/gru_network.c:431:6:forward_lite_gru	24	static
../../Model/STM32N6570-DK/GRU/gru_network.c:497:18:stai_gru_network_run	160	static
../../Model/STM32N6570-DK/GRU/gru_network.c:660:11:stai_gru_network_get_context_size	0	static
../../Model/STM32N6570-DK/GRU/gru_network.c:683:18:stai_gru_network_get_activations	12	static
../../Model/STM32N6570-DK/GRU/gru_network.c:698:18:stai_gru_network_get_weights	12	static
../../Model/STM32N6570-DK/GRU/gru_network.c:712:18:stai_gru_network_get_inputs	12	static
../../Model/STM32N6570-DK/GRU/gru_network.c:726:18:stai_gru_network_get_outputs	12	static
../../Model/STM32N6570-DK/GRU/gru_network.c:740:18:stai_gru_network_get_error	0	static
../../Model/STM32N6570-DK/GRU/gru_network.c:751:18:stai_gru_network_get_states	12	static
../../Model/STM32N6570-DK/GRU/gru_network.c:768:18:stai_gru_network_set_activations	16	static
../../Model/STM32N6570-DK/GRU/gru_network.c:798:18:stai_gru_network_set_weights	16	static
../../Model/STM32N6570-DK/GRU/gru_network.c:822:18:stai_gru_network_set_inputs	16	static
../../Model/STM32N6570-DK/GRU/gru_network.c:849:18:stai_gru_network_set_outputs	16	static
../../Model/STM32N6570-DK/GRU/gru_network.c:876:18:stai_gru_network_set_states	8	static
../../Model/STM32N6570-DK/GRU/gru_network.c:890:18:stai_gru_network_set_callback	12	static
