../../Model/STM32N6570-DK/GRU/gru_network.c:272:6:_stai_gru_network_check	12	static
../../Model/STM32N6570-DK/GRU/gru_network.c:304:18:stai_gru_network_init	24	static
../../Model/STM32N6570-DK/GRU/gru_network.c:346:18:stai_gru_network_deinit	0	static
../../Model/STM32N6570-DK/GRU/gru_network.c:1479:6:forward_lite_unpack_9	24	static
../../Model/STM32N6570-DK/GRU/gru_network.c:1489:6:forward_lite_split_11	32	static
../../Model/STM32N6570-DK/GRU/gru_network.c:1505:6:forward_lite_slice_7	24	static
../../Model/STM32N6570-DK/GRU/gru_network.c:1515:6:forward_lite_slice_6	24	static
../../Model/STM32N6570-DK/GRU/gru_network.c:1525:6:forward_lite_slice_5	24	static
../../Model/STM32N6570-DK/GRU/gru_network.c:1535:6:forward_lite_slice_3	24	static
../../Model/STM32N6570-DK/GRU/gru_network.c:1545:6:forward_lite_slice_2	24	static
../../Model/STM32N6570-DK/GRU/gru_network.c:1555:6:forward_lite_eltwise_16	32	static
../../Model/STM32N6570-DK/GRU/gru_network.c:1567:6:forward_lite_eltwise_18	32	static
../../Model/STM32N6570-DK/GRU/gru_network.c:1579:6:forward_lite_eltwise_19	32	static
../../Model/STM32N6570-DK/GRU/gru_network.c:1591:6:forward_lite_slice_1	24	static
../../Model/STM32N6570-DK/GRU/gru_network.c:1601:6:forward_lite_eltwise_12	32	static
../../Model/STM32N6570-DK/GRU/gru_network.c:1613:6:forward_lite_eltwise_15	32	static
../../Model/STM32N6570-DK/GRU/gru_network.c:1625:6:forward_lite_eltwise_21	32	static
../../Model/STM32N6570-DK/GRU/gru_network.c:1637:6:forward_lite_eltwise_14	32	static
../../Model/STM32N6570-DK/GRU/gru_network.c:1649:6:forward_lite_eltwise_22	32	static
../../Model/STM32N6570-DK/GRU/gru_network.c:1661:6:forward_lite_unpack_24	24	static
../../Model/STM32N6570-DK/GRU/gru_network.c:1671:6:forward_lite_split_26	32	static
../../Model/STM32N6570-DK/GRU/gru_network.c:1687:6:forward_lite_eltwise_31	32	static
../../Model/STM32N6570-DK/GRU/gru_network.c:1699:6:forward_lite_eltwise_33	32	static
../../Model/STM32N6570-DK/GRU/gru_network.c:1711:6:forward_lite_eltwise_34	32	static
../../Model/STM32N6570-DK/GRU/gru_network.c:1723:6:forward_lite_eltwise_27	32	static
../../Model/STM32N6570-DK/GRU/gru_network.c:1735:6:forward_lite_eltwise_30	32	static
../../Model/STM32N6570-DK/GRU/gru_network.c:1747:6:forward_lite_eltwise_36	32	static
../../Model/STM32N6570-DK/GRU/gru_network.c:1759:6:forward_lite_eltwise_29	32	static
../../Model/STM32N6570-DK/GRU/gru_network.c:1771:6:forward_lite_eltwise_37	32	static
../../Model/STM32N6570-DK/GRU/gru_network.c:1835:18:stai_gru_network_run	80	static
../../Model/STM32N6570-DK/GRU/gru_network.c:2226:11:stai_gru_network_get_context_size	0	static
../../Model/STM32N6570-DK/GRU/gru_network.c:2249:18:stai_gru_network_get_activations	12	static
../../Model/STM32N6570-DK/GRU/gru_network.c:2264:18:stai_gru_network_get_weights	12	static
../../Model/STM32N6570-DK/GRU/gru_network.c:2278:18:stai_gru_network_get_inputs	8	static
../../Model/STM32N6570-DK/GRU/gru_network.c:2292:18:stai_gru_network_get_outputs	8	static
../../Model/STM32N6570-DK/GRU/gru_network.c:2306:18:stai_gru_network_get_error	0	static
../../Model/STM32N6570-DK/GRU/gru_network.c:2317:18:stai_gru_network_get_states	12	static
../../Model/STM32N6570-DK/GRU/gru_network.c:2334:18:stai_gru_network_set_activations	16	static
../../Model/STM32N6570-DK/GRU/gru_network.c:2372:18:stai_gru_network_set_weights	16	static
../../Model/STM32N6570-DK/GRU/gru_network.c:2396:18:stai_gru_network_set_inputs	32	static
../../Model/STM32N6570-DK/GRU/gru_network.c:2423:18:stai_gru_network_set_outputs	32	static
../../Model/STM32N6570-DK/GRU/gru_network.c:2450:18:stai_gru_network_set_states	8	static
../../Model/STM32N6570-DK/GRU/gru_network.c:2464:18:stai_gru_network_set_callback	12	static
