Archive member included to satisfy reference by file (symbol)

/home/min/app/ST/STEdgeAI/3.0/Middlewares/ST/AI/Lib/GCC/ARMCortexM55/NetworkRuntime1100_CM55_GCC.a(layers_generic_float.o)
                              network.o (forward_gather)
/home/min/app/ST/STEdgeAI/3.0/Middlewares/ST/AI/Lib/GCC/ARMCortexM55/NetworkRuntime1100_CM55_GCC.a(layers_pad_generic.o)
                              /home/min/app/ST/STEdgeAI/3.0/Middlewares/ST/AI/Lib/GCC/ARMCortexM55/NetworkRuntime1100_CM55_GCC.a(layers_generic_float.o) (forward_pad_8bit_ch1st_3x3_constant)
/home/min/app/ST/STEdgeAI/3.0/Middlewares/ST/AI/Lib/GCC/ARMCortexM55/NetworkRuntime1100_CM55_GCC.a(layers_resize.o)
                              /home/min/app/ST/STEdgeAI/3.0/Middlewares/ST/AI/Lib/GCC/ARMCortexM55/NetworkRuntime1100_CM55_GCC.a(layers_generic_float.o) (forward_resize_nearest_if32of32)
/home/min/app/ST/STEdgeAI/3.0/Middlewares/ST/AI/Lib/GCC/ARMCortexM55/NetworkRuntime1100_CM55_GCC.a(forward_lite_argminmax.o)
                              /home/min/app/ST/STEdgeAI/3.0/Middlewares/ST/AI/Lib/GCC/ARMCortexM55/NetworkRuntime1100_CM55_GCC.a(layers_generic_float.o) (forward_lite_argmax_if32)
/home/min/app/ST/STEdgeAI/3.0/Middlewares/ST/AI/Lib/GCC/ARMCortexM55/NetworkRuntime1100_CM55_GCC.a(forward_lite_conv2d_if32of32wf32.o)
                              network.o (forward_lite_conv2d_if32of32wf32)
/home/min/app/ST/STEdgeAI/3.0/Middlewares/ST/AI/Lib/GCC/ARMCortexM55/NetworkRuntime1100_CM55_GCC.a(lite_argminmax_if32_kernel.o)
                              /home/min/app/ST/STEdgeAI/3.0/Middlewares/ST/AI/Lib/GCC/ARMCortexM55/NetworkRuntime1100_CM55_GCC.a(forward_lite_argminmax.o) (forward_lite_argmax_f32_kernel_ch)
/home/min/app/ST/STEdgeAI/3.0/Middlewares/ST/AI/Lib/GCC/ARMCortexM55/NetworkRuntime1100_CM55_GCC.a(lite_argminmax_is8_kernel.o)
                              /home/min/app/ST/STEdgeAI/3.0/Middlewares/ST/AI/Lib/GCC/ARMCortexM55/NetworkRuntime1100_CM55_GCC.a(forward_lite_argminmax.o) (forward_lite_argmax_s8_kernel)
/home/min/app/ST/STEdgeAI/3.0/Middlewares/ST/AI/Lib/GCC/ARMCortexM55/NetworkRuntime1100_CM55_GCC.a(forward_lite_resize.o)
                              /home/min/app/ST/STEdgeAI/3.0/Middlewares/ST/AI/Lib/GCC/ARMCortexM55/NetworkRuntime1100_CM55_GCC.a(layers_resize.o) (forward_lite_resize_bilinear_if32of32)
/home/min/app/ST/STEdgeAI/3.0/Middlewares/ST/AI/Lib/GCC/ARMCortexM55/NetworkRuntime1100_CM55_GCC.a(forward_lite_upsample.o)
                              /home/min/app/ST/STEdgeAI/3.0/Middlewares/ST/AI/Lib/GCC/ARMCortexM55/NetworkRuntime1100_CM55_GCC.a(layers_generic_float.o) (forward_lite_upsample_bilinear_if32of32)
/home/min/app/ST/STEdgeAI/3.0/Middlewares/ST/AI/Lib/GCC/ARMCortexM55/NetworkRuntime1100_CM55_GCC.a(forward_lite_upsample_generic.o)
                              /home/min/app/ST/STEdgeAI/3.0/Middlewares/ST/AI/Lib/GCC/ARMCortexM55/NetworkRuntime1100_CM55_GCC.a(layers_generic_float.o) (forward_lite_upsample_nearest)
/home/min/app/ST/STEdgeAI/3.0/Middlewares/ST/AI/Lib/GCC/ARMCortexM55/NetworkRuntime1100_CM55_GCC.a(lite_generic_float.o)
                              /home/min/app/ST/STEdgeAI/3.0/Middlewares/ST/AI/Lib/GCC/ARMCortexM55/NetworkRuntime1100_CM55_GCC.a(layers_generic_float.o) (forward_lite_gather_nd)
/home/min/app/ST/STEdgeAI/3.0/Middlewares/ST/AI/Lib/GCC/ARMCortexM55/NetworkRuntime1100_CM55_GCC.a(lite_nl_generic_float.o)
                              network.o (forward_lite_nl_relu_if32of32)
/home/min/app/ST/STEdgeAI/3.0/Middlewares/ST/AI/Lib/GCC/ARMCortexM55/NetworkRuntime1100_CM55_GCC.a(forward_lite_pad_generic.o)
                              /home/min/app/ST/STEdgeAI/3.0/Middlewares/ST/AI/Lib/GCC/ARMCortexM55/NetworkRuntime1100_CM55_GCC.a(layers_pad_generic.o) (forward_lite_pad_8bit_ch1st_3x3_constant_P0022)
/home/min/app/ST/STEdgeAI/3.0/Middlewares/ST/AI/Lib/GCC/ARMCortexM55/NetworkRuntime1100_CM55_GCC.a(st_int8_fill.o)
                              /home/min/app/ST/STEdgeAI/3.0/Middlewares/ST/AI/Lib/GCC/ARMCortexM55/NetworkRuntime1100_CM55_GCC.a(layers_generic_float.o) (st_int8_copy)
/home/min/app/ST/STEdgeAI/3.0/Middlewares/ST/AI/Lib/GCC/ARMCortexM55/NetworkRuntime1100_CM55_GCC.a(ai_math_helpers.o)
                              /home/min/app/ST/STEdgeAI/3.0/Middlewares/ST/AI/Lib/GCC/ARMCortexM55/NetworkRuntime1100_CM55_GCC.a(lite_generic_float.o) (ai_math_sqrt)
/home/min/app/ST/STEdgeAI/3.0/Middlewares/ST/AI/Lib/GCC/ARMCortexM55/NetworkRuntime1100_CM55_GCC.a(ai_datatypes_format.o)
                              /home/min/app/ST/STEdgeAI/3.0/Middlewares/ST/AI/Lib/GCC/ARMCortexM55/NetworkRuntime1100_CM55_GCC.a(layers_generic_float.o) (ai_array_get_byte_size)
/home/min/app/ST/STEdgeAI/3.0/Middlewares/ST/AI/Lib/GCC/ARMCortexM55/NetworkRuntime1100_CM55_GCC.a(core_utils.o)
                              /home/min/app/ST/STEdgeAI/3.0/Middlewares/ST/AI/Lib/GCC/ARMCortexM55/NetworkRuntime1100_CM55_GCC.a(layers_generic_float.o) (core_get_broadcasted_shape)
[...]
Memory Configuration

Name             Origin             Length             Attributes
RAM              0x20000000         0x02000000         xrw
FLASH            0x08000000         0x02000000         xr
*default*        0x00000000         0xffffffff

Linker script and memory map

LOAD /home/min/snap/code/229/.local/share/stm32cube/bundles/gnu-tools-for-stm32/14.3.1+st.2/bin/../lib/gcc/arm-none-eabi/14.3.1/thumb/v8-m.main+dp/hard/crti.o
LOAD /home/min/snap/code/229/.local/share/stm32cube/bundles/gnu-tools-for-stm32/14.3.1+st.2/bin/../lib/gcc/arm-none-eabi/14.3.1/thumb/v8-m.main+dp/hard/crtbegin.o
LOAD /home/min/snap/code/229/.local/share/stm32cube/bundles/gnu-tools-for-stm32/14.3.1+st.2/bin/../lib/gcc/arm-none-eabi/14.3.1/../../../../arm-none-eabi/lib/thumb/v8-m.main+dp/hard/crt0.o
START GROUP
LOAD /home/min/snap/code/229/.local/share/stm32cube/bundles/gnu-tools-for-stm32/14.3.1+st.2/bin/../lib/gcc/arm-none-eabi/14.3.1/../../../../arm-none-eabi/lib/thumb/v8-m.main+dp/hard/libm.a
END GROUP
LOAD sysmem.o
LOAD stedgeai_app_main.o
LOAD startup_stm32xx.o
LOAD network_data.o
LOAD syscalls.o
LOAD network.o
LOAD /home/min/app/ST/STEdgeAI/3.0/Middlewares/ST/AI/Lib/GCC/ARMCortexM55/NetworkRuntime1100_CM55_GCC.a
START GROUP
LOAD /home/min/snap/code/229/.local/share/stm32cube/bundles/gnu-tools-for-stm32/14.3.1+st.2/bin/../lib/gcc/arm-none-eabi/14.3.1/thumb/v8-m.main+dp/hard/libgcc.a
LOAD /home/min/snap/code/229/.local/share/stm32cube/bundles/gnu-tools-for-stm32/14.3.1+st.2/bin/../lib/gcc/arm-none-eabi/14.3.1/../../../../arm-none-eabi/lib/thumb/v8-m.main+dp/hard/libc_nano.a
END GROUP
START GROUP
LOAD /home/min/snap/code/229/.local/share/stm32cube/bundles/gnu-tools-for-stm32/14.3.1+st.2/bin/../lib/gcc/arm-none-eabi/14.3.1/thumb/v8-m.main+dp/hard/libgcc.a
LOAD /home/min/snap/code/229/.local/share/stm32cube/bundles/gnu-tools-for-stm32/14.3.1+st.2/bin/../lib/gcc/arm-none-eabi/14.3.1/../../../../arm-none-eabi/lib/thumb/v8-m.main+dp/hard/libc_nano.a
END GROUP
LOAD /home/min/snap/code/229/.local/share/stm32cube/bundles/gnu-tools-for-stm32/14.3.1+st.2/bin/../lib/gcc/arm-none-eabi/14.3.1/thumb/v8-m.main+dp/hard/crtend.o
LOAD /home/min/snap/code/229/.local/share/stm32cube/bundles/gnu-tools-for-stm32/14.3.1+st.2/bin/../lib/gcc/arm-none-eabi/14.3.1/thumb/v8-m.main+dp/hard/crtn.o
                0x21000000                        _estack = 0x21000000
                0x00002000                        _Min_Heap_Size = 0x2000
                0x00001000                        _Min_Stack_Size = 0x1000

.isr_vector     0x08000000       0x40
                0x08000000                        . = ALIGN (0x4)
 *(.isr_vector)
 .isr_vector    0x08000000       0x40 startup_stm32xx.o
                0x08000000                g_pfnVectors
                0x08000040                        . = ALIGN (0x4)

.text           0x08000040     0x2410
                0x08000040                        . = ALIGN (0x4)
 *(.text)
 .text          0x08000040       0x40 /home/min/snap/code/229/.local/share/stm32cube/bundles/gnu-tools-for-stm32/14.3.1+st.2/bin/../lib/gcc/arm-none-eabi/14.3.1/thumb/v8-m.main+dp/hard/crtbegin.o
 *(.text*)
 .text.aiInit   0x08000080       0x50 stedgeai_app_main.o
                0x08000080                aiInit
 .text.aiRun    0x080000d0        0xc stedgeai_app_main.o
                0x080000d0                aiRun
 .text.main_loop
                0x080000dc        0xc stedgeai_app_main.o
                0x080000dc                main_loop
 .text.SystemInit
                0x080000e8        0x2 stedgeai_app_main.o
                0x080000e8                SystemInit
 .text.startup.main
                0x080000ea        0x6 stedgeai_app_main.o
                0x080000ea                main
 .text.Reset_Handler
                0x080000f0       0x50 startup_stm32xx.o
                0x080000f0                Reset_Handler
 .text.Default_Handler
                0x08000140        0x2 startup_stm32xx.o
                0x08000140                DebugMon_Handler
                0x08000140                HardFault_Handler
                0x08000140                SysTick_Handler
                0x08000140                PendSV_Handler
                0x08000140                NMI_Handler
                0x08000140                UsageFault_Handler
                0x08000140                Default_Handler
                0x08000140                MemManage_Handler
                0x08000140                SVC_Handler
                0x08000140                BusFault_Handler
 .text._stai_network_check
                0x08000142       0x36 network.o
 .text.stai_network_init
                0x08000178       0x38 network.o
                0x08000178                stai_network_init
 .text.forward_lite_input_Transpose
                0x080001b0       0x74 network.o
                0x080001b0                forward_lite_input_Transpose
 .text.forward_lite_add
                0x08000224       0x94 network.o
                0x08000224                forward_lite_add
 .text.forward_lite_add_1
                0x080002b8       0x90 network.o
                0x080002b8                forward_lite_add_1
 .text.forward_lite_add_2
                0x08000348       0x8c network.o
                0x08000348                forward_lite_add_2
 .text.forward_lite_add_3
                0x080003d4       0x94 network.o
                0x080003d4                forward_lite_add_3
 .text.forward_lite_output
                0x08000468       0x94 network.o
                0x08000468                forward_lite_output
 .text.stai_network_run
                0x080004fc      0xa24 network.o
                0x080004fc                stai_network_run
 .text.stai_network_get_activations
                0x08000f20       0x4c network.o
                0x08000f20                stai_network_get_activations
 .text.stai_network_get_inputs
                0x08000f6c       0x4c network.o
                0x08000f6c                stai_network_get_inputs
 .text.stai_network_get_outputs
                0x08000fb8       0x4c network.o
                0x08000fb8                stai_network_get_outputs
 .text.stai_network_set_activations
                0x08001004       0x94 network.o
                0x08001004                stai_network_set_activations
 .text.forward_gather
                0x08001098      0x450 /home/min/app/ST/STEdgeAI/3.0/Middlewares/ST/AI/Lib/GCC/ARMCortexM55/NetworkRuntime1100_CM55_GCC.a(layers_generic_float.o)
                0x08001098                forward_gather
 .text.forward_transpose
                0x080014e8      0x174 /home/min/app/ST/STEdgeAI/3.0/Middlewares/ST/AI/Lib/GCC/ARMCortexM55/NetworkRuntime1100_CM55_GCC.a(layers_generic_float.o)
                0x080014e8                forward_transpose
 .text.forward_eltwise
                0x0800165c      0x250 /home/min/app/ST/STEdgeAI/3.0/Middlewares/ST/AI/Lib/GCC/ARMCortexM55/NetworkRuntime1100_CM55_GCC.a(layers_generic_float.o)
                0x0800165c                forward_eltwise
 .text.forward_lite_conv2d_if32of32wf32
                0x080018ac      0x75c /home/min/app/ST/STEdgeAI/3.0/Middlewares/ST/AI/Lib/GCC/ARMCortexM55/NetworkRuntime1100_CM55_GCC.a(forward_lite_conv2d_if32of32wf32.o)
                0x080018ac                forward_lite_conv2d_if32of32wf32
 .text.forward_lite_nl_relu_if32of32
                0x08002008       0x44 /home/min/app/ST/STEdgeAI/3.0/Middlewares/ST/AI/Lib/GCC/ARMCortexM55/NetworkRuntime1100_CM55_GCC.a(lite_nl_generic_float.o)
                0x08002008                forward_lite_nl_relu_if32of32
 .text.st_int8_copy
                0x0800204c       0xcc /home/min/app/ST/STEdgeAI/3.0/Middlewares/ST/AI/Lib/GCC/ARMCortexM55/NetworkRuntime1100_CM55_GCC.a(st_int8_fill.o)
                0x0800204c                st_int8_copy
 .text.ai_sum_f32
                0x08002118       0x14 /home/min/app/ST/STEdgeAI/3.0/Middlewares/ST/AI/Lib/GCC/ARMCortexM55/NetworkRuntime1100_CM55_GCC.a(ai_math_helpers.o)
                0x08002118                ai_sum_f32
 .text.ai_sum_buffer_f32
                0x0800212c       0xe4 /home/min/app/ST/STEdgeAI/3.0/Middlewares/ST/AI/Lib/GCC/ARMCortexM55/NetworkRuntime1100_CM55_GCC.a(ai_math_helpers.o)
                0x0800212c                ai_sum_buffer_f32
 .text.core_get_broadcasted_shape
                0x08002210       0x54 /home/min/app/ST/STEdgeAI/3.0/Middlewares/ST/AI/Lib/GCC/ARMCortexM55/NetworkRuntime1100_CM55_GCC.a(core_utils.o)
                0x08002210                core_get_broadcasted_shape
 .text.core_compute_offsets
                0x08002264      0x18c /home/min/app/ST/STEdgeAI/3.0/Middlewares/ST/AI/Lib/GCC/ARMCortexM55/NetworkRuntime1100_CM55_GCC.a(core_utils.o)
                0x08002264                core_compute_offsets
 .text.__libc_init_array
                0x080023f0       0x48 /home/min/snap/code/229/.local/share/stm32cube/bundles/gnu-tools-for-stm32/14.3.1+st.2/bin/../lib/gcc/arm-none-eabi/14.3.1/../../../../arm-none-eabi/lib/thumb/v8-m.main+dp/hard/libc_nano.a(libc_a-init.o)
                0x080023f0                __libc_init_array
 *(.glue_7)
 .glue_7        0x08002438        0x0 linker stubs
 *(.glue_7t)
 .glue_7t       0x08002438        0x0 linker stubs
 *(.eh_frame)
 .eh_frame      0x08002438        0x0 /home/min/snap/code/229/.local/share/stm32cube/bundles/gnu-tools-for-stm32/14.3.1+st.2/bin/../lib/gcc/arm-none-eabi/14.3.1/thumb/v8-m.main+dp/hard/crtbegin.o
 *(.init)
 .init          0x08002438        0x4 /home/min/snap/code/229/.local/share/stm32cube/bundles/gnu-tools-for-stm32/14.3.1+st.2/bin/../lib/gcc/arm-none-eabi/14.3.1/thumb/v8-m.main+dp/hard/crti.o
                0x08002438                _init
 .init          0x0800243c        0x8 /home/min/snap/code/229/.local/share/stm32cube/bundles/gnu-tools-for-stm32/14.3.1+st.2/bin/../lib/gcc/arm-none-eabi/14.3.1/thumb/v8-m.main+dp/hard/crtn.o
 *(.fini)
 .fini          0x08002444        0x4 /home/min/snap/code/229/.local/share/stm32cube/bundles/gnu-tools-for-stm32/14.3.1+st.2/bin/../lib/gcc/arm-none-eabi/14.3.1/thumb/v8-m.main+dp/hard/crti.o
                0x08002444                _fini
 .fini          0x08002448        0x8 /home/min/snap/code/229/.local/share/stm32cube/bundles/gnu-tools-for-stm32/14.3.1+st.2/bin/../lib/gcc/arm-none-eabi/14.3.1/thumb/v8-m.main+dp/hard/crtn.o
                0x08002450                        . = ALIGN (0x4)
                0x08002450                        _etext = .

.vfp11_veneer   0x08002450        0x0
 .vfp11_veneer  0x08002450        0x0 linker stubs

.v4_bx          0x08002450        0x0
 .v4_bx         0x08002450        0x0 linker stubs

.iplt           0x08002450        0x0
 .iplt          0x08002450        0x0 /home/min/snap/code/229/.local/share/stm32cube/bundles/gnu-tools-for-stm32/14.3.1+st.2/bin/../lib/gcc/arm-none-eabi/14.3.1/thumb/v8-m.main+dp/hard/crtbegin.o

.rodata         0x08002450    0x837b0
                0x08002450                        . = ALIGN (0x4)
 *(.rodata)
 *(.rodata*)
 .rodata.g_network_weights_array
                0x08002450    0x83750 network_data.o
                0x08002450                g_network_weights_array
 .rodata._network_context.0
                0x08085ba0       0x30 network.o
 .rodata.output_chain
                0x08085bd0        0x8 network.o
 .rodata.add_3_chain
                0x08085bd8        0x8 network.o
 .rodata.add_2_chain
                0x08085be0        0x8 network.o
 .rodata.add_1_chain
                0x08085be8        0x8 network.o
 .rodata.add_chain
                0x08085bf0        0x8 network.o
 .rodata.input_Transpose_chain
                0x08085bf8        0x8 network.o
                0x08085c00                        . = ALIGN (0x4)

.rel.dyn        0x08085c00        0x0
 .rel.iplt      0x08085c00        0x0 /home/min/snap/code/229/.local/share/stm32cube/bundles/gnu-tools-for-stm32/14.3.1+st.2/bin/../lib/gcc/arm-none-eabi/14.3.1/thumb/v8-m.main+dp/hard/crtbegin.o

.ARM.extab      0x08085c00        0x0
                0x08085c00                        . = ALIGN (0x4)
 *(.ARM.extab* .gnu.linkonce.armextab.*)
                0x08085c00                        . = ALIGN (0x4)

.ARM            0x08085c00        0x0
                0x08085c00                        . = ALIGN (0x4)
                0x08085c00                        __exidx_start = .
 *(.ARM.exidx*)
                0x08085c00                        __exidx_end = .
                0x08085c00                        . = ALIGN (0x4)

.preinit_array  0x08085c00        0x0
                0x08085c00                        . = ALIGN (0x4)
                0x08085c00                        PROVIDE (__preinit_array_start = .)
 *(.preinit_array*)
                0x08085c00                        PROVIDE (__preinit_array_end = .)
                0x08085c00                        . = ALIGN (0x4)

.init_array     0x08085c00        0x4
                0x08085c00                        . = ALIGN (0x4)
                0x08085c00                        PROVIDE (__init_array_start = .)
 *(SORT_BY_NAME(.init_array.*))
 *(.init_array*)
 .init_array    0x08085c00        0x4 /home/min/snap/code/229/.local/share/stm32cube/bundles/gnu-tools-for-stm32/14.3.1+st.2/bin/../lib/gcc/arm-none-eabi/14.3.1/thumb/v8-m.main+dp/hard/crtbegin.o
                0x08085c04                        PROVIDE (__init_array_end = .)
                0x08085c04                        . = ALIGN (0x4)

.fini_array     0x08085c04        0x4
                0x08085c04                        . = ALIGN (0x4)
                [!provide]                        PROVIDE (__fini_array_start = .)
 *(SORT_BY_NAME(.fini_array.*))
 *(.fini_array*)
 .fini_array    0x08085c04        0x4 /home/min/snap/code/229/.local/share/stm32cube/bundles/gnu-tools-for-stm32/14.3.1+st.2/bin/../lib/gcc/arm-none-eabi/14.3.1/thumb/v8-m.main+dp/hard/crtbegin.o
                [!provide]                        PROVIDE (__fini_array_end = .)
                0x08085c08                        . = ALIGN (0x4)
                0x08085c08                        _sidata = LOADADDR (.data)

.data           0x20000000      0x760 load address 0x08085c08
                0x20000000                        . = ALIGN (0x4)
                0x20000000                        _sdata = .
 *(.data)
 *(.data*)
 .data.output_layer
                0x20000000       0x24 network.o
 .data.__compound_literal.154
                0x20000024       0x30 network.o
 .data.__compound_literal.151
                0x20000054        0x4 network.o
 .data.__compound_literal.150
                0x20000058        0x8 network.o
 .data.add_3_layer
                0x20000060       0x24 network.o
 .data.__compound_literal.149
                0x20000084       0x30 network.o
 .data.__compound_literal.146
                0x200000b4        0x4 network.o
 .data.__compound_literal.145
                0x200000b8        0x8 network.o
 .data.add_2_layer
                0x200000c0       0x24 network.o
 .data.__compound_literal.144
                0x200000e4       0x30 network.o
 .data.__compound_literal.141
                0x20000114        0x4 network.o
 .data.__compound_literal.140
                0x20000118        0x8 network.o
 .data.add_1_layer
                0x20000120       0x24 network.o
 .data.__compound_literal.139
                0x20000144       0x30 network.o
 .data.__compound_literal.136
                0x20000174        0x4 network.o
 .data.__compound_literal.135
                0x20000178        0x8 network.o
 .data.add_layer
                0x20000180       0x24 network.o
 .data.__compound_literal.134
                0x200001a4       0x30 network.o
 .data.__compound_literal.131
                0x200001d4        0x4 network.o
 .data.__compound_literal.130
                0x200001d8        0x8 network.o
 .data.input_Transpose_layer
                0x200001e0       0x24 network.o
 .data.__compound_literal.129
                0x20000204       0x18 network.o
 .data.__compound_literal.128
                0x2000021c       0x30 network.o
 .data.__compound_literal.125
                0x2000024c        0x4 network.o
 .data.__compound_literal.124
                0x20000250        0x4 network.o
 .data.val_16   0x20000254       0x1c network.o
 .data.__compound_literal.123
                0x20000270       0x10 network.o
 .data.__compound_literal.122
                0x20000280       0x10 network.o
 .data.relu_11_output
                0x20000290       0x1c network.o
 .data.__compound_literal.121
                0x200002ac       0x10 network.o
 .data.__compound_literal.120
                0x200002bc       0x10 network.o
 .data.output_output
                0x200002cc       0x1c network.o
 .data.__compound_literal.119
                0x200002e8       0x10 network.o
 .data.__compound_literal.118
                0x200002f8       0x10 network.o
 .data.relu_10_output
                0x20000308       0x1c network.o
 .data.__compound_literal.117
                0x20000324       0x10 network.o
 .data.__compound_literal.116
                0x20000334       0x10 network.o
 .data.conv1d_10_output
                0x20000344       0x1c network.o
 .data.__compound_literal.115
                0x20000360       0x10 network.o
 .data.__compound_literal.114
                0x20000370       0x10 network.o
 .data.add_3_output
                0x20000380       0x1c network.o
 .data.__compound_literal.113
                0x2000039c       0x10 network.o
 .data.__compound_literal.112
                0x200003ac       0x10 network.o
 .data.relu_7_output
                0x200003bc       0x1c network.o
 .data.__compound_literal.111
                0x200003d8       0x10 network.o
 .data.__compound_literal.110
                0x200003e8       0x10 network.o
 .data.conv1d_7_output
                0x200003f8       0x1c network.o
 .data.__compound_literal.109
                0x20000414       0x10 network.o
 .data.__compound_literal.108
                0x20000424       0x10 network.o
 .data.add_2_output
                0x20000434       0x1c network.o
 .data.__compound_literal.107
                0x20000450       0x10 network.o
 .data.__compound_literal.106
                0x20000460       0x10 network.o
 .data.relu_4_output
                0x20000470       0x1c network.o
 .data.__compound_literal.105
                0x2000048c       0x10 network.o
 .data.__compound_literal.104
                0x2000049c       0x10 network.o
 .data.relu_2_output
                0x200004ac       0x1c network.o
 .data.__compound_literal.103
                0x200004c8       0x10 network.o
 .data.__compound_literal.102
                0x200004d8       0x10 network.o
 .data.add_1_output
                0x200004e8       0x1c network.o
 .data.__compound_literal.101
                0x20000504       0x10 network.o
 .data.__compound_literal.100
                0x20000514       0x10 network.o
 .data.relu_1_output
                0x20000524       0x1c network.o
 .data.__compound_literal.99
                0x20000540       0x10 network.o
 .data.__compound_literal.98
                0x20000550       0x10 network.o
 .data.conv1d_2_output
                0x20000560       0x1c network.o
 .data.__compound_literal.97
                0x2000057c       0x10 network.o
 .data.__compound_literal.96
                0x2000058c       0x10 network.o
 .data.add_output
                0x2000059c       0x1c network.o
 .data.__compound_literal.95
                0x200005b8       0x10 network.o
 .data.__compound_literal.94
                0x200005c8       0x10 network.o
 .data.input_output
                0x200005d8       0x1c network.o
 .data.__compound_literal.93
                0x200005f4       0x10 network.o
 .data.__compound_literal.92
                0x20000604       0x10 network.o
 .data.input_Transpose_output
                0x20000614       0x1c network.o
 .data.__compound_literal.91
                0x20000630       0x10 network.o
 .data.__compound_literal.90
                0x20000640       0x10 network.o
 .data.val_16_array
                0x20000650       0x10 network.o
 .data.output_output_array
                0x20000660       0x10 network.o
 .data.relu_11_output_array
                0x20000670       0x10 network.o
 .data.add_3_output_array
                0x20000680       0x10 network.o
 .data.relu_10_output_array
                0x20000690       0x10 network.o
 .data.conv1d_10_output_array
                0x200006a0       0x10 network.o
 .data.add_2_output_array
                0x200006b0       0x10 network.o
 .data.relu_7_output_array
                0x200006c0       0x10 network.o
 .data.conv1d_7_output_array
                0x200006d0       0x10 network.o
 .data.add_1_output_array
                0x200006e0       0x10 network.o
 .data.relu_4_output_array
                0x200006f0       0x10 network.o
 .data.relu_2_output_array
                0x20000700       0x10 network.o
 .data.add_output_array
                0x20000710       0x10 network.o
 .data.relu_1_output_array
                0x20000720       0x10 network.o
 .data.conv1d_2_output_array
                0x20000730       0x10 network.o
 .data.input_Transpose_output_array
                0x20000740       0x10 network.o
 .data.input_output_array
                0x20000750       0x10 network.o
                0x20000760                        . = ALIGN (0x4)
                0x20000760                        _edata = .

.igot.plt       0x20000760        0x0 load address 0x08086368
 .igot.plt      0x20000760        0x0 /home/min/snap/code/229/.local/share/stm32cube/bundles/gnu-tools-for-stm32/14.3.1+st.2/bin/../lib/gcc/arm-none-eabi/14.3.1/thumb/v8-m.main+dp/hard/crtbegin.o
                0x20000760                        . = ALIGN (0x4)

.bss            0x20000760    0x14488 load address 0x08086368
                0x20000760                        _sbss = .
                0x20000760                        __bss_start__ = _sbss
 *(.bss)
 .bss           0x20000760       0x1c /home/min/snap/code/229/.local/share/stm32cube/bundles/gnu-tools-for-stm32/14.3.1+st.2/bin/../lib/gcc/arm-none-eabi/14.3.1/thumb/v8-m.main+dp/hard/crtbegin.o
 *(.bss*)
 .bss.m_acts    0x2000077c        0x4 stedgeai_app_main.o
 .bss.m_outputs
                0x20000780        0x4 stedgeai_app_main.o
 .bss.m_inputs  0x20000784        0x4 stedgeai_app_main.o
 .bss.activations_1
                0x20000788    0x14400 stedgeai_app_main.o
 .bss.m_network
                0x20014b88       0x30 stedgeai_app_main.o
                0x20014b88                m_network
 .bss.__compound_literal.153
                0x20014bb8        0x4 network.o
 .bss.__compound_literal.152
                0x20014bbc        0x4 network.o
 .bss.__compound_literal.148
                0x20014bc0        0x4 network.o
 .bss.__compound_literal.147
                0x20014bc4        0x4 network.o
 .bss.__compound_literal.143
                0x20014bc8        0x4 network.o
 .bss.__compound_literal.142
                0x20014bcc        0x4 network.o
 .bss.__compound_literal.138
                0x20014bd0        0x4 network.o
 .bss.__compound_literal.137
                0x20014bd4        0x4 network.o
 .bss.__compound_literal.133
                0x20014bd8        0x4 network.o
 .bss.__compound_literal.132
                0x20014bdc        0x4 network.o
 .bss.__compound_literal.127
                0x20014be0        0x4 network.o
 .bss.__compound_literal.126
                0x20014be4        0x4 network.o
 *(COMMON)
                0x20014be8                        . = ALIGN (0x4)
                0x20014be8                        _ebss = .
                0x20014be8                        __bss_end__ = _ebss

._user_heap_stack
                0x20014be8     0x3000 load address 0x08086368
                0x20014be8                        . = ALIGN (0x8)
                [!provide]                        PROVIDE (end = .)
                0x20014be8                        PROVIDE (_end = .)
                0x20016be8                        . = (. + _Min_Heap_Size)
 *fill*         0x20014be8     0x2000 
                0x20017be8                        . = (. + _Min_Stack_Size)
 *fill*         0x20016be8     0x1000 
                0x20017be8                        . = ALIGN (0x8)

/DISCARD/
 libc.a(*)
 libm.a(*)
 libgcc.a(*)

.ARM.attributes
                0x00000000       0x3a
 *(.ARM.attributes)
 .ARM.attributes
                0x00000000       0x24 /home/min/snap/code/229/.local/share/stm32cube/bundles/gnu-tools-for-stm32/14.3.1+st.2/bin/../lib/gcc/arm-none-eabi/14.3.1/thumb/v8-m.main+dp/hard/crti.o
 .ARM.attributes
                0x00000024       0x36 /home/min/snap/code/229/.local/share/stm32cube/bundles/gnu-tools-for-stm32/14.3.1+st.2/bin/../lib/gcc/arm-none-eabi/14.3.1/thumb/v8-m.main+dp/hard/crtbegin.o
 .ARM.attributes
                0x0000005a       0x3e stedgeai_app_main.o
 .ARM.attributes
                0x00000098       0x21 startup_stm32xx.o
 .ARM.attributes
                0x000000b9       0x3e network_data.o
 .ARM.attributes
                0x000000f7       0x3e network.o
 .ARM.attributes
                0x00000135       0x3a /home/min/app/ST/STEdgeAI/3.0/Middlewares/ST/AI/Lib/GCC/ARMCortexM55/NetworkRuntime1100_CM55_GCC.a(layers_generic_float.o)
 .ARM.attributes
                0x0000016f       0x3a /home/min/app/ST/STEdgeAI/3.0/Middlewares/ST/AI/Lib/GCC/ARMCortexM55/NetworkRuntime1100_CM55_GCC.a(forward_lite_conv2d_if32of32wf32.o)
 .ARM.attributes
                0x000001a9       0x3a /home/min/app/ST/STEdgeAI/3.0/Middlewares/ST/AI/Lib/GCC/ARMCortexM55/NetworkRuntime1100_CM55_GCC.a(lite_nl_generic_float.o)
 .ARM.attributes
                0x000001e3       0x3a /home/min/app/ST/STEdgeAI/3.0/Middlewares/ST/AI/Lib/GCC/ARMCortexM55/NetworkRuntime1100_CM55_GCC.a(st_int8_fill.o)
 .ARM.attributes
                0x0000021d       0x3a /home/min/app/ST/STEdgeAI/3.0/Middlewares/ST/AI/Lib/GCC/ARMCortexM55/NetworkRuntime1100_CM55_GCC.a(ai_math_helpers.o)
 .ARM.attributes
                0x00000257       0x3a /home/min/app/ST/STEdgeAI/3.0/Middlewares/ST/AI/Lib/GCC/ARMCortexM55/NetworkRuntime1100_CM55_GCC.a(core_utils.o)
 .ARM.attributes
                0x00000291       0x36 /home/min/snap/code/229/.local/share/stm32cube/bundles/gnu-tools-for-stm32/14.3.1+st.2/bin/../lib/gcc/arm-none-eabi/14.3.1/../../../../arm-none-eabi/lib/thumb/v8-m.main+dp/hard/libc_nano.a(libc_a-init.o)
 .ARM.attributes
                0x000002c7       0x24 /home/min/snap/code/229/.local/share/stm32cube/bundles/gnu-tools-for-stm32/14.3.1+st.2/bin/../lib/gcc/arm-none-eabi/14.3.1/thumb/v8-m.main+dp/hard/crtn.o
OUTPUT(network.elf elf32-littlearm)
LOAD linker stubs
LOAD /home/min/snap/code/229/.local/share/stm32cube/bundles/gnu-tools-for-stm32/14.3.1+st.2/bin/../lib/gcc/arm-none-eabi/14.3.1/../../../../arm-none-eabi/lib/thumb/v8-m.main+dp/hard/libc.a
LOAD /home/min/snap/code/229/.local/share/stm32cube/bundles/gnu-tools-for-stm32/14.3.1+st.2/bin/../lib/gcc/arm-none-eabi/14.3.1/../../../../arm-none-eabi/lib/thumb/v8-m.main+dp/hard/libm.a
LOAD /home/min/snap/code/229/.local/share/stm32cube/bundles/gnu-tools-for-stm32/14.3.1+st.2/bin/../lib/gcc/arm-none-eabi/14.3.1/thumb/v8-m.main+dp/hard/libgcc.a

.debug_info     0x00000000     0x4e76
 .debug_info    0x00000000      0x51b stedgeai_app_main.o
 .debug_info    0x0000051b       0x32 startup_stm32xx.o
 .debug_info    0x0000054d       0xcf network_data.o
 .debug_info    0x0000061c     0x485a network.o

.debug_abbrev   0x00000000      0x62d
 .debug_abbrev  0x00000000      0x1a7 stedgeai_app_main.o
 .debug_abbrev  0x000001a7       0x24 startup_stm32xx.o
 .debug_abbrev  0x000001cb       0x76 network_data.o
 .debug_abbrev  0x00000241      0x3ec network.o

.debug_aranges  0x00000000      0x150
 .debug_aranges
                0x00000000       0x40 stedgeai_app_main.o
 .debug_aranges
                0x00000040       0x28 startup_stm32xx.o
 .debug_aranges
                0x00000068       0x18 network_data.o
 .debug_aranges
                0x00000080       0xd0 network.o

.debug_ranges   0x00000000      0x170
 .debug_ranges  0x00000000       0x30 stedgeai_app_main.o
 .debug_ranges  0x00000030       0x20 startup_stm32xx.o
 .debug_ranges  0x00000050      0x120 network.o

.debug_macro    0x00000000     0x28d1
 .debug_macro   0x00000000      0x1dc stedgeai_app_main.o
 .debug_macro   0x000001dc       0x16 stedgeai_app_main.o
 .debug_macro   0x000001f2       0x9e stedgeai_app_main.o
 .debug_macro   0x00000290      0x112 stedgeai_app_main.o
 .debug_macro   0x000003a2       0x10 stedgeai_app_main.o
 .debug_macro   0x000003b2       0x16 stedgeai_app_main.o
 .debug_macro   0x000003c8       0x16 stedgeai_app_main.o
 .debug_macro   0x000003de      0x170 stedgeai_app_main.o
 .debug_macro   0x0000054e       0x16 stedgeai_app_main.o
 .debug_macro   0x00000564       0x3c stedgeai_app_main.o
 .debug_macro   0x000005a0       0x16 stedgeai_app_main.o
 .debug_macro   0x000005b6       0x29 stedgeai_app_main.o
 .debug_macro   0x000005df       0x16 stedgeai_app_main.o
 .debug_macro   0x000005f5       0x20 stedgeai_app_main.o
 .debug_macro   0x00000615       0x28 stedgeai_app_main.o
 .debug_macro   0x0000063d       0x22 stedgeai_app_main.o
 .debug_macro   0x0000065f       0xab stedgeai_app_main.o
 .debug_macro   0x0000070a       0x10 stedgeai_app_main.o
 .debug_macro   0x0000071a      0x1be stedgeai_app_main.o
 .debug_macro   0x000008d8       0x93 network_data.o
 .debug_macro   0x0000096b       0x8e network_data.o
 .debug_macro   0x000009f9       0x51 network_data.o
 .debug_macro   0x00000a4a      0x66c network.o
 .debug_macro   0x000010b6       0x74 network.o
 .debug_macro   0x0000112a       0x3a network.o
 .debug_macro   0x00001164      0x4cc network.o
 .debug_macro   0x00001630       0x46 network.o
 .debug_macro   0x00001676      0x342 network.o
 .debug_macro   0x000019b8       0x16 network.o
 .debug_macro   0x000019ce       0x10 network.o
 .debug_macro   0x000019de       0x22 network.o
 .debug_macro   0x00001a00       0x10 network.o
 .debug_macro   0x00001a10       0xc0 network.o
 .debug_macro   0x00001ad0      0x229 network.o
 .debug_macro   0x00001cf9       0x2e network.o
 .debug_macro   0x00001d27       0xcf network.o
 .debug_macro   0x00001df6      0x1ed network.o
 .debug_macro   0x00001fe3       0x16 network.o
 .debug_macro   0x00001ff9       0x2e network.o
 .debug_macro   0x00002027       0xdc network.o
 .debug_macro   0x00002103       0x4d network.o
 .debug_macro   0x00002150       0x25 network.o
 .debug_macro   0x00002175       0x6d network.o
 .debug_macro   0x000021e2       0x16 network.o
 .debug_macro   0x000021f8       0x7c network.o
 .debug_macro   0x00002274       0x22 network.o
 .debug_macro   0x00002296       0x10 network.o
 .debug_macro   0x000022a6       0x11 network.o
 .debug_macro   0x000022b7       0x2e network.o
 .debug_macro   0x000022e5       0x2e network.o
 .debug_macro   0x00002313      0x19b network.o
 .debug_macro   0x000024ae       0x7c network.o
 .debug_macro   0x0000252a       0x17 network.o
 .debug_macro   0x00002541      0x118 network.o
 .debug_macro   0x00002659      0x202 network.o
 .debug_macro   0x0000285b       0x3a network.o
 .debug_macro   0x00002895       0x16 network.o
 .debug_macro   0x000028ab       0x16 network.o
 .debug_macro   0x000028c1       0x10 network.o

.debug_line     0x00000000     0x29b8
 .debug_line    0x00000000      0x53a stedgeai_app_main.o
 .debug_line    0x0000053a       0xc0 startup_stm32xx.o
 .debug_line    0x000005fa      0x331 network_data.o
 .debug_line    0x0000092b     0x208d network.o

.debug_str      0x00000000    0x17b3d
 .debug_str     0x00000000    0x17b3d stedgeai_app_main.o
                               0x8c45 (size before relaxing)
 .debug_str     0x00017b3d       0xde startup_stm32xx.o
 .debug_str     0x00017b3d     0x492c network_data.o
 .debug_str     0x00017b3d    0x176bd network.o

.comment        0x00000000       0x86
 .comment       0x00000000       0x86 stedgeai_app_main.o
                                 0x44 (size before relaxing)
 .comment       0x00000086       0x44 network_data.o
 .comment       0x00000086       0x44 network.o
 .comment       0x00000086       0x44 /home/min/app/ST/STEdgeAI/3.0/Middlewares/ST/AI/Lib/GCC/ARMCortexM55/NetworkRuntime1100_CM55_GCC.a(layers_generic_float.o)
 .comment       0x00000086       0x44 /home/min/app/ST/STEdgeAI/3.0/Middlewares/ST/AI/Lib/GCC/ARMCortexM55/NetworkRuntime1100_CM55_GCC.a(forward_lite_conv2d_if32of32wf32.o)
 .comment       0x00000086       0x44 /home/min/app/ST/STEdgeAI/3.0/Middlewares/ST/AI/Lib/GCC/ARMCortexM55/NetworkRuntime1100_CM55_GCC.a(lite_nl_generic_float.o)
 .comment       0x00000086       0x44 /home/min/app/ST/STEdgeAI/3.0/Middlewares/ST/AI/Lib/GCC/ARMCortexM55/NetworkRuntime1100_CM55_GCC.a(st_int8_fill.o)
 .comment       0x00000086       0x44 /home/min/app/ST/STEdgeAI/3.0/Middlewares/ST/AI/Lib/GCC/ARMCortexM55/NetworkRuntime1100_CM55_GCC.a(ai_math_helpers.o)
 .comment       0x00000086       0x44 /home/min/app/ST/STEdgeAI/3.0/Middlewares/ST/AI/Lib/GCC/ARMCortexM55/NetworkRuntime1100_CM55_GCC.a(core_utils.o)

.debug_frame    0x00000000      0x330
 .debug_frame   0x00000000       0x78 stedgeai_app_main.o
 .debug_frame   0x00000078      0x28c network.o
 .debug_frame   0x00000304       0x2c /home/min/snap/code/229/.local/share/stm32cube/bundles/gnu-tools-for-stm32/14.3.1+st.2/bin/../lib/gcc/arm-none-eabi/14.3.1/../../../../arm-none-eabi/lib/thumb/v8-m.main+dp/hard/libc_nano.a(libc_a-init.o)

.debug_loc      0x00000000     0x1f14
 .debug_loc     0x00000000     0x1f14 network.o

Cross Reference Table

Symbol                                            File
ActivationValFloat                                /home/min/app/ST/STEdgeAI/3.0/Middlewares/ST/AI/Lib/GCC/ARMCortexM55/NetworkRuntime1100_CM55_GCC.a(layers_generic_float.o)
ApplyTimeWeightBiasAndActivation                  /home/min/app/ST/STEdgeAI/3.0/Middlewares/ST/AI/Lib/GCC/ARMCortexM55/NetworkRuntime1100_CM55_GCC.a(layers_generic_float.o)
BusFault_Handler                                  startup_stm32xx.o
DebugMon_Handler                                  startup_stm32xx.o
Default_Handler                                   startup_stm32xx.o
HardFault_Handler                                 startup_stm32xx.o
MemManage_Handler                                 startup_stm32xx.o
NMI_Handler                                       startup_stm32xx.o
PendSV_Handler                                    startup_stm32xx.o
Reset_Handler                                     startup_stm32xx.o
SVC_Handler                                       startup_stm32xx.o
SysTick_Handler                                   startup_stm32xx.o
SystemInit                                        stedgeai_app_main.o
                                                  startup_stm32xx.o
UsageFault_Handler                                startup_stm32xx.o
_Min_Stack_Size                                   sysmem.o
__adddf3                                          /home/min/snap/code/229/.local/share/stm32cube/bundles/gnu-tools-for-stm32/14.3.1+st.2/bin/../lib/gcc/arm-none-eabi/14.3.1/thumb/v8-m.main+dp/hard/libgcc.a(_arm_addsubdf3.o)
__aeabi_dadd                                      /home/min/snap/code/229/.local/share/stm32cube/bundles/gnu-tools-for-stm32/14.3.1+st.2/bin/../lib/gcc/arm-none-eabi/14.3.1/thumb/v8-m.main+dp/hard/libgcc.a(_arm_addsubdf3.o)
__aeabi_drsub                                     /home/min/snap/code/229/.local/share/stm32cube/bundles/gnu-tools-for-stm32/14.3.1+st.2/bin/../lib/gcc/arm-none-eabi/14.3.1/thumb/v8-m.main+dp/hard/libgcc.a(_arm_addsubdf3.o)
__aeabi_dsub                                      /home/min/snap/code/229/.local/share/stm32cube/bundles/gnu-tools-for-stm32/14.3.1+st.2/bin/../lib/gcc/arm-none-eabi/14.3.1/thumb/v8-m.main+dp/hard/libgcc.a(_arm_addsubdf3.o)
__aeabi_f2d                                       /home/min/snap/code/229/.local/share/stm32cube/bundles/gnu-tools-for-stm32/14.3.1+st.2/bin/../lib/gcc/arm-none-eabi/14.3.1/thumb/v8-m.main+dp/hard/libgcc.a(_arm_addsubdf3.o)
__aeabi_f2lz                                      /home/min/snap/code/229/.local/share/stm32cube/bundles/gnu-tools-for-stm32/14.3.1+st.2/bin/../lib/gcc/arm-none-eabi/14.3.1/thumb/v8-m.main+dp/hard/libgcc.a(_fixsfdi.o)
                                                  /home/min/app/ST/STEdgeAI/3.0/Middlewares/ST/AI/Lib/GCC/ARMCortexM55/NetworkRuntime1100_CM55_GCC.a(st_align_factor.o)
__aeabi_f2ulz                                     /home/min/snap/code/229/.local/share/stm32cube/bundles/gnu-tools-for-stm32/14.3.1+st.2/bin/../lib/gcc/arm-none-eabi/14.3.1/thumb/v8-m.main+dp/hard/libgcc.a(_fixunssfdi.o)
                                                  /home/min/snap/code/229/.local/share/stm32cube/bundles/gnu-tools-for-stm32/14.3.1+st.2/bin/../lib/gcc/arm-none-eabi/14.3.1/thumb/v8-m.main+dp/hard/libgcc.a(_fixsfdi.o)
__aeabi_i2d                                       /home/min/snap/code/229/.local/share/stm32cube/bundles/gnu-tools-for-stm32/14.3.1+st.2/bin/../lib/gcc/arm-none-eabi/14.3.1/thumb/v8-m.main+dp/hard/libgcc.a(_arm_addsubdf3.o)
__aeabi_l2d                                       /home/min/snap/code/229/.local/share/stm32cube/bundles/gnu-tools-for-stm32/14.3.1+st.2/bin/../lib/gcc/arm-none-eabi/14.3.1/thumb/v8-m.main+dp/hard/libgcc.a(_arm_addsubdf3.o)
                                                  /home/min/snap/code/229/.local/share/stm32cube/bundles/gnu-tools-for-stm32/14.3.1+st.2/bin/../lib/gcc/arm-none-eabi/14.3.1/../../../../arm-none-eabi/lib/thumb/v8-m.main+dp/hard/libm.a(libm_a-cosf.o)
                                                  /home/min/snap/code/229/.local/share/stm32cube/bundles/gnu-tools-for-stm32/14.3.1+st.2/bin/../lib/gcc/arm-none-eabi/14.3.1/../../../../arm-none-eabi/lib/thumb/v8-m.main+dp/hard/libm.a(libm_a-sinf.o)
__aeabi_ui2d                                      /home/min/snap/code/229/.local/share/stm32cube/bundles/gnu-tools-for-stm32/14.3.1+st.2/bin/../lib/gcc/arm-none-eabi/14.3.1/thumb/v8-m.main+dp/hard/libgcc.a(_arm_addsubdf3.o)
__aeabi_ul2d                                      /home/min/snap/code/229/.local/share/stm32cube/bundles/gnu-tools-for-stm32/14.3.1+st.2/bin/../lib/gcc/arm-none-eabi/14.3.1/thumb/v8-m.main+dp/hard/libgcc.a(_arm_addsubdf3.o)
__bss_end__                                       /home/min/snap/code/229/.local/share/stm32cube/bundles/gnu-tools-for-stm32/14.3.1+st.2/bin/../lib/gcc/arm-none-eabi/14.3.1/../../../../arm-none-eabi/lib/thumb/v8-m.main+dp/hard/crt0.o
__bss_start__                                     /home/min/snap/code/229/.local/share/stm32cube/bundles/gnu-tools-for-stm32/14.3.1+st.2/bin/../lib/gcc/arm-none-eabi/14.3.1/../../../../arm-none-eabi/lib/thumb/v8-m.main+dp/hard/crt0.o
__call_exitprocs                                  /home/min/snap/code/229/.local/share/stm32cube/bundles/gnu-tools-for-stm32/14.3.1+st.2/bin/../lib/gcc/arm-none-eabi/14.3.1/../../../../arm-none-eabi/lib/thumb/v8-m.main+dp/hard/libc_nano.a(libc_a-exit.o)
__deregister_frame_info                           /home/min/snap/code/229/.local/share/stm32cube/bundles/gnu-tools-for-stm32/14.3.1+st.2/bin/../lib/gcc/arm-none-eabi/14.3.1/thumb/v8-m.main+dp/hard/crtbegin.o
__dso_handle                                      /home/min/snap/code/229/.local/share/stm32cube/bundles/gnu-tools-for-stm32/14.3.1+st.2/bin/../lib/gcc/arm-none-eabi/14.3.1/thumb/v8-m.main+dp/hard/crtbegin.o
__env                                             syscalls.o
__errno                                           /home/min/snap/code/229/.local/share/stm32cube/bundles/gnu-tools-for-stm32/14.3.1+st.2/bin/../lib/gcc/arm-none-eabi/14.3.1/../../../../arm-none-eabi/lib/thumb/v8-m.main+dp/hard/libc_nano.a(libc_a-errno.o)
                                                  /home/min/snap/code/229/.local/share/stm32cube/bundles/gnu-tools-for-stm32/14.3.1+st.2/bin/../lib/gcc/arm-none-eabi/14.3.1/../../../../arm-none-eabi/lib/thumb/v8-m.main+dp/hard/libm.a(libm_a-math_errf.o)
                                                  /home/min/snap/code/229/.local/share/stm32cube/bundles/gnu-tools-for-stm32/14.3.1+st.2/bin/../lib/gcc/arm-none-eabi/14.3.1/../../../../arm-none-eabi/lib/thumb/v8-m.main+dp/hard/libm.a(libm_a-math_err.o)
                                                  /home/min/snap/code/229/.local/share/stm32cube/bundles/gnu-tools-for-stm32/14.3.1+st.2/bin/../lib/gcc/arm-none-eabi/14.3.1/../../../../arm-none-eabi/lib/thumb/v8-m.main+dp/hard/libm.a(libm_a-wf_sinh.o)
                                                  /home/min/snap/code/229/.local/share/stm32cube/bundles/gnu-tools-for-stm32/14.3.1+st.2/bin/../lib/gcc/arm-none-eabi/14.3.1/../../../../arm-none-eabi/lib/thumb/v8-m.main+dp/hard/libm.a(libm_a-wf_fmod.o)
                                                  /home/min/snap/code/229/.local/share/stm32cube/bundles/gnu-tools-for-stm32/14.3.1+st.2/bin/../lib/gcc/arm-none-eabi/14.3.1/../../../../arm-none-eabi/lib/thumb/v8-m.main+dp/hard/libm.a(libm_a-wf_cosh.o)
                                                  /home/min/snap/code/229/.local/share/stm32cube/bundles/gnu-tools-for-stm32/14.3.1+st.2/bin/../lib/gcc/arm-none-eabi/14.3.1/../../../../arm-none-eabi/lib/thumb/v8-m.main+dp/hard/libm.a(libm_a-wf_atanh.o)
                                                  /home/min/snap/code/229/.local/share/stm32cube/bundles/gnu-tools-for-stm32/14.3.1+st.2/bin/../lib/gcc/arm-none-eabi/14.3.1/../../../../arm-none-eabi/lib/thumb/v8-m.main+dp/hard/libm.a(libm_a-wf_asin.o)
                                                  /home/min/snap/code/229/.local/share/stm32cube/bundles/gnu-tools-for-stm32/14.3.1+st.2/bin/../lib/gcc/arm-none-eabi/14.3.1/../../../../arm-none-eabi/lib/thumb/v8-m.main+dp/hard/libm.a(libm_a-wf_acosh.o)
                                                  /home/min/snap/code/229/.local/share/stm32cube/bundles/gnu-tools-for-stm32/14.3.1+st.2/bin/../lib/gcc/arm-none-eabi/14.3.1/../../../../arm-none-eabi/lib/thumb/v8-m.main+dp/hard/libm.a(libm_a-wf_acos.o)
                                                  syscalls.o
                                                  sysmem.o
__exp2f_data                                      /home/min/snap/code/229/.local/share/stm32cube/bundles/gnu-tools-for-stm32/14.3.1+st.2/bin/../lib/gcc/arm-none-eabi/14.3.1/../../../../arm-none-eabi/lib/thumb/v8-m.main+dp/hard/libm.a(libm_a-sf_exp2_data.o)
                                                  /home/min/snap/code/229/.local/share/stm32cube/bundles/gnu-tools-for-stm32/14.3.1+st.2/bin/../lib/gcc/arm-none-eabi/14.3.1/../../../../arm-none-eabi/lib/thumb/v8-m.main+dp/hard/libm.a(libm_a-sf_pow.o)
                                                  /home/min/snap/code/229/.local/share/stm32cube/bundles/gnu-tools-for-stm32/14.3.1+st.2/bin/../lib/gcc/arm-none-eabi/14.3.1/../../../../arm-none-eabi/lib/thumb/v8-m.main+dp/hard/libm.a(libm_a-sf_exp.o)
__extendsfdf2                                     /home/min/snap/code/229/.local/share/stm32cube/bundles/gnu-tools-for-stm32/14.3.1+st.2/bin/../lib/gcc/arm-none-eabi/14.3.1/thumb/v8-m.main+dp/hard/libgcc.a(_arm_addsubdf3.o)
__fixsfdi                                         /home/min/snap/code/229/.local/share/stm32cube/bundles/gnu-tools-for-stm32/14.3.1+st.2/bin/../lib/gcc/arm-none-eabi/14.3.1/thumb/v8-m.main+dp/hard/libgcc.a(_fixsfdi.o)
__fixunssfdi                                      /home/min/snap/code/229/.local/share/stm32cube/bundles/gnu-tools-for-stm32/14.3.1+st.2/bin/../lib/gcc/arm-none-eabi/14.3.1/thumb/v8-m.main+dp/hard/libgcc.a(_fixunssfdi.o)
__floatdidf                                       /home/min/snap/code/229/.local/share/stm32cube/bundles/gnu-tools-for-stm32/14.3.1+st.2/bin/../lib/gcc/arm-none-eabi/14.3.1/thumb/v8-m.main+dp/hard/libgcc.a(_arm_addsubdf3.o)
__floatsidf                                       /home/min/snap/code/229/.local/share/stm32cube/bundles/gnu-tools-for-stm32/14.3.1+st.2/bin/../lib/gcc/arm-none-eabi/14.3.1/thumb/v8-m.main+dp/hard/libgcc.a(_arm_addsubdf3.o)
__floatundidf                                     /home/min/snap/code/229/.local/share/stm32cube/bundles/gnu-tools-for-stm32/14.3.1+st.2/bin/../lib/gcc/arm-none-eabi/14.3.1/thumb/v8-m.main+dp/hard/libgcc.a(_arm_addsubdf3.o)
__floatunsidf                                     /home/min/snap/code/229/.local/share/stm32cube/bundles/gnu-tools-for-stm32/14.3.1+st.2/bin/../lib/gcc/arm-none-eabi/14.3.1/thumb/v8-m.main+dp/hard/libgcc.a(_arm_addsubdf3.o)
__fp_lock_all                                     /home/min/snap/code/229/.local/share/stm32cube/bundles/gnu-tools-for-stm32/14.3.1+st.2/bin/../lib/gcc/arm-none-eabi/14.3.1/../../../../arm-none-eabi/lib/thumb/v8-m.main+dp/hard/libc_nano.a(libc_a-findfp.o)
__fp_unlock_all                                   /home/min/snap/code/229/.local/share/stm32cube/bundles/gnu-tools-for-stm32/14.3.1+st.2/bin/../lib/gcc/arm-none-eabi/14.3.1/../../../../arm-none-eabi/lib/thumb/v8-m.main+dp/hard/libc_nano.a(libc_a-findfp.o)
__ieee754_acosf                                   /home/min/snap/code/229/.local/share/stm32cube/bundles/gnu-tools-for-stm32/14.3.1+st.2/bin/../lib/gcc/arm-none-eabi/14.3.1/../../../../arm-none-eabi/lib/thumb/v8-m.main+dp/hard/libm.a(libm_a-ef_acos.o)
                                                  /home/min/snap/code/229/.local/share/stm32cube/bundles/gnu-tools-for-stm32/14.3.1+st.2/bin/../lib/gcc/arm-none-eabi/14.3.1/../../../../arm-none-eabi/lib/thumb/v8-m.main+dp/hard/libm.a(libm_a-wf_acos.o)
__ieee754_acoshf                                  /home/min/snap/code/229/.local/share/stm32cube/bundles/gnu-tools-for-stm32/14.3.1+st.2/bin/../lib/gcc/arm-none-eabi/14.3.1/../../../../arm-none-eabi/lib/thumb/v8-m.main+dp/hard/libm.a(libm_a-ef_acosh.o)
                                                  /home/min/snap/code/229/.local/share/stm32cube/bundles/gnu-tools-for-stm32/14.3.1+st.2/bin/../lib/gcc/arm-none-eabi/14.3.1/../../../../arm-none-eabi/lib/thumb/v8-m.main+dp/hard/libm.a(libm_a-wf_acosh.o)
__ieee754_asinf                                   /home/min/snap/code/229/.local/share/stm32cube/bundles/gnu-tools-for-stm32/14.3.1+st.2/bin/../lib/gcc/arm-none-eabi/14.3.1/../../../../arm-none-eabi/lib/thumb/v8-m.main+dp/hard/libm.a(libm_a-ef_asin.o)
                                                  /home/min/snap/code/229/.local/share/stm32cube/bundles/gnu-tools-for-stm32/14.3.1+st.2/bin/../lib/gcc/arm-none-eabi/14.3.1/../../../../arm-none-eabi/lib/thumb/v8-m.main+dp/hard/libm.a(libm_a-wf_asin.o)
__ieee754_atanhf                                  /home/min/snap/code/229/.local/share/stm32cube/bundles/gnu-tools-for-stm32/14.3.1+st.2/bin/../lib/gcc/arm-none-eabi/14.3.1/../../../../arm-none-eabi/lib/thumb/v8-m.main+dp/hard/libm.a(libm_a-ef_atanh.o)
                                                  /home/min/snap/code/229/.local/share/stm32cube/bundles/gnu-tools-for-stm32/14.3.1+st.2/bin/../lib/gcc/arm-none-eabi/14.3.1/../../../../arm-none-eabi/lib/thumb/v8-m.main+dp/hard/libm.a(libm_a-wf_atanh.o)
__ieee754_coshf                                   /home/min/snap/code/229/.local/share/stm32cube/bundles/gnu-tools-for-stm32/14.3.1+st.2/bin/../lib/gcc/arm-none-eabi/14.3.1/../../../../arm-none-eabi/lib/thumb/v8-m.main+dp/hard/libm.a(libm_a-ef_cosh.o)
                                                  /home/min/snap/code/229/.local/share/stm32cube/bundles/gnu-tools-for-stm32/14.3.1+st.2/bin/../lib/gcc/arm-none-eabi/14.3.1/../../../../arm-none-eabi/lib/thumb/v8-m.main+dp/hard/libm.a(libm_a-wf_cosh.o)
__ieee754_fmodf                                   /home/min/snap/code/229/.local/share/stm32cube/bundles/gnu-tools-for-stm32/14.3.1+st.2/bin/../lib/gcc/arm-none-eabi/14.3.1/../../../../arm-none-eabi/lib/thumb/v8-m.main+dp/hard/libm.a(libm_a-ef_fmod.o)
                                                  /home/min/snap/code/229/.local/share/stm32cube/bundles/gnu-tools-for-stm32/14.3.1+st.2/bin/../lib/gcc/arm-none-eabi/14.3.1/../../../../arm-none-eabi/lib/thumb/v8-m.main+dp/hard/libm.a(libm_a-wf_fmod.o)
__ieee754_rem_pio2f                               /home/min/snap/code/229/.local/share/stm32cube/bundles/gnu-tools-for-stm32/14.3.1+st.2/bin/../lib/gcc/arm-none-eabi/14.3.1/../../../../arm-none-eabi/lib/thumb/v8-m.main+dp/hard/libm.a(libm_a-ef_rem_pio2.o)
                                                  /home/min/snap/code/229/.local/share/stm32cube/bundles/gnu-tools-for-stm32/14.3.1+st.2/bin/../lib/gcc/arm-none-eabi/14.3.1/../../../../arm-none-eabi/lib/thumb/v8-m.main+dp/hard/libm.a(libm_a-sf_tan.o)
__ieee754_sinhf                                   /home/min/snap/code/229/.local/share/stm32cube/bundles/gnu-tools-for-stm32/14.3.1+st.2/bin/../lib/gcc/arm-none-eabi/14.3.1/../../../../arm-none-eabi/lib/thumb/v8-m.main+dp/hard/libm.a(libm_a-ef_sinh.o)
                                                  /home/min/snap/code/229/.local/share/stm32cube/bundles/gnu-tools-for-stm32/14.3.1+st.2/bin/../lib/gcc/arm-none-eabi/14.3.1/../../../../arm-none-eabi/lib/thumb/v8-m.main+dp/hard/libm.a(libm_a-wf_sinh.o)
__ieee754_sqrtf                                   /home/min/snap/code/229/.local/share/stm32cube/bundles/gnu-tools-for-stm32/14.3.1+st.2/bin/../lib/gcc/arm-none-eabi/14.3.1/../../../../arm-none-eabi/lib/thumb/v8-m.main+dp/hard/libm.a(libm_a-ef_sqrt.o)
                                                  /home/min/snap/code/229/.local/share/stm32cube/bundles/gnu-tools-for-stm32/14.3.1+st.2/bin/../lib/gcc/arm-none-eabi/14.3.1/../../../../arm-none-eabi/lib/thumb/v8-m.main+dp/hard/libm.a(libm_a-ef_asin.o)
                                                  /home/min/snap/code/229/.local/share/stm32cube/bundles/gnu-tools-for-stm32/14.3.1+st.2/bin/../lib/gcc/arm-none-eabi/14.3.1/../../../../arm-none-eabi/lib/thumb/v8-m.main+dp/hard/libm.a(libm_a-ef_acosh.o)
                                                  /home/min/snap/code/229/.local/share/stm32cube/bundles/gnu-tools-for-stm32/14.3.1+st.2/bin/../lib/gcc/arm-none-eabi/14.3.1/../../../../arm-none-eabi/lib/thumb/v8-m.main+dp/hard/libm.a(libm_a-ef_acos.o)
                                                  /home/min/snap/code/229/.local/share/stm32cube/bundles/gnu-tools-for-stm32/14.3.1+st.2/bin/../lib/gcc/arm-none-eabi/14.3.1/../../../../arm-none-eabi/lib/thumb/v8-m.main+dp/hard/libm.a(libm_a-sf_asinh.o)
__init_array_end                                  /home/min/snap/code/229/.local/share/stm32cube/bundles/gnu-tools-for-stm32/14.3.1+st.2/bin/../lib/gcc/arm-none-eabi/14.3.1/../../../../arm-none-eabi/lib/thumb/v8-m.main+dp/hard/libc_nano.a(libc_a-init.o)
__init_array_start                                /home/min/snap/code/229/.local/share/stm32cube/bundles/gnu-tools-for-stm32/14.3.1+st.2/bin/../lib/gcc/arm-none-eabi/14.3.1/../../../../arm-none-eabi/lib/thumb/v8-m.main+dp/hard/libc_nano.a(libc_a-init.o)
__inv_pio4                                        /home/min/snap/code/229/.local/share/stm32cube/bundles/gnu-tools-for-stm32/14.3.1+st.2/bin/../lib/gcc/arm-none-eabi/14.3.1/../../../../arm-none-eabi/lib/thumb/v8-m.main+dp/hard/libm.a(libm_a-sincosf_data.o)
                                                  /home/min/snap/code/229/.local/share/stm32cube/bundles/gnu-tools-for-stm32/14.3.1+st.2/bin/../lib/gcc/arm-none-eabi/14.3.1/../../../../arm-none-eabi/lib/thumb/v8-m.main+dp/hard/libm.a(libm_a-cosf.o)
                                                  /home/min/snap/code/229/.local/share/stm32cube/bundles/gnu-tools-for-stm32/14.3.1+st.2/bin/../lib/gcc/arm-none-eabi/14.3.1/../../../../arm-none-eabi/lib/thumb/v8-m.main+dp/hard/libm.a(libm_a-sinf.o)
__io_getchar                                      syscalls.o
__io_putchar                                      syscalls.o
__kernel_rem_pio2f                                /home/min/snap/code/229/.local/share/stm32cube/bundles/gnu-tools-for-stm32/14.3.1+st.2/bin/../lib/gcc/arm-none-eabi/14.3.1/../../../../arm-none-eabi/lib/thumb/v8-m.main+dp/hard/libm.a(libm_a-kf_rem_pio2.o)
                                                  /home/min/snap/code/229/.local/share/stm32cube/bundles/gnu-tools-for-stm32/14.3.1+st.2/bin/../lib/gcc/arm-none-eabi/14.3.1/../../../../arm-none-eabi/lib/thumb/v8-m.main+dp/hard/libm.a(libm_a-ef_rem_pio2.o)
__kernel_tanf                                     /home/min/snap/code/229/.local/share/stm32cube/bundles/gnu-tools-for-stm32/14.3.1+st.2/bin/../lib/gcc/arm-none-eabi/14.3.1/../../../../arm-none-eabi/lib/thumb/v8-m.main+dp/hard/libm.a(libm_a-kf_tan.o)
                                                  /home/min/snap/code/229/.local/share/stm32cube/bundles/gnu-tools-for-stm32/14.3.1+st.2/bin/../lib/gcc/arm-none-eabi/14.3.1/../../../../arm-none-eabi/lib/thumb/v8-m.main+dp/hard/libm.a(libm_a-sf_tan.o)
__libc_fini_array                                 /home/min/snap/code/229/.local/share/stm32cube/bundles/gnu-tools-for-stm32/14.3.1+st.2/bin/../lib/gcc/arm-none-eabi/14.3.1/../../../../arm-none-eabi/lib/thumb/v8-m.main+dp/hard/crt0.o
__libc_init_array                                 /home/min/snap/code/229/.local/share/stm32cube/bundles/gnu-tools-for-stm32/14.3.1+st.2/bin/../lib/gcc/arm-none-eabi/14.3.1/../../../../arm-none-eabi/lib/thumb/v8-m.main+dp/hard/libc_nano.a(libc_a-init.o)
                                                  startup_stm32xx.o
                                                  /home/min/snap/code/229/.local/share/stm32cube/bundles/gnu-tools-for-stm32/14.3.1+st.2/bin/../lib/gcc/arm-none-eabi/14.3.1/../../../../arm-none-eabi/lib/thumb/v8-m.main+dp/hard/crt0.o
__lock___arc4random_mutex                         /home/min/snap/code/229/.local/share/stm32cube/bundles/gnu-tools-for-stm32/14.3.1+st.2/bin/../lib/gcc/arm-none-eabi/14.3.1/../../../../arm-none-eabi/lib/thumb/v8-m.main+dp/hard/libc_nano.a(libc_a-lock.o)
__lock___at_quick_exit_mutex                      /home/min/snap/code/229/.local/share/stm32cube/bundles/gnu-tools-for-stm32/14.3.1+st.2/bin/../lib/gcc/arm-none-eabi/14.3.1/../../../../arm-none-eabi/lib/thumb/v8-m.main+dp/hard/libc_nano.a(libc_a-lock.o)
__lock___atexit_recursive_mutex                   /home/min/snap/code/229/.local/share/stm32cube/bundles/gnu-tools-for-stm32/14.3.1+st.2/bin/../lib/gcc/arm-none-eabi/14.3.1/../../../../arm-none-eabi/lib/thumb/v8-m.main+dp/hard/libc_nano.a(libc_a-lock.o)
__lock___dd_hash_mutex                            /home/min/snap/code/229/.local/share/stm32cube/bundles/gnu-tools-for-stm32/14.3.1+st.2/bin/../lib/gcc/arm-none-eabi/14.3.1/../../../../arm-none-eabi/lib/thumb/v8-m.main+dp/hard/libc_nano.a(libc_a-lock.o)
__lock___env_recursive_mutex                      /home/min/snap/code/229/.local/share/stm32cube/bundles/gnu-tools-for-stm32/14.3.1+st.2/bin/../lib/gcc/arm-none-eabi/14.3.1/../../../../arm-none-eabi/lib/thumb/v8-m.main+dp/hard/libc_nano.a(libc_a-lock.o)
__lock___malloc_recursive_mutex                   /home/min/snap/code/229/.local/share/stm32cube/bundles/gnu-tools-for-stm32/14.3.1+st.2/bin/../lib/gcc/arm-none-eabi/14.3.1/../../../../arm-none-eabi/lib/thumb/v8-m.main+dp/hard/libc_nano.a(libc_a-lock.o)
                                                  /home/min/snap/code/229/.local/share/stm32cube/bundles/gnu-tools-for-stm32/14.3.1+st.2/bin/../lib/gcc/arm-none-eabi/14.3.1/../../../../arm-none-eabi/lib/thumb/v8-m.main+dp/hard/libc_nano.a(libc_a-mlock.o)
__lock___sfp_recursive_mutex                      /home/min/snap/code/229/.local/share/stm32cube/bundles/gnu-tools-for-stm32/14.3.1+st.2/bin/../lib/gcc/arm-none-eabi/14.3.1/../../../../arm-none-eabi/lib/thumb/v8-m.main+dp/hard/libc_nano.a(libc_a-lock.o)
                                                  /home/min/snap/code/229/.local/share/stm32cube/bundles/gnu-tools-for-stm32/14.3.1+st.2/bin/../lib/gcc/arm-none-eabi/14.3.1/../../../../arm-none-eabi/lib/thumb/v8-m.main+dp/hard/libc_nano.a(libc_a-findfp.o)
__lock___tz_mutex                                 /home/min/snap/code/229/.local/share/stm32cube/bundles/gnu-tools-for-stm32/14.3.1+st.2/bin/../lib/gcc/arm-none-eabi/14.3.1/../../../../arm-none-eabi/lib/thumb/v8-m.main+dp/hard/libc_nano.a(libc_a-lock.o)
__logf_data                                       /home/min/snap/code/229/.local/share/stm32cube/bundles/gnu-tools-for-stm32/14.3.1+st.2/bin/../lib/gcc/arm-none-eabi/14.3.1/../../../../arm-none-eabi/lib/thumb/v8-m.main+dp/hard/libm.a(libm_a-sf_log_data.o)
                                                  /home/min/snap/code/229/.local/share/stm32cube/bundles/gnu-tools-for-stm32/14.3.1+st.2/bin/../lib/gcc/arm-none-eabi/14.3.1/../../../../arm-none-eabi/lib/thumb/v8-m.main+dp/hard/libm.a(libm_a-sf_log.o)
__malloc_free_list                                /home/min/snap/code/229/.local/share/stm32cube/bundles/gnu-tools-for-stm32/14.3.1+st.2/bin/../lib/gcc/arm-none-eabi/14.3.1/../../../../arm-none-eabi/lib/thumb/v8-m.main+dp/hard/libc_nano.a(libc_a-mallocr.o)
                                                  /home/min/snap/code/229/.local/share/stm32cube/bundles/gnu-tools-for-stm32/14.3.1+st.2/bin/../lib/gcc/arm-none-eabi/14.3.1/../../../../arm-none-eabi/lib/thumb/v8-m.main+dp/hard/libc_nano.a(libc_a-freer.o)
__malloc_lock                                     /home/min/snap/code/229/.local/share/stm32cube/bundles/gnu-tools-for-stm32/14.3.1+st.2/bin/../lib/gcc/arm-none-eabi/14.3.1/../../../../arm-none-eabi/lib/thumb/v8-m.main+dp/hard/libc_nano.a(libc_a-mlock.o)
                                                  /home/min/snap/code/229/.local/share/stm32cube/bundles/gnu-tools-for-stm32/14.3.1+st.2/bin/../lib/gcc/arm-none-eabi/14.3.1/../../../../arm-none-eabi/lib/thumb/v8-m.main+dp/hard/libc_nano.a(libc_a-freer.o)
                                                  /home/min/snap/code/229/.local/share/stm32cube/bundles/gnu-tools-for-stm32/14.3.1+st.2/bin/../lib/gcc/arm-none-eabi/14.3.1/../../../../arm-none-eabi/lib/thumb/v8-m.main+dp/hard/libc_nano.a(libc_a-mallocr.o)
__malloc_sbrk_start                               /home/min/snap/code/229/.local/share/stm32cube/bundles/gnu-tools-for-stm32/14.3.1+st.2/bin/../lib/gcc/arm-none-eabi/14.3.1/../../../../arm-none-eabi/lib/thumb/v8-m.main+dp/hard/libc_nano.a(libc_a-mallocr.o)
__malloc_unlock                                   /home/min/snap/code/229/.local/share/stm32cube/bundles/gnu-tools-for-stm32/14.3.1+st.2/bin/../lib/gcc/arm-none-eabi/14.3.1/../../../../arm-none-eabi/lib/thumb/v8-m.main+dp/hard/libc_nano.a(libc_a-mlock.o)
                                                  /home/min/snap/code/229/.local/share/stm32cube/bundles/gnu-tools-for-stm32/14.3.1+st.2/bin/../lib/gcc/arm-none-eabi/14.3.1/../../../../arm-none-eabi/lib/thumb/v8-m.main+dp/hard/libc_nano.a(libc_a-freer.o)
                                                  /home/min/snap/code/229/.local/share/stm32cube/bundles/gnu-tools-for-stm32/14.3.1+st.2/bin/../lib/gcc/arm-none-eabi/14.3.1/../../../../arm-none-eabi/lib/thumb/v8-m.main+dp/hard/libc_nano.a(libc_a-mallocr.o)
__math_check_oflow                                /home/min/snap/code/229/.local/share/stm32cube/bundles/gnu-tools-for-stm32/14.3.1+st.2/bin/../lib/gcc/arm-none-eabi/14.3.1/../../../../arm-none-eabi/lib/thumb/v8-m.main+dp/hard/libm.a(libm_a-math_err.o)
__math_check_uflow                                /home/min/snap/code/229/.local/share/stm32cube/bundles/gnu-tools-for-stm32/14.3.1+st.2/bin/../lib/gcc/arm-none-eabi/14.3.1/../../../../arm-none-eabi/lib/thumb/v8-m.main+dp/hard/libm.a(libm_a-math_err.o)
__math_divzero                                    /home/min/snap/code/229/.local/share/stm32cube/bundles/gnu-tools-for-stm32/14.3.1+st.2/bin/../lib/gcc/arm-none-eabi/14.3.1/../../../../arm-none-eabi/lib/thumb/v8-m.main+dp/hard/libm.a(libm_a-math_err.o)
__math_divzerof                                   /home/min/snap/code/229/.local/share/stm32cube/bundles/gnu-tools-for-stm32/14.3.1+st.2/bin/../lib/gcc/arm-none-eabi/14.3.1/../../../../arm-none-eabi/lib/thumb/v8-m.main+dp/hard/libm.a(libm_a-math_errf.o)
                                                  /home/min/snap/code/229/.local/share/stm32cube/bundles/gnu-tools-for-stm32/14.3.1+st.2/bin/../lib/gcc/arm-none-eabi/14.3.1/../../../../arm-none-eabi/lib/thumb/v8-m.main+dp/hard/libm.a(libm_a-sf_pow.o)
                                                  /home/min/snap/code/229/.local/share/stm32cube/bundles/gnu-tools-for-stm32/14.3.1+st.2/bin/../lib/gcc/arm-none-eabi/14.3.1/../../../../arm-none-eabi/lib/thumb/v8-m.main+dp/hard/libm.a(libm_a-sf_log.o)
                                                  /home/min/snap/code/229/.local/share/stm32cube/bundles/gnu-tools-for-stm32/14.3.1+st.2/bin/../lib/gcc/arm-none-eabi/14.3.1/../../../../arm-none-eabi/lib/thumb/v8-m.main+dp/hard/libm.a(libm_a-sf_log1p.o)
__math_invalid                                    /home/min/snap/code/229/.local/share/stm32cube/bundles/gnu-tools-for-stm32/14.3.1+st.2/bin/../lib/gcc/arm-none-eabi/14.3.1/../../../../arm-none-eabi/lib/thumb/v8-m.main+dp/hard/libm.a(libm_a-math_err.o)
__math_invalidf                                   /home/min/snap/code/229/.local/share/stm32cube/bundles/gnu-tools-for-stm32/14.3.1+st.2/bin/../lib/gcc/arm-none-eabi/14.3.1/../../../../arm-none-eabi/lib/thumb/v8-m.main+dp/hard/libm.a(libm_a-math_errf.o)
                                                  /home/min/snap/code/229/.local/share/stm32cube/bundles/gnu-tools-for-stm32/14.3.1+st.2/bin/../lib/gcc/arm-none-eabi/14.3.1/../../../../arm-none-eabi/lib/thumb/v8-m.main+dp/hard/libm.a(libm_a-cosf.o)
                                                  /home/min/snap/code/229/.local/share/stm32cube/bundles/gnu-tools-for-stm32/14.3.1+st.2/bin/../lib/gcc/arm-none-eabi/14.3.1/../../../../arm-none-eabi/lib/thumb/v8-m.main+dp/hard/libm.a(libm_a-sinf.o)
                                                  /home/min/snap/code/229/.local/share/stm32cube/bundles/gnu-tools-for-stm32/14.3.1+st.2/bin/../lib/gcc/arm-none-eabi/14.3.1/../../../../arm-none-eabi/lib/thumb/v8-m.main+dp/hard/libm.a(libm_a-sf_pow.o)
                                                  /home/min/snap/code/229/.local/share/stm32cube/bundles/gnu-tools-for-stm32/14.3.1+st.2/bin/../lib/gcc/arm-none-eabi/14.3.1/../../../../arm-none-eabi/lib/thumb/v8-m.main+dp/hard/libm.a(libm_a-sf_log.o)
                                                  /home/min/snap/code/229/.local/share/stm32cube/bundles/gnu-tools-for-stm32/14.3.1+st.2/bin/../lib/gcc/arm-none-eabi/14.3.1/../../../../arm-none-eabi/lib/thumb/v8-m.main+dp/hard/libm.a(libm_a-sf_log1p.o)
__math_may_uflow                                  /home/min/snap/code/229/.local/share/stm32cube/bundles/gnu-tools-for-stm32/14.3.1+st.2/bin/../lib/gcc/arm-none-eabi/14.3.1/../../../../arm-none-eabi/lib/thumb/v8-m.main+dp/hard/libm.a(libm_a-math_err.o)
__math_may_uflowf                                 /home/min/snap/code/229/.local/share/stm32cube/bundles/gnu-tools-for-stm32/14.3.1+st.2/bin/../lib/gcc/arm-none-eabi/14.3.1/../../../../arm-none-eabi/lib/thumb/v8-m.main+dp/hard/libm.a(libm_a-math_errf.o)
                                                  /home/min/snap/code/229/.local/share/stm32cube/bundles/gnu-tools-for-stm32/14.3.1+st.2/bin/../lib/gcc/arm-none-eabi/14.3.1/../../../../arm-none-eabi/lib/thumb/v8-m.main+dp/hard/libm.a(libm_a-sf_pow.o)
                                                  /home/min/snap/code/229/.local/share/stm32cube/bundles/gnu-tools-for-stm32/14.3.1+st.2/bin/../lib/gcc/arm-none-eabi/14.3.1/../../../../arm-none-eabi/lib/thumb/v8-m.main+dp/hard/libm.a(libm_a-sf_exp.o)
__math_oflow                                      /home/min/snap/code/229/.local/share/stm32cube/bundles/gnu-tools-for-stm32/14.3.1+st.2/bin/../lib/gcc/arm-none-eabi/14.3.1/../../../../arm-none-eabi/lib/thumb/v8-m.main+dp/hard/libm.a(libm_a-math_err.o)
__math_oflowf                                     /home/min/snap/code/229/.local/share/stm32cube/bundles/gnu-tools-for-stm32/14.3.1+st.2/bin/../lib/gcc/arm-none-eabi/14.3.1/../../../../arm-none-eabi/lib/thumb/v8-m.main+dp/hard/libm.a(libm_a-math_errf.o)
                                                  /home/min/snap/code/229/.local/share/stm32cube/bundles/gnu-tools-for-stm32/14.3.1+st.2/bin/../lib/gcc/arm-none-eabi/14.3.1/../../../../arm-none-eabi/lib/thumb/v8-m.main+dp/hard/libm.a(libm_a-ef_cosh.o)
                                                  /home/min/snap/code/229/.local/share/stm32cube/bundles/gnu-tools-for-stm32/14.3.1+st.2/bin/../lib/gcc/arm-none-eabi/14.3.1/../../../../arm-none-eabi/lib/thumb/v8-m.main+dp/hard/libm.a(libm_a-sf_pow.o)
                                                  /home/min/snap/code/229/.local/share/stm32cube/bundles/gnu-tools-for-stm32/14.3.1+st.2/bin/../lib/gcc/arm-none-eabi/14.3.1/../../../../arm-none-eabi/lib/thumb/v8-m.main+dp/hard/libm.a(libm_a-sf_exp.o)
                                                  /home/min/snap/code/229/.local/share/stm32cube/bundles/gnu-tools-for-stm32/14.3.1+st.2/bin/../lib/gcc/arm-none-eabi/14.3.1/../../../../arm-none-eabi/lib/thumb/v8-m.main+dp/hard/libm.a(libm_a-sf_expm1.o)
__math_uflow                                      /home/min/snap/code/229/.local/share/stm32cube/bundles/gnu-tools-for-stm32/14.3.1+st.2/bin/../lib/gcc/arm-none-eabi/14.3.1/../../../../arm-none-eabi/lib/thumb/v8-m.main+dp/hard/libm.a(libm_a-math_err.o)
                                                  /home/min/snap/code/229/.local/share/stm32cube/bundles/gnu-tools-for-stm32/14.3.1+st.2/bin/../lib/gcc/arm-none-eabi/14.3.1/../../../../arm-none-eabi/lib/thumb/v8-m.main+dp/hard/libm.a(libm_a-sf_erf.o)
__math_uflowf                                     /home/min/snap/code/229/.local/share/stm32cube/bundles/gnu-tools-for-stm32/14.3.1+st.2/bin/../lib/gcc/arm-none-eabi/14.3.1/../../../../arm-none-eabi/lib/thumb/v8-m.main+dp/hard/libm.a(libm_a-math_errf.o)
                                                  /home/min/snap/code/229/.local/share/stm32cube/bundles/gnu-tools-for-stm32/14.3.1+st.2/bin/../lib/gcc/arm-none-eabi/14.3.1/../../../../arm-none-eabi/lib/thumb/v8-m.main+dp/hard/libm.a(libm_a-sf_pow.o)
                                                  /home/min/snap/code/229/.local/share/stm32cube/bundles/gnu-tools-for-stm32/14.3.1+st.2/bin/../lib/gcc/arm-none-eabi/14.3.1/../../../../arm-none-eabi/lib/thumb/v8-m.main+dp/hard/libm.a(libm_a-sf_exp.o)
__powf_log2_data                                  /home/min/snap/code/229/.local/share/stm32cube/bundles/gnu-tools-for-stm32/14.3.1+st.2/bin/../lib/gcc/arm-none-eabi/14.3.1/../../../../arm-none-eabi/lib/thumb/v8-m.main+dp/hard/libm.a(libm_a-sf_pow_log2_data.o)
                                                  /home/min/snap/code/229/.local/share/stm32cube/bundles/gnu-tools-for-stm32/14.3.1+st.2/bin/../lib/gcc/arm-none-eabi/14.3.1/../../../../arm-none-eabi/lib/thumb/v8-m.main+dp/hard/libm.a(libm_a-sf_pow.o)
__preinit_array_end                               /home/min/snap/code/229/.local/share/stm32cube/bundles/gnu-tools-for-stm32/14.3.1+st.2/bin/../lib/gcc/arm-none-eabi/14.3.1/../../../../arm-none-eabi/lib/thumb/v8-m.main+dp/hard/libc_nano.a(libc_a-init.o)
__preinit_array_start                             /home/min/snap/code/229/.local/share/stm32cube/bundles/gnu-tools-for-stm32/14.3.1+st.2/bin/../lib/gcc/arm-none-eabi/14.3.1/../../../../arm-none-eabi/lib/thumb/v8-m.main+dp/hard/libc_nano.a(libc_a-init.o)
__register_frame_info                             /home/min/snap/code/229/.local/share/stm32cube/bundles/gnu-tools-for-stm32/14.3.1+st.2/bin/../lib/gcc/arm-none-eabi/14.3.1/thumb/v8-m.main+dp/hard/crtbegin.o
__retarget_lock_acquire                           /home/min/snap/code/229/.local/share/stm32cube/bundles/gnu-tools-for-stm32/14.3.1+st.2/bin/../lib/gcc/arm-none-eabi/14.3.1/../../../../arm-none-eabi/lib/thumb/v8-m.main+dp/hard/libc_nano.a(libc_a-lock.o)
__retarget_lock_acquire_recursive                 /home/min/snap/code/229/.local/share/stm32cube/bundles/gnu-tools-for-stm32/14.3.1+st.2/bin/../lib/gcc/arm-none-eabi/14.3.1/../../../../arm-none-eabi/lib/thumb/v8-m.main+dp/hard/libc_nano.a(libc_a-lock.o)
                                                  /home/min/snap/code/229/.local/share/stm32cube/bundles/gnu-tools-for-stm32/14.3.1+st.2/bin/../lib/gcc/arm-none-eabi/14.3.1/../../../../arm-none-eabi/lib/thumb/v8-m.main+dp/hard/libc_nano.a(libc_a-fflush.o)
                                                  /home/min/snap/code/229/.local/share/stm32cube/bundles/gnu-tools-for-stm32/14.3.1+st.2/bin/../lib/gcc/arm-none-eabi/14.3.1/../../../../arm-none-eabi/lib/thumb/v8-m.main+dp/hard/libc_nano.a(libc_a-findfp.o)
                                                  /home/min/snap/code/229/.local/share/stm32cube/bundles/gnu-tools-for-stm32/14.3.1+st.2/bin/../lib/gcc/arm-none-eabi/14.3.1/../../../../arm-none-eabi/lib/thumb/v8-m.main+dp/hard/libc_nano.a(libc_a-mlock.o)
__retarget_lock_close                             /home/min/snap/code/229/.local/share/stm32cube/bundles/gnu-tools-for-stm32/14.3.1+st.2/bin/../lib/gcc/arm-none-eabi/14.3.1/../../../../arm-none-eabi/lib/thumb/v8-m.main+dp/hard/libc_nano.a(libc_a-lock.o)
__retarget_lock_close_recursive                   /home/min/snap/code/229/.local/share/stm32cube/bundles/gnu-tools-for-stm32/14.3.1+st.2/bin/../lib/gcc/arm-none-eabi/14.3.1/../../../../arm-none-eabi/lib/thumb/v8-m.main+dp/hard/libc_nano.a(libc_a-lock.o)
__retarget_lock_init                              /home/min/snap/code/229/.local/share/stm32cube/bundles/gnu-tools-for-stm32/14.3.1+st.2/bin/../lib/gcc/arm-none-eabi/14.3.1/../../../../arm-none-eabi/lib/thumb/v8-m.main+dp/hard/libc_nano.a(libc_a-lock.o)
__retarget_lock_init_recursive                    /home/min/snap/code/229/.local/share/stm32cube/bundles/gnu-tools-for-stm32/14.3.1+st.2/bin/../lib/gcc/arm-none-eabi/14.3.1/../../../../arm-none-eabi/lib/thumb/v8-m.main+dp/hard/libc_nano.a(libc_a-lock.o)
                                                  /home/min/snap/code/229/.local/share/stm32cube/bundles/gnu-tools-for-stm32/14.3.1+st.2/bin/../lib/gcc/arm-none-eabi/14.3.1/../../../../arm-none-eabi/lib/thumb/v8-m.main+dp/hard/libc_nano.a(libc_a-findfp.o)
__retarget_lock_release                           /home/min/snap/code/229/.local/share/stm32cube/bundles/gnu-tools-for-stm32/14.3.1+st.2/bin/../lib/gcc/arm-none-eabi/14.3.1/../../../../arm-none-eabi/lib/thumb/v8-m.main+dp/hard/libc_nano.a(libc_a-lock.o)
__retarget_lock_release_recursive                 /home/min/snap/code/229/.local/share/stm32cube/bundles/gnu-tools-for-stm32/14.3.1+st.2/bin/../lib/gcc/arm-none-eabi/14.3.1/../../../../arm-none-eabi/lib/thumb/v8-m.main+dp/hard/libc_nano.a(libc_a-lock.o)
                                                  /home/min/snap/code/229/.local/share/stm32cube/bundles/gnu-tools-for-stm32/14.3.1+st.2/bin/../lib/gcc/arm-none-eabi/14.3.1/../../../../arm-none-eabi/lib/thumb/v8-m.main+dp/hard/libc_nano.a(libc_a-fflush.o)
                                                  /home/min/snap/code/229/.local/share/stm32cube/bundles/gnu-tools-for-stm32/14.3.1+st.2/bin/../lib/gcc/arm-none-eabi/14.3.1/../../../../arm-none-eabi/lib/thumb/v8-m.main+dp/hard/libc_nano.a(libc_a-findfp.o)
                                                  /home/min/snap/code/229/.local/share/stm32cube/bundles/gnu-tools-for-stm32/14.3.1+st.2/bin/../lib/gcc/arm-none-eabi/14.3.1/../../../../arm-none-eabi/lib/thumb/v8-m.main+dp/hard/libc_nano.a(libc_a-mlock.o)
__retarget_lock_try_acquire                       /home/min/snap/code/229/.local/share/stm32cube/bundles/gnu-tools-for-stm32/14.3.1+st.2/bin/../lib/gcc/arm-none-eabi/14.3.1/../../../../arm-none-eabi/lib/thumb/v8-m.main+dp/hard/libc_nano.a(libc_a-lock.o)
__retarget_lock_try_acquire_recursive             /home/min/snap/code/229/.local/share/stm32cube/bundles/gnu-tools-for-stm32/14.3.1+st.2/bin/../lib/gcc/arm-none-eabi/14.3.1/../../../../arm-none-eabi/lib/thumb/v8-m.main+dp/hard/libc_nano.a(libc_a-lock.o)
__sclose                                          /home/min/snap/code/229/.local/share/stm32cube/bundles/gnu-tools-for-stm32/14.3.1+st.2/bin/../lib/gcc/arm-none-eabi/14.3.1/../../../../arm-none-eabi/lib/thumb/v8-m.main+dp/hard/libc_nano.a(libc_a-stdio.o)
                                                  /home/min/snap/code/229/.local/share/stm32cube/bundles/gnu-tools-for-stm32/14.3.1+st.2/bin/../lib/gcc/arm-none-eabi/14.3.1/../../../../arm-none-eabi/lib/thumb/v8-m.main+dp/hard/libc_nano.a(libc_a-findfp.o)
__seofread                                        /home/min/snap/code/229/.local/share/stm32cube/bundles/gnu-tools-for-stm32/14.3.1+st.2/bin/../lib/gcc/arm-none-eabi/14.3.1/../../../../arm-none-eabi/lib/thumb/v8-m.main+dp/hard/libc_nano.a(libc_a-stdio.o)
__sf                                              /home/min/snap/code/229/.local/share/stm32cube/bundles/gnu-tools-for-stm32/14.3.1+st.2/bin/../lib/gcc/arm-none-eabi/14.3.1/../../../../arm-none-eabi/lib/thumb/v8-m.main+dp/hard/libc_nano.a(libc_a-findfp.o)
                                                  /home/min/snap/code/229/.local/share/stm32cube/bundles/gnu-tools-for-stm32/14.3.1+st.2/bin/../lib/gcc/arm-none-eabi/14.3.1/../../../../arm-none-eabi/lib/thumb/v8-m.main+dp/hard/libc_nano.a(libc_a-impure.o)
__sflush_r                                        /home/min/snap/code/229/.local/share/stm32cube/bundles/gnu-tools-for-stm32/14.3.1+st.2/bin/../lib/gcc/arm-none-eabi/14.3.1/../../../../arm-none-eabi/lib/thumb/v8-m.main+dp/hard/libc_nano.a(libc_a-fflush.o)
__sfp                                             /home/min/snap/code/229/.local/share/stm32cube/bundles/gnu-tools-for-stm32/14.3.1+st.2/bin/../lib/gcc/arm-none-eabi/14.3.1/../../../../arm-none-eabi/lib/thumb/v8-m.main+dp/hard/libc_nano.a(libc_a-findfp.o)
__sfp_lock_acquire                                /home/min/snap/code/229/.local/share/stm32cube/bundles/gnu-tools-for-stm32/14.3.1+st.2/bin/../lib/gcc/arm-none-eabi/14.3.1/../../../../arm-none-eabi/lib/thumb/v8-m.main+dp/hard/libc_nano.a(libc_a-findfp.o)
__sfp_lock_release                                /home/min/snap/code/229/.local/share/stm32cube/bundles/gnu-tools-for-stm32/14.3.1+st.2/bin/../lib/gcc/arm-none-eabi/14.3.1/../../../../arm-none-eabi/lib/thumb/v8-m.main+dp/hard/libc_nano.a(libc_a-findfp.o)
__sglue                                           /home/min/snap/code/229/.local/share/stm32cube/bundles/gnu-tools-for-stm32/14.3.1+st.2/bin/../lib/gcc/arm-none-eabi/14.3.1/../../../../arm-none-eabi/lib/thumb/v8-m.main+dp/hard/libc_nano.a(libc_a-findfp.o)
                                                  /home/min/snap/code/229/.local/share/stm32cube/bundles/gnu-tools-for-stm32/14.3.1+st.2/bin/../lib/gcc/arm-none-eabi/14.3.1/../../../../arm-none-eabi/lib/thumb/v8-m.main+dp/hard/libc_nano.a(libc_a-fflush.o)
__sincosf_table                                   /home/min/snap/code/229/.local/share/stm32cube/bundles/gnu-tools-for-stm32/14.3.1+st.2/bin/../lib/gcc/arm-none-eabi/14.3.1/../../../../arm-none-eabi/lib/thumb/v8-m.main+dp/hard/libm.a(libm_a-sincosf_data.o)
                                                  /home/min/snap/code/229/.local/share/stm32cube/bundles/gnu-tools-for-stm32/14.3.1+st.2/bin/../lib/gcc/arm-none-eabi/14.3.1/../../../../arm-none-eabi/lib/thumb/v8-m.main+dp/hard/libm.a(libm_a-cosf.o)
                                                  /home/min/snap/code/229/.local/share/stm32cube/bundles/gnu-tools-for-stm32/14.3.1+st.2/bin/../lib/gcc/arm-none-eabi/14.3.1/../../../../arm-none-eabi/lib/thumb/v8-m.main+dp/hard/libm.a(libm_a-sinf.o)
__sinit                                           /home/min/snap/code/229/.local/share/stm32cube/bundles/gnu-tools-for-stm32/14.3.1+st.2/bin/../lib/gcc/arm-none-eabi/14.3.1/../../../../arm-none-eabi/lib/thumb/v8-m.main+dp/hard/libc_nano.a(libc_a-findfp.o)
                                                  /home/min/snap/code/229/.local/share/stm32cube/bundles/gnu-tools-for-stm32/14.3.1+st.2/bin/../lib/gcc/arm-none-eabi/14.3.1/../../../../arm-none-eabi/lib/thumb/v8-m.main+dp/hard/libc_nano.a(libc_a-fflush.o)
__sread                                           /home/min/snap/code/229/.local/share/stm32cube/bundles/gnu-tools-for-stm32/14.3.1+st.2/bin/../lib/gcc/arm-none-eabi/14.3.1/../../../../arm-none-eabi/lib/thumb/v8-m.main+dp/hard/libc_nano.a(libc_a-stdio.o)
                                                  /home/min/snap/code/229/.local/share/stm32cube/bundles/gnu-tools-for-stm32/14.3.1+st.2/bin/../lib/gcc/arm-none-eabi/14.3.1/../../../../arm-none-eabi/lib/thumb/v8-m.main+dp/hard/libc_nano.a(libc_a-findfp.o)
__sseek                                           /home/min/snap/code/229/.local/share/stm32cube/bundles/gnu-tools-for-stm32/14.3.1+st.2/bin/../lib/gcc/arm-none-eabi/14.3.1/../../../../arm-none-eabi/lib/thumb/v8-m.main+dp/hard/libc_nano.a(libc_a-stdio.o)
                                                  /home/min/snap/code/229/.local/share/stm32cube/bundles/gnu-tools-for-stm32/14.3.1+st.2/bin/../lib/gcc/arm-none-eabi/14.3.1/../../../../arm-none-eabi/lib/thumb/v8-m.main+dp/hard/libc_nano.a(libc_a-findfp.o)
__stack                                           /home/min/snap/code/229/.local/share/stm32cube/bundles/gnu-tools-for-stm32/14.3.1+st.2/bin/../lib/gcc/arm-none-eabi/14.3.1/../../../../arm-none-eabi/lib/thumb/v8-m.main+dp/hard/crt0.o
__stdio_exit_handler                              /home/min/snap/code/229/.local/share/stm32cube/bundles/gnu-tools-for-stm32/14.3.1+st.2/bin/../lib/gcc/arm-none-eabi/14.3.1/../../../../arm-none-eabi/lib/thumb/v8-m.main+dp/hard/libc_nano.a(libc_a-findfp.o)
                                                  /home/min/snap/code/229/.local/share/stm32cube/bundles/gnu-tools-for-stm32/14.3.1+st.2/bin/../lib/gcc/arm-none-eabi/14.3.1/../../../../arm-none-eabi/lib/thumb/v8-m.main+dp/hard/libc_nano.a(libc_a-exit.o)
__subdf3                                          /home/min/snap/code/229/.local/share/stm32cube/bundles/gnu-tools-for-stm32/14.3.1+st.2/bin/../lib/gcc/arm-none-eabi/14.3.1/thumb/v8-m.main+dp/hard/libgcc.a(_arm_addsubdf3.o)
__swrite                                          /home/min/snap/code/229/.local/share/stm32cube/bundles/gnu-tools-for-stm32/14.3.1+st.2/bin/../lib/gcc/arm-none-eabi/14.3.1/../../../../arm-none-eabi/lib/thumb/v8-m.main+dp/hard/libc_nano.a(libc_a-stdio.o)
                                                  /home/min/snap/code/229/.local/share/stm32cube/bundles/gnu-tools-for-stm32/14.3.1+st.2/bin/../lib/gcc/arm-none-eabi/14.3.1/../../../../arm-none-eabi/lib/thumb/v8-m.main+dp/hard/libc_nano.a(libc_a-findfp.o)
_close                                            syscalls.o
                                                  /home/min/snap/code/229/.local/share/stm32cube/bundles/gnu-tools-for-stm32/14.3.1+st.2/bin/../lib/gcc/arm-none-eabi/14.3.1/../../../../arm-none-eabi/lib/thumb/v8-m.main+dp/hard/libc_nano.a(libc_a-closer.o)
_close_r                                          /home/min/snap/code/229/.local/share/stm32cube/bundles/gnu-tools-for-stm32/14.3.1+st.2/bin/../lib/gcc/arm-none-eabi/14.3.1/../../../../arm-none-eabi/lib/thumb/v8-m.main+dp/hard/libc_nano.a(libc_a-closer.o)
                                                  /home/min/snap/code/229/.local/share/stm32cube/bundles/gnu-tools-for-stm32/14.3.1+st.2/bin/../lib/gcc/arm-none-eabi/14.3.1/../../../../arm-none-eabi/lib/thumb/v8-m.main+dp/hard/libc_nano.a(libc_a-stdio.o)
_ebss                                             startup_stm32xx.o
_edata                                            startup_stm32xx.o
_end                                              sysmem.o
_estack                                           startup_stm32xx.o
                                                  sysmem.o
_execve                                           syscalls.o
_exit                                             syscalls.o
                                                  /home/min/snap/code/229/.local/share/stm32cube/bundles/gnu-tools-for-stm32/14.3.1+st.2/bin/../lib/gcc/arm-none-eabi/14.3.1/../../../../arm-none-eabi/lib/thumb/v8-m.main+dp/hard/libc_nano.a(libc_a-exit.o)
_fflush_r                                         /home/min/snap/code/229/.local/share/stm32cube/bundles/gnu-tools-for-stm32/14.3.1+st.2/bin/../lib/gcc/arm-none-eabi/14.3.1/../../../../arm-none-eabi/lib/thumb/v8-m.main+dp/hard/libc_nano.a(libc_a-fflush.o)
                                                  /home/min/snap/code/229/.local/share/stm32cube/bundles/gnu-tools-for-stm32/14.3.1+st.2/bin/../lib/gcc/arm-none-eabi/14.3.1/../../../../arm-none-eabi/lib/thumb/v8-m.main+dp/hard/libc_nano.a(libc_a-findfp.o)
_fini                                             /home/min/snap/code/229/.local/share/stm32cube/bundles/gnu-tools-for-stm32/14.3.1+st.2/bin/../lib/gcc/arm-none-eabi/14.3.1/thumb/v8-m.main+dp/hard/crti.o
_fork                                             syscalls.o
_free_r                                           /home/min/snap/code/229/.local/share/stm32cube/bundles/gnu-tools-for-stm32/14.3.1+st.2/bin/../lib/gcc/arm-none-eabi/14.3.1/../../../../arm-none-eabi/lib/thumb/v8-m.main+dp/hard/libc_nano.a(libc_a-freer.o)
                                                  /home/min/snap/code/229/.local/share/stm32cube/bundles/gnu-tools-for-stm32/14.3.1+st.2/bin/../lib/gcc/arm-none-eabi/14.3.1/../../../../arm-none-eabi/lib/thumb/v8-m.main+dp/hard/libc_nano.a(libc_a-fflush.o)
                                                  /home/min/snap/code/229/.local/share/stm32cube/bundles/gnu-tools-for-stm32/14.3.1+st.2/bin/../lib/gcc/arm-none-eabi/14.3.1/../../../../arm-none-eabi/lib/thumb/v8-m.main+dp/hard/libc_nano.a(libc_a-reent.o)
                                                  /home/min/snap/code/229/.local/share/stm32cube/bundles/gnu-tools-for-stm32/14.3.1+st.2/bin/../lib/gcc/arm-none-eabi/14.3.1/../../../../arm-none-eabi/lib/thumb/v8-m.main+dp/hard/libc_nano.a(libc_a-reallocr.o)
                                                  /home/min/snap/code/229/.local/share/stm32cube/bundles/gnu-tools-for-stm32/14.3.1+st.2/bin/../lib/gcc/arm-none-eabi/14.3.1/../../../../arm-none-eabi/lib/thumb/v8-m.main+dp/hard/libc_nano.a(libc_a-malloc.o)
_fstat                                            syscalls.o
_fwalk_sglue                                      /home/min/snap/code/229/.local/share/stm32cube/bundles/gnu-tools-for-stm32/14.3.1+st.2/bin/../lib/gcc/arm-none-eabi/14.3.1/../../../../arm-none-eabi/lib/thumb/v8-m.main+dp/hard/libc_nano.a(libc_a-fwalk.o)
                                                  /home/min/snap/code/229/.local/share/stm32cube/bundles/gnu-tools-for-stm32/14.3.1+st.2/bin/../lib/gcc/arm-none-eabi/14.3.1/../../../../arm-none-eabi/lib/thumb/v8-m.main+dp/hard/libc_nano.a(libc_a-fflush.o)
                                                  /home/min/snap/code/229/.local/share/stm32cube/bundles/gnu-tools-for-stm32/14.3.1+st.2/bin/../lib/gcc/arm-none-eabi/14.3.1/../../../../arm-none-eabi/lib/thumb/v8-m.main+dp/hard/libc_nano.a(libc_a-findfp.o)
_getpid                                           syscalls.o
_impure_data                                      /home/min/snap/code/229/.local/share/stm32cube/bundles/gnu-tools-for-stm32/14.3.1+st.2/bin/../lib/gcc/arm-none-eabi/14.3.1/../../../../arm-none-eabi/lib/thumb/v8-m.main+dp/hard/libc_nano.a(libc_a-impure.o)
                                                  /home/min/snap/code/229/.local/share/stm32cube/bundles/gnu-tools-for-stm32/14.3.1+st.2/bin/../lib/gcc/arm-none-eabi/14.3.1/../../../../arm-none-eabi/lib/thumb/v8-m.main+dp/hard/libc_nano.a(libc_a-fflush.o)
                                                  /home/min/snap/code/229/.local/share/stm32cube/bundles/gnu-tools-for-stm32/14.3.1+st.2/bin/../lib/gcc/arm-none-eabi/14.3.1/../../../../arm-none-eabi/lib/thumb/v8-m.main+dp/hard/libc_nano.a(libc_a-findfp.o)
_impure_ptr                                       /home/min/snap/code/229/.local/share/stm32cube/bundles/gnu-tools-for-stm32/14.3.1+st.2/bin/../lib/gcc/arm-none-eabi/14.3.1/../../../../arm-none-eabi/lib/thumb/v8-m.main+dp/hard/libc_nano.a(libc_a-impure.o)
                                                  /home/min/snap/code/229/.local/share/stm32cube/bundles/gnu-tools-for-stm32/14.3.1+st.2/bin/../lib/gcc/arm-none-eabi/14.3.1/../../../../arm-none-eabi/lib/thumb/v8-m.main+dp/hard/libc_nano.a(libc_a-fflush.o)
                                                  /home/min/snap/code/229/.local/share/stm32cube/bundles/gnu-tools-for-stm32/14.3.1+st.2/bin/../lib/gcc/arm-none-eabi/14.3.1/../../../../arm-none-eabi/lib/thumb/v8-m.main+dp/hard/libc_nano.a(libc_a-errno.o)
                                                  /home/min/snap/code/229/.local/share/stm32cube/bundles/gnu-tools-for-stm32/14.3.1+st.2/bin/../lib/gcc/arm-none-eabi/14.3.1/../../../../arm-none-eabi/lib/thumb/v8-m.main+dp/hard/libc_nano.a(libc_a-reent.o)
                                                  /home/min/snap/code/229/.local/share/stm32cube/bundles/gnu-tools-for-stm32/14.3.1+st.2/bin/../lib/gcc/arm-none-eabi/14.3.1/../../../../arm-none-eabi/lib/thumb/v8-m.main+dp/hard/libc_nano.a(libc_a-realloc.o)
                                                  /home/min/snap/code/229/.local/share/stm32cube/bundles/gnu-tools-for-stm32/14.3.1+st.2/bin/../lib/gcc/arm-none-eabi/14.3.1/../../../../arm-none-eabi/lib/thumb/v8-m.main+dp/hard/libc_nano.a(libc_a-malloc.o)
_init                                             /home/min/snap/code/229/.local/share/stm32cube/bundles/gnu-tools-for-stm32/14.3.1+st.2/bin/../lib/gcc/arm-none-eabi/14.3.1/thumb/v8-m.main+dp/hard/crti.o
                                                  /home/min/snap/code/229/.local/share/stm32cube/bundles/gnu-tools-for-stm32/14.3.1+st.2/bin/../lib/gcc/arm-none-eabi/14.3.1/../../../../arm-none-eabi/lib/thumb/v8-m.main+dp/hard/libc_nano.a(libc_a-init.o)
_isatty                                           syscalls.o
_kill                                             syscalls.o
_link                                             syscalls.o
_lite_reduce_l1_if32of32                          /home/min/app/ST/STEdgeAI/3.0/Middlewares/ST/AI/Lib/GCC/ARMCortexM55/NetworkRuntime1100_CM55_GCC.a(lite_generic_float.o)
_lite_reduce_l2_if32of32                          /home/min/app/ST/STEdgeAI/3.0/Middlewares/ST/AI/Lib/GCC/ARMCortexM55/NetworkRuntime1100_CM55_GCC.a(lite_generic_float.o)
_lite_resize_init                                 /home/min/app/ST/STEdgeAI/3.0/Middlewares/ST/AI/Lib/GCC/ARMCortexM55/NetworkRuntime1100_CM55_GCC.a(forward_lite_resize.o)
_lite_topK_axis_0_if32of32                        /home/min/app/ST/STEdgeAI/3.0/Middlewares/ST/AI/Lib/GCC/ARMCortexM55/NetworkRuntime1100_CM55_GCC.a(lite_generic_float.o)
_lite_topK_axis_1_if32of32                        /home/min/app/ST/STEdgeAI/3.0/Middlewares/ST/AI/Lib/GCC/ARMCortexM55/NetworkRuntime1100_CM55_GCC.a(lite_generic_float.o)
_lite_topK_axis_2_if32of32                        /home/min/app/ST/STEdgeAI/3.0/Middlewares/ST/AI/Lib/GCC/ARMCortexM55/NetworkRuntime1100_CM55_GCC.a(lite_generic_float.o)
_lseek                                            syscalls.o
                                                  /home/min/snap/code/229/.local/share/stm32cube/bundles/gnu-tools-for-stm32/14.3.1+st.2/bin/../lib/gcc/arm-none-eabi/14.3.1/../../../../arm-none-eabi/lib/thumb/v8-m.main+dp/hard/libc_nano.a(libc_a-lseekr.o)
_lseek_r                                          /home/min/snap/code/229/.local/share/stm32cube/bundles/gnu-tools-for-stm32/14.3.1+st.2/bin/../lib/gcc/arm-none-eabi/14.3.1/../../../../arm-none-eabi/lib/thumb/v8-m.main+dp/hard/libc_nano.a(libc_a-lseekr.o)
                                                  /home/min/snap/code/229/.local/share/stm32cube/bundles/gnu-tools-for-stm32/14.3.1+st.2/bin/../lib/gcc/arm-none-eabi/14.3.1/../../../../arm-none-eabi/lib/thumb/v8-m.main+dp/hard/libc_nano.a(libc_a-stdio.o)
_mainCRTStartup                                   /home/min/snap/code/229/.local/share/stm32cube/bundles/gnu-tools-for-stm32/14.3.1+st.2/bin/../lib/gcc/arm-none-eabi/14.3.1/../../../../arm-none-eabi/lib/thumb/v8-m.main+dp/hard/crt0.o
_malloc_r                                         /home/min/snap/code/229/.local/share/stm32cube/bundles/gnu-tools-for-stm32/14.3.1+st.2/bin/../lib/gcc/arm-none-eabi/14.3.1/../../../../arm-none-eabi/lib/thumb/v8-m.main+dp/hard/libc_nano.a(libc_a-mallocr.o)
                                                  /home/min/snap/code/229/.local/share/stm32cube/bundles/gnu-tools-for-stm32/14.3.1+st.2/bin/../lib/gcc/arm-none-eabi/14.3.1/../../../../arm-none-eabi/lib/thumb/v8-m.main+dp/hard/libc_nano.a(libc_a-findfp.o)
                                                  /home/min/snap/code/229/.local/share/stm32cube/bundles/gnu-tools-for-stm32/14.3.1+st.2/bin/../lib/gcc/arm-none-eabi/14.3.1/../../../../arm-none-eabi/lib/thumb/v8-m.main+dp/hard/libc_nano.a(libc_a-reallocr.o)
                                                  /home/min/snap/code/229/.local/share/stm32cube/bundles/gnu-tools-for-stm32/14.3.1+st.2/bin/../lib/gcc/arm-none-eabi/14.3.1/../../../../arm-none-eabi/lib/thumb/v8-m.main+dp/hard/libc_nano.a(libc_a-malloc.o)
_malloc_usable_size_r                             /home/min/snap/code/229/.local/share/stm32cube/bundles/gnu-tools-for-stm32/14.3.1+st.2/bin/../lib/gcc/arm-none-eabi/14.3.1/../../../../arm-none-eabi/lib/thumb/v8-m.main+dp/hard/libc_nano.a(libc_a-msizer.o)
                                                  /home/min/snap/code/229/.local/share/stm32cube/bundles/gnu-tools-for-stm32/14.3.1+st.2/bin/../lib/gcc/arm-none-eabi/14.3.1/../../../../arm-none-eabi/lib/thumb/v8-m.main+dp/hard/libc_nano.a(libc_a-reallocr.o)
_open                                             syscalls.o
_read                                             syscalls.o
                                                  /home/min/snap/code/229/.local/share/stm32cube/bundles/gnu-tools-for-stm32/14.3.1+st.2/bin/../lib/gcc/arm-none-eabi/14.3.1/../../../../arm-none-eabi/lib/thumb/v8-m.main+dp/hard/libc_nano.a(libc_a-readr.o)
_read_r                                           /home/min/snap/code/229/.local/share/stm32cube/bundles/gnu-tools-for-stm32/14.3.1+st.2/bin/../lib/gcc/arm-none-eabi/14.3.1/../../../../arm-none-eabi/lib/thumb/v8-m.main+dp/hard/libc_nano.a(libc_a-readr.o)
                                                  /home/min/snap/code/229/.local/share/stm32cube/bundles/gnu-tools-for-stm32/14.3.1+st.2/bin/../lib/gcc/arm-none-eabi/14.3.1/../../../../arm-none-eabi/lib/thumb/v8-m.main+dp/hard/libc_nano.a(libc_a-stdio.o)
_realloc_r                                        /home/min/snap/code/229/.local/share/stm32cube/bundles/gnu-tools-for-stm32/14.3.1+st.2/bin/../lib/gcc/arm-none-eabi/14.3.1/../../../../arm-none-eabi/lib/thumb/v8-m.main+dp/hard/libc_nano.a(libc_a-reallocr.o)
                                                  /home/min/snap/code/229/.local/share/stm32cube/bundles/gnu-tools-for-stm32/14.3.1+st.2/bin/../lib/gcc/arm-none-eabi/14.3.1/../../../../arm-none-eabi/lib/thumb/v8-m.main+dp/hard/libc_nano.a(libc_a-realloc.o)
_reclaim_reent                                    /home/min/snap/code/229/.local/share/stm32cube/bundles/gnu-tools-for-stm32/14.3.1+st.2/bin/../lib/gcc/arm-none-eabi/14.3.1/../../../../arm-none-eabi/lib/thumb/v8-m.main+dp/hard/libc_nano.a(libc_a-reent.o)
_sbrk                                             sysmem.o
                                                  /home/min/snap/code/229/.local/share/stm32cube/bundles/gnu-tools-for-stm32/14.3.1+st.2/bin/../lib/gcc/arm-none-eabi/14.3.1/../../../../arm-none-eabi/lib/thumb/v8-m.main+dp/hard/libc_nano.a(libc_a-sbrkr.o)
_sbrk_r                                           /home/min/snap/code/229/.local/share/stm32cube/bundles/gnu-tools-for-stm32/14.3.1+st.2/bin/../lib/gcc/arm-none-eabi/14.3.1/../../../../arm-none-eabi/lib/thumb/v8-m.main+dp/hard/libc_nano.a(libc_a-sbrkr.o)
                                                  /home/min/snap/code/229/.local/share/stm32cube/bundles/gnu-tools-for-stm32/14.3.1+st.2/bin/../lib/gcc/arm-none-eabi/14.3.1/../../../../arm-none-eabi/lib/thumb/v8-m.main+dp/hard/libc_nano.a(libc_a-mallocr.o)
_sbss                                             startup_stm32xx.o
_sdata                                            startup_stm32xx.o
_sidata                                           startup_stm32xx.o
_stack_init                                       /home/min/snap/code/229/.local/share/stm32cube/bundles/gnu-tools-for-stm32/14.3.1+st.2/bin/../lib/gcc/arm-none-eabi/14.3.1/../../../../arm-none-eabi/lib/thumb/v8-m.main+dp/hard/crt0.o
_start                                            /home/min/snap/code/229/.local/share/stm32cube/bundles/gnu-tools-for-stm32/14.3.1+st.2/bin/../lib/gcc/arm-none-eabi/14.3.1/../../../../arm-none-eabi/lib/thumb/v8-m.main+dp/hard/crt0.o
_stat                                             syscalls.o
_times                                            syscalls.o
_unlink                                           syscalls.o
_wait                                             syscalls.o
_write                                            syscalls.o
                                                  /home/min/snap/code/229/.local/share/stm32cube/bundles/gnu-tools-for-stm32/14.3.1+st.2/bin/../lib/gcc/arm-none-eabi/14.3.1/../../../../arm-none-eabi/lib/thumb/v8-m.main+dp/hard/libc_nano.a(libc_a-writer.o)
_write_r                                          /home/min/snap/code/229/.local/share/stm32cube/bundles/gnu-tools-for-stm32/14.3.1+st.2/bin/../lib/gcc/arm-none-eabi/14.3.1/../../../../arm-none-eabi/lib/thumb/v8-m.main+dp/hard/libc_nano.a(libc_a-writer.o)
                                                  /home/min/snap/code/229/.local/share/stm32cube/bundles/gnu-tools-for-stm32/14.3.1+st.2/bin/../lib/gcc/arm-none-eabi/14.3.1/../../../../arm-none-eabi/lib/thumb/v8-m.main+dp/hard/libc_nano.a(libc_a-stdio.o)
acosf                                             /home/min/snap/code/229/.local/share/stm32cube/bundles/gnu-tools-for-stm32/14.3.1+st.2/bin/../lib/gcc/arm-none-eabi/14.3.1/../../../../arm-none-eabi/lib/thumb/v8-m.main+dp/hard/libm.a(libm_a-wf_acos.o)
                                                  /home/min/app/ST/STEdgeAI/3.0/Middlewares/ST/AI/Lib/GCC/ARMCortexM55/NetworkRuntime1100_CM55_GCC.a(lite_nl_generic_float.o)
acoshf                                            /home/min/snap/code/229/.local/share/stm32cube/bundles/gnu-tools-for-stm32/14.3.1+st.2/bin/../lib/gcc/arm-none-eabi/14.3.1/../../../../arm-none-eabi/lib/thumb/v8-m.main+dp/hard/libm.a(libm_a-wf_acosh.o)
                                                  /home/min/app/ST/STEdgeAI/3.0/Middlewares/ST/AI/Lib/GCC/ARMCortexM55/NetworkRuntime1100_CM55_GCC.a(lite_nl_generic_float.o)
aiInit                                            stedgeai_app_main.o
aiRun                                             stedgeai_app_main.o
ai_and                                            /home/min/app/ST/STEdgeAI/3.0/Middlewares/ST/AI/Lib/GCC/ARMCortexM55/NetworkRuntime1100_CM55_GCC.a(ai_math_helpers.o)
ai_and_buffer                                     /home/min/app/ST/STEdgeAI/3.0/Middlewares/ST/AI/Lib/GCC/ARMCortexM55/NetworkRuntime1100_CM55_GCC.a(ai_math_helpers.o)
ai_array_fmt_exported                             /home/min/app/ST/STEdgeAI/3.0/Middlewares/ST/AI/Lib/GCC/ARMCortexM55/NetworkRuntime1100_CM55_GCC.a(ai_datatypes_format.o)