../../Model/STM32N6570-DK/TCN/tcn_network.c:4167:13:LL_ATON_End_EpochBlock_52	152	static
../../Model/STM32N6570-DK/TCN/tcn_network.c:4117:13:LL_ATON_End_EpochBlock_51	184	static
../../Model/STM32N6570-DK/TCN/tcn_network.c:4005:13:LL_ATON_End_EpochBlock_49	184	static
../../Model/STM32N6570-DK/TCN/tcn_network.c:3614:13:LL_ATON_End_EpochBlock_44	184	static
../../Model/STM32N6570-DK/TCN/tcn_network.c:3073:13:LL_ATON_End_EpochBlock_38	184	static
../../Model/STM32N6570-DK/TCN/tcn_network.c:2961:13:LL_ATON_End_EpochBlock_36	184	static
../../Model/STM32N6570-DK/TCN/tcn_network.c:2570:13:LL_ATON_End_EpochBlock_31	184	static
../../Model/STM32N6570-DK/TCN/tcn_network.c:1917:13:LL_ATON_End_EpochBlock_23	184	static
../../Model/STM32N6570-DK/TCN/tcn_network.c:1526:13:LL_ATON_End_EpochBlock_18	184	static
../../Model/STM32N6570-DK/TCN/tcn_network.c:1135:13:LL_ATON_End_EpochBlock_13	184	static
../../Model/STM32N6570-DK/TCN/tcn_network.c:1023:13:LL_ATON_End_EpochBlock_11	184	static
../../Model/STM32N6570-DK/TCN/tcn_network.c:632:13:LL_ATON_End_EpochBlock_6	184	static
../../Model/STM32N6570-DK/TCN/tcn_network.c:2029:13:LL_ATON_End_EpochBlock_25	0	static
../../Model/STM32N6570-DK/TCN/tcn_network.c:4055:13:LL_ATON_End_EpochBlock_50	256	static
../../Model/STM32N6570-DK/TCN/tcn_network.c:3011:13:LL_ATON_End_EpochBlock_37	256	static
../../Model/STM32N6570-DK/TCN/tcn_network.c:1967:13:LL_ATON_End_EpochBlock_24	256	static
../../Model/STM32N6570-DK/TCN/tcn_network.c:1073:13:LL_ATON_End_EpochBlock_12	256	static
../../Model/STM32N6570-DK/TCN/tcn_network.c:3979:13:LL_ATON_End_EpochBlock_48	8	static
../../Model/STM32N6570-DK/TCN/tcn_network.c:3770:13:LL_ATON_End_EpochBlock_46	8	static
../../Model/STM32N6570-DK/TCN/tcn_network.c:3585:13:LL_ATON_End_EpochBlock_43	8	static
../../Model/STM32N6570-DK/TCN/tcn_network.c:3229:13:LL_ATON_End_EpochBlock_40	8	static
../../Model/STM32N6570-DK/TCN/tcn_network.c:2935:13:LL_ATON_End_EpochBlock_35	8	static
../../Model/STM32N6570-DK/TCN/tcn_network.c:2726:13:LL_ATON_End_EpochBlock_33	8	static
../../Model/STM32N6570-DK/TCN/tcn_network.c:2541:13:LL_ATON_End_EpochBlock_30	8	static
../../Model/STM32N6570-DK/TCN/tcn_network.c:2185:13:LL_ATON_End_EpochBlock_27	8	static
../../Model/STM32N6570-DK/TCN/tcn_network.c:1891:13:LL_ATON_End_EpochBlock_22	8	static
../../Model/STM32N6570-DK/TCN/tcn_network.c:1682:13:LL_ATON_End_EpochBlock_20	8	static
../../Model/STM32N6570-DK/TCN/tcn_network.c:1500:13:LL_ATON_End_EpochBlock_17	8	static
../../Model/STM32N6570-DK/TCN/tcn_network.c:1291:13:LL_ATON_End_EpochBlock_15	8	static
../../Model/STM32N6570-DK/TCN/tcn_network.c:997:13:LL_ATON_End_EpochBlock_10	8	static
../../Model/STM32N6570-DK/TCN/tcn_network.c:788:13:LL_ATON_End_EpochBlock_8	8	static
../../Model/STM32N6570-DK/TCN/tcn_network.c:603:13:LL_ATON_End_EpochBlock_5	8	static
../../Model/STM32N6570-DK/TCN/tcn_network.c:247:13:LL_ATON_End_EpochBlock_2	8	static
../../Model/STM32N6570-DK/TCN/tcn_network.c:3876:13:LL_ATON_Start_EpochBlock_48	8	static
../../Model/STM32N6570-DK/TCN/tcn_network.c:3667:13:LL_ATON_Start_EpochBlock_46	8	static
../../Model/STM32N6570-DK/TCN/tcn_network.c:3415:13:LL_ATON_Start_EpochBlock_43	8	static
../../Model/STM32N6570-DK/TCN/tcn_network.c:3126:13:LL_ATON_Start_EpochBlock_40	8	static
../../Model/STM32N6570-DK/TCN/tcn_network.c:2832:13:LL_ATON_Start_EpochBlock_35	8	static
../../Model/STM32N6570-DK/TCN/tcn_network.c:2623:13:LL_ATON_Start_EpochBlock_33	8	static
../../Model/STM32N6570-DK/TCN/tcn_network.c:2371:13:LL_ATON_Start_EpochBlock_30	8	static
../../Model/STM32N6570-DK/TCN/tcn_network.c:2082:13:LL_ATON_Start_EpochBlock_27	8	static
../../Model/STM32N6570-DK/TCN/tcn_network.c:1788:13:LL_ATON_Start_EpochBlock_22	8	static
../../Model/STM32N6570-DK/TCN/tcn_network.c:1579:13:LL_ATON_Start_EpochBlock_20	8	static
../../Model/STM32N6570-DK/TCN/tcn_network.c:1397:13:LL_ATON_Start_EpochBlock_17	8	static
../../Model/STM32N6570-DK/TCN/tcn_network.c:1188:13:LL_ATON_Start_EpochBlock_15	8	static
../../Model/STM32N6570-DK/TCN/tcn_network.c:894:13:LL_ATON_Start_EpochBlock_10	8	static
../../Model/STM32N6570-DK/TCN/tcn_network.c:685:13:LL_ATON_Start_EpochBlock_8	8	static
../../Model/STM32N6570-DK/TCN/tcn_network.c:433:13:LL_ATON_Start_EpochBlock_5	8	static
../../Model/STM32N6570-DK/TCN/tcn_network.c:144:13:LL_ATON_Start_EpochBlock_2	8	static
../../Model/STM32N6570-DK/TCN/tcn_network.c:3796:13:LL_ATON_End_EpochBlock_47	336	static
../../Model/STM32N6570-DK/TCN/tcn_network.c:3334:13:LL_ATON_End_EpochBlock_42	328	static
../../Model/STM32N6570-DK/TCN/tcn_network.c:3255:13:LL_ATON_End_EpochBlock_41	336	static
../../Model/STM32N6570-DK/TCN/tcn_network.c:2752:13:LL_ATON_End_EpochBlock_34	336	static
../../Model/STM32N6570-DK/TCN/tcn_network.c:2290:13:LL_ATON_End_EpochBlock_29	328	static
../../Model/STM32N6570-DK/TCN/tcn_network.c:2211:13:LL_ATON_End_EpochBlock_28	336	static
../../Model/STM32N6570-DK/TCN/tcn_network.c:1708:13:LL_ATON_End_EpochBlock_21	336	static
../../Model/STM32N6570-DK/TCN/tcn_network.c:1317:13:LL_ATON_End_EpochBlock_16	336	static
../../Model/STM32N6570-DK/TCN/tcn_network.c:814:13:LL_ATON_End_EpochBlock_9	336	static
../../Model/STM32N6570-DK/TCN/tcn_network.c:352:13:LL_ATON_End_EpochBlock_4	328	static
../../Model/STM32N6570-DK/TCN/tcn_network.c:273:13:LL_ATON_End_EpochBlock_3	336	static
../../Model/STM32N6570-DK/TCN/tcn_network.c:79:36:LL_ATON_WeightEncryption_Info_tcn_network	0	static
../../Model/STM32N6570-DK/TCN/tcn_network.c:88:36:LL_ATON_BlobEncryption_Info_tcn_network	0	static
../../Model/STM32N6570-DK/TCN/tcn_network.c:97:26:LL_ATON_Set_User_Input_Buffer_tcn_network	0	static
../../Model/STM32N6570-DK/TCN/tcn_network.c:104:7:LL_ATON_Get_User_Input_Buffer_tcn_network	0	static
../../Model/STM32N6570-DK/TCN/tcn_network.c:111:26:LL_ATON_Set_User_Output_Buffer_tcn_network	0	static
../../Model/STM32N6570-DK/TCN/tcn_network.c:118:7:LL_ATON_Get_User_Output_Buffer_tcn_network	0	static
../../Model/STM32N6570-DK/TCN/tcn_network.c:126:6:LL_ATON_EC_Network_Init_tcn_network	0	static
../../Model/STM32N6570-DK/TCN/tcn_network.c:131:6:LL_ATON_EC_Inference_Init_tcn_network	0	static
../../Model/STM32N6570-DK/TCN/tcn_network.c:4238:31:LL_ATON_EpochBlockItems_tcn_network	0	static
../../Model/STM32N6570-DK/TCN/tcn_network.c:4866:30:LL_ATON_Input_Buffers_Info_tcn_network	0	static
../../Model/STM32N6570-DK/TCN/tcn_network.c:5418:30:LL_ATON_Output_Buffers_Info_tcn_network	0	static
../../Model/STM32N6570-DK/TCN/tcn_network.c:5452:30:LL_ATON_Internal_Buffers_Info_tcn_network	0	static
